00:00 +0: loading D:/Code/HuaMei/App_noi/flutter/20_17th9_v2/speaking-ai-flutter/test/features/listening/lesson_guided_flow_test.dart
00:00 +0: D:/Code/HuaMei/App_noi/flutter/20_17th9_v2/speaking-ai-flutter/test/features/listening/lesson_guided_flow_test.dart: route loss clears capture and its release cannot stop a stale mic
00:00 +1: D:/Code/HuaMei/App_noi/flutter/20_17th9_v2/speaking-ai-flutter/test/features/listening/lesson_guided_flow_test.dart: route loss clears capture and its release cannot stop a stale mic
00:00 +2: D:/Code/HuaMei/App_noi/flutter/20_17th9_v2/speaking-ai-flutter/test/features/listening/lesson_guided_flow_test.dart: route loss clears capture and its release cannot stop a stale mic
00:00 +3: D:/Code/HuaMei/App_noi/flutter/20_17th9_v2/speaking-ai-flutter/test/features/listening/lesson_guided_flow_test.dart: route loss clears capture and its release cannot stop a stale mic
00:00 +4: D:/Code/HuaMei/App_noi/flutter/20_17th9_v2/speaking-ai-flutter/test/features/listening/lesson_guided_flow_test.dart: route loss clears capture and its release cannot stop a stale mic
00:00 +5: D:/Code/HuaMei/App_noi/flutter/20_17th9_v2/speaking-ai-flutter/test/features/listening/lesson_guided_flow_test.dart: route loss clears capture and its release cannot stop a stale mic
00:00 +6: D:/Code/HuaMei/App_noi/flutter/20_17th9_v2/speaking-ai-flutter/test/features/listening/lesson_guided_flow_test.dart: route loss clears capture and its release cannot stop a stale mic
00:00 +7: D:/Code/HuaMei/App_noi/flutter/20_17th9_v2/speaking-ai-flutter/test/features/listening/lesson_guided_flow_test.dart: route loss clears capture and its release cannot stop a stale mic
00:00 +8: D:/Code/HuaMei/App_noi/flutter/20_17th9_v2/speaking-ai-flutter/test/features/listening/lesson_guided_flow_test.dart: route loss clears capture and its release cannot stop a stale mic
00:00 +9: D:/Code/HuaMei/App_noi/flutter/20_17th9_v2/speaking-ai-flutter/test/features/listening/lesson_guided_flow_test.dart: route loss clears capture and its release cannot stop a stale mic
00:00 +10: D:/Code/HuaMei/App_noi/flutter/20_17th9_v2/speaking-ai-flutter/test/features/listening/lesson_guided_flow_test.dart: route loss clears capture and its release cannot stop a stale mic
00:00 +11: D:/Code/HuaMei/App_noi/flutter/20_17th9_v2/speaking-ai-flutter/test/features/listening/lesson_guided_flow_test.dart: route loss clears capture and its release cannot stop a stale mic
00:00 +12: D:/Code/HuaMei/App_noi/flutter/20_17th9_v2/speaking-ai-flutter/test/features/listening/lesson_guided_flow_test.dart: route loss clears capture and its release cannot stop a stale mic
00:00 +13: D:/Code/HuaMei/App_noi/flutter/20_17th9_v2/speaking-ai-flutter/test/features/listening/lesson_guided_flow_test.dart: route loss clears capture and its release cannot stop a stale mic
00:00 +14: D:/Code/HuaMei/App_noi/flutter/20_17th9_v2/speaking-ai-flutter/test/features/listening/lesson_guided_flow_test.dart: route loss clears capture and its release cannot stop a stale mic
00:01 +15: D:/Code/HuaMei/App_noi/flutter/20_17th9_v2/speaking-ai-flutter/test/features/listening/lesson_guided_flow_test.dart: route loss clears capture and its release cannot stop a stale mic
00:01 +16: D:/Code/HuaMei/App_noi/flutter/20_17th9_v2/speaking-ai-flutter/test/features/listening/lesson_guided_flow_test.dart: route loss clears capture and its release cannot stop a stale mic
00:01 +17: D:/Code/HuaMei/App_noi/flutter/20_17th9_v2/speaking-ai-flutter/test/features/listening/lesson_guided_flow_test.dart: route loss clears capture and its release cannot stop a stale mic
00:01 +18: D:/Code/HuaMei/App_noi/flutter/20_17th9_v2/speaking-ai-flutter/test/features/listening/lesson_guided_flow_test.dart: route loss clears capture and its release cannot stop a stale mic
00:01 +19: D:/Code/HuaMei/App_noi/flutter/20_17th9_v2/speaking-ai-flutter/test/features/listening/lesson_guided_flow_test.dart: route loss clears capture and its release cannot stop a stale mic
00:01 +20: D:/Code/HuaMei/App_noi/flutter/20_17th9_v2/speaking-ai-flutter/test/features/listening/lesson_guided_flow_test.dart: route loss clears capture and its release cannot stop a stale mic
00:01 +21: D:/Code/HuaMei/App_noi/flutter/20_17th9_v2/speaking-ai-flutter/test/features/listening/lesson_guided_flow_test.dart: route loss clears capture and its release cannot stop a stale mic
00:01 +22: D:/Code/HuaMei/App_noi/flutter/20_17th9_v2/speaking-ai-flutter/test/features/listening/lesson_guided_flow_test.dart: route loss clears capture and its release cannot stop a stale mic
00:01 +23: D:/Code/HuaMei/App_noi/flutter/20_17th9_v2/speaking-ai-flutter/test/features/listening/lesson_guided_flow_test.dart: route loss clears capture and its release cannot stop a stale mic
00:01 +24: D:/Code/HuaMei/App_noi/flutter/20_17th9_v2/speaking-ai-flutter/test/features/listening/lesson_guided_flow_test.dart: route loss clears capture and its release cannot stop a stale mic
00:01 +25: D:/Code/HuaMei/App_noi/flutter/20_17th9_v2/speaking-ai-flutter/test/features/listening/lesson_guided_flow_test.dart: route loss clears capture and its release cannot stop a stale mic
00:01 +26: D:/Code/HuaMei/App_noi/flutter/20_17th9_v2/speaking-ai-flutter/test/features/listening/lesson_guided_flow_test.dart: route loss clears capture and its release cannot stop a stale mic
00:01 +27: D:/Code/HuaMei/App_noi/flutter/20_17th9_v2/speaking-ai-flutter/test/features/listening/lesson_guided_flow_test.dart: route loss clears capture and its release cannot stop a stale mic
00:01 +28: D:/Code/HuaMei/App_noi/flutter/20_17th9_v2/speaking-ai-flutter/test/features/listening/lesson_guided_flow_test.dart: route loss clears capture and its release cannot stop a stale mic
00:01 +29: D:/Code/HuaMei/App_noi/flutter/20_17th9_v2/speaking-ai-flutter/test/features/listening/lesson_guided_flow_test.dart: route loss clears capture and its release cannot stop a stale mic
00:01 +30: D:/Code/HuaMei/App_noi/flutter/20_17th9_v2/speaking-ai-flutter/test/features/listening/lesson_guided_flow_test.dart: route loss clears capture and its release cannot stop a stale mic
00:01 +31: D:/Code/HuaMei/App_noi/flutter/20_17th9_v2/speaking-ai-flutter/test/features/listening/lesson_guided_flow_test.dart: route loss clears capture and its release cannot stop a stale mic
00:01 +32: D:/Code/HuaMei/App_noi/flutter/20_17th9_v2/speaking-ai-flutter/test/features/listening/lesson_guided_flow_test.dart: route loss clears capture and its release cannot stop a stale mic
00:01 +33: D:/Code/HuaMei/App_noi/flutter/20_17th9_v2/speaking-ai-flutter/test/features/listening/lesson_guided_flow_test.dart: route loss clears capture and its release cannot stop a stale mic
00:01 +34: D:/Code/HuaMei/App_noi/flutter/20_17th9_v2/speaking-ai-flutter/test/features/listening/lesson_guided_flow_test.dart: route loss clears capture and its release cannot stop a stale mic
00:01 +35: D:/Code/HuaMei/App_noi/flutter/20_17th9_v2/speaking-ai-flutter/test/features/listening/lesson_guided_flow_test.dart: route loss clears capture and its release cannot stop a stale mic
00:01 +36: D:/Code/HuaMei/App_noi/flutter/20_17th9_v2/speaking-ai-flutter/test/features/listening/lesson_guided_flow_test.dart: route loss clears capture and its release cannot stop a stale mic
00:01 +37: D:/Code/HuaMei/App_noi/flutter/20_17th9_v2/speaking-ai-flutter/test/features/listening/lesson_guided_flow_test.dart: route loss clears capture and its release cannot stop a stale mic
00:01 +38: D:/Code/HuaMei/App_noi/flutter/20_17th9_v2/speaking-ai-flutter/test/features/listening/lesson_guided_flow_test.dart: route loss clears capture and its release cannot stop a stale mic
00:01 +39: D:/Code/HuaMei/App_noi/flutter/20_17th9_v2/speaking-ai-flutter/test/features/listening/lesson_guided_flow_test.dart: route loss clears capture and its release cannot stop a stale mic
00:01 +40: D:/Code/HuaMei/App_noi/flutter/20_17th9_v2/speaking-ai-flutter/test/features/listening/lesson_guided_flow_test.dart: route loss clears capture and its release cannot stop a stale mic
00:01 +41: D:/Code/HuaMei/App_noi/flutter/20_17th9_v2/speaking-ai-flutter/test/features/listening/lesson_guided_flow_test.dart: route loss clears capture and its release cannot stop a stale mic
00:01 +42: D:/Code/HuaMei/App_noi/flutter/20_17th9_v2/speaking-ai-flutter/test/features/listening/lesson_guided_flow_test.dart: route loss clears capture and its release cannot stop a stale mic
00:01 +43: D:/Code/HuaMei/App_noi/flutter/20_17th9_v2/speaking-ai-flutter/test/features/listening/lesson_guided_flow_test.dart: route loss clears capture and its release cannot stop a stale mic
00:01 +44: D:/Code/HuaMei/App_noi/flutter/20_17th9_v2/speaking-ai-flutter/test/features/listening/lesson_guided_flow_test.dart: route loss clears capture and its release cannot stop a stale mic
00:01 +45: D:/Code/HuaMei/App_noi/flutter/20_17th9_v2/speaking-ai-flutter/test/features/listening/lesson_guided_flow_test.dart: route loss clears capture and its release cannot stop a stale mic
00:01 +46: D:/Code/HuaMei/App_noi/flutter/20_17th9_v2/speaking-ai-flutter/test/features/listening/lesson_guided_flow_test.dart: route loss clears capture and its release cannot stop a stale mic
00:01 +47: D:/Code/HuaMei/App_noi/flutter/20_17th9_v2/speaking-ai-flutter/test/features/listening/lesson_guided_flow_test.dart: route loss clears capture and its release cannot stop a stale mic
00:01 +48: D:/Code/HuaMei/App_noi/flutter/20_17th9_v2/speaking-ai-flutter/test/features/listening/lesson_guided_flow_test.dart: route loss clears capture and its release cannot stop a stale mic
00:01 +49: D:/Code/HuaMei/App_noi/flutter/20_17th9_v2/speaking-ai-flutter/test/features/listening/lesson_guided_flow_test.dart: route loss clears capture and its release cannot stop a stale mic
00:01 +50: D:/Code/HuaMei/App_noi/flutter/20_17th9_v2/speaking-ai-flutter/test/features/listening/lesson_guided_flow_test.dart: route loss clears capture and its release cannot stop a stale mic
00:01 +51: D:/Code/HuaMei/App_noi/flutter/20_17th9_v2/speaking-ai-flutter/test/features/listening/lesson_guided_flow_test.dart: route loss clears capture and its release cannot stop a stale mic
00:01 +52: D:/Code/HuaMei/App_noi/flutter/20_17th9_v2/speaking-ai-flutter/test/features/listening/lesson_guided_flow_test.dart: route loss clears capture and its release cannot stop a stale mic
00:01 +53: D:/Code/HuaMei/App_noi/flutter/20_17th9_v2/speaking-ai-flutter/test/features/listening/lesson_guided_flow_test.dart: route loss clears capture and its release cannot stop a stale mic
00:01 +54: D:/Code/HuaMei/App_noi/flutter/20_17th9_v2/speaking-ai-flutter/test/features/listening/lesson_guided_flow_test.dart: route loss clears capture and its release cannot stop a stale mic
00:01 +55: D:/Code/HuaMei/App_noi/flutter/20_17th9_v2/speaking-ai-flutter/test/features/listening/lesson_guided_flow_test.dart: route loss clears capture and its release cannot stop a stale mic
00:01 +56: D:/Code/HuaMei/App_noi/flutter/20_17th9_v2/speaking-ai-flutter/test/features/listening/lesson_guided_flow_test.dart: route loss clears capture and its release cannot stop a stale mic
00:01 +57: D:/Code/HuaMei/App_noi/flutter/20_17th9_v2/speaking-ai-flutter/test/features/listening/lesson_guided_flow_test.dart: route loss clears capture and its release cannot stop a stale mic
00:01 +58: D:/Code/HuaMei/App_noi/flutter/20_17th9_v2/speaking-ai-flutter/test/features/listening/lesson_guided_flow_test.dart: route loss clears capture and its release cannot stop a stale mic
00:01 +59: D:/Code/HuaMei/App_noi/flutter/20_17th9_v2/speaking-ai-flutter/test/features/listening/lesson_guided_flow_test.dart: route loss clears capture and its release cannot stop a stale mic
00:01 +60: D:/Code/HuaMei/App_noi/flutter/20_17th9_v2/speaking-ai-flutter/test/features/listening/lesson_guided_flow_test.dart: route loss clears capture and its release cannot stop a stale mic
00:01 +61: D:/Code/HuaMei/App_noi/flutter/20_17th9_v2/speaking-ai-flutter/test/features/listening/lesson_guided_flow_test.dart: route loss clears capture and its release cannot stop a stale mic
00:01 +62: D:/Code/HuaMei/App_noi/flutter/20_17th9_v2/speaking-ai-flutter/test/features/listening/lesson_guided_flow_test.dart: route loss clears capture and its release cannot stop a stale mic
00:01 +63: D:/Code/HuaMei/App_noi/flutter/20_17th9_v2/speaking-ai-flutter/test/features/listening/lesson_guided_flow_test.dart: route loss clears capture and its release cannot stop a stale mic
00:01 +64: D:/Code/HuaMei/App_noi/flutter/20_17th9_v2/speaking-ai-flutter/test/features/listening/lesson_guided_flow_test.dart: route loss clears capture and its release cannot stop a stale mic
00:01 +65: D:/Code/HuaMei/App_noi/flutter/20_17th9_v2/speaking-ai-flutter/test/features/listening/lesson_guided_flow_test.dart: route loss clears capture and its release cannot stop a stale mic
00:01 +66: D:/Code/HuaMei/App_noi/flutter/20_17th9_v2/speaking-ai-flutter/test/features/listening/lesson_guided_flow_test.dart: route loss clears capture and its release cannot stop a stale mic
00:01 +67: D:/Code/HuaMei/App_noi/flutter/20_17th9_v2/speaking-ai-flutter/test/features/listening/lesson_guided_flow_test.dart: route loss clears capture and its release cannot stop a stale mic
00:01 +68: D:/Code/HuaMei/App_noi/flutter/20_17th9_v2/speaking-ai-flutter/test/features/listening/lesson_guided_flow_test.dart: route loss clears capture and its release cannot stop a stale mic
00:01 +69: D:/Code/HuaMei/App_noi/flutter/20_17th9_v2/speaking-ai-flutter/test/features/listening/lesson_guided_flow_test.dart: route loss clears capture and its release cannot stop a stale mic
00:01 +70: D:/Code/HuaMei/App_noi/flutter/20_17th9_v2/speaking-ai-flutter/test/features/listening/lesson_guided_flow_test.dart: route loss clears capture and its release cannot stop a stale mic
00:01 +71: D:/Code/HuaMei/App_noi/flutter/20_17th9_v2/speaking-ai-flutter/test/features/listening/lesson_guided_flow_test.dart: route loss clears capture and its release cannot stop a stale mic
00:01 +72: D:/Code/HuaMei/App_noi/flutter/20_17th9_v2/speaking-ai-flutter/test/features/listening/lesson_guided_flow_test.dart: route loss clears capture and its release cannot stop a stale mic
00:01 +73: D:/Code/HuaMei/App_noi/flutter/20_17th9_v2/speaking-ai-flutter/test/features/listening/lesson_practice_navigation_test.dart: paused silent lesson exits via screen Back with stalled audio
00:02 +74: D:/Code/HuaMei/App_noi/flutter/20_17th9_v2/speaking-ai-flutter/test/features/listening/lesson_practice_navigation_test.dart: paused silent lesson exits via screen Back with stalled audio
00:02 +75: D:/Code/HuaMei/App_noi/flutter/20_17th9_v2/speaking-ai-flutter/test/features/listening/lesson_practice_navigation_test.dart: paused silent lesson exits via screen Back with stalled audio
00:02 +76: D:/Code/HuaMei/App_noi/flutter/20_17th9_v2/speaking-ai-flutter/test/features/listening/lesson_practice_navigation_test.dart: paused silent lesson exits via screen Back with stalled audio
00:02 +77: D:/Code/HuaMei/App_noi/flutter/20_17th9_v2/speaking-ai-flutter/test/features/listening/lesson_practice_navigation_test.dart: paused silent lesson exits via screen Back with stalled audio
00:02 +78: D:/Code/HuaMei/App_noi/flutter/20_17th9_v2/speaking-ai-flutter/test/features/listening/lesson_practice_navigation_test.dart: paused silent lesson exits via screen Back with stalled audio
00:02 +79: D:/Code/HuaMei/App_noi/flutter/20_17th9_v2/speaking-ai-flutter/test/features/listening/lesson_practice_navigation_test.dart: paused silent lesson exits via screen Back with stalled audio
00:02 +80: D:/Code/HuaMei/App_noi/flutter/20_17th9_v2/speaking-ai-flutter/test/features/listening/lesson_practice_navigation_test.dart: paused silent lesson exits via screen Back with stalled audio
00:02 +81: D:/Code/HuaMei/App_noi/flutter/20_17th9_v2/speaking-ai-flutter/test/features/listening/lesson_practice_navigation_test.dart: paused silent lesson exits via screen Back with stalled audio
00:02 +82: D:/Code/HuaMei/App_noi/flutter/20_17th9_v2/speaking-ai-flutter/test/features/listening/lesson_practice_navigation_test.dart: paused silent lesson exits via screen Back with stalled audio
00:02 +83: D:/Code/HuaMei/App_noi/flutter/20_17th9_v2/speaking-ai-flutter/test/features/listening/lesson_practice_navigation_test.dart: paused silent lesson exits via screen Back with stalled audio
00:02 +84: D:/Code/HuaMei/App_noi/flutter/20_17th9_v2/speaking-ai-flutter/test/features/listening/lesson_guided_flow_test.dart: V4 ActiveLearningCommand.replayCurrent waits for EN and VI to finish before capture
00:02 +84 -1: D:/Code/HuaMei/App_noi/flutter/20_17th9_v2/speaking-ai-flutter/test/features/listening/lesson_guided_flow_test.dart: V4 ActiveLearningCommand.replayCurrent waits for EN and VI to finish before capture
00:02 +84 -1: D:/Code/HuaMei/App_noi/flutter/20_17th9_v2/speaking-ai-flutter/test/features/voice_navigation/voice_navigation_controller_test.dart: two silent active-module windows dispatch STOP rather than resume [E]
  Expected: [ActiveLearningCommand:ActiveLearningCommand.stop]
    Actual: []
     Which: at location [0] is [] which shorter than expected
  
  package:matcher                                                            expect
  package:flutter_test/src/widget_tester.dart 473:18                         expect
  test\features\voice_navigation\voice_navigation_controller_test.dart 99:7  main.<fn>
  
00:02 +85 -1: D:/Code/HuaMei/App_noi/flutter/20_17th9_v2/speaking-ai-flutter/test/features/listening/lesson_guided_flow_test.dart: V4 ActiveLearningCommand.replayCurrent waits for EN and VI to finish before capture
00:02 +86 -1: D:/Code/HuaMei/App_noi/flutter/20_17th9_v2/speaking-ai-flutter/test/features/listening/lesson_guided_flow_test.dart: V4 ActiveLearningCommand.replayCurrent waits for EN and VI to finish before capture
00:02 +87 -1: D:/Code/HuaMei/App_noi/flutter/20_17th9_v2/speaking-ai-flutter/test/features/listening/lesson_guided_flow_test.dart: V4 ActiveLearningCommand.replayCurrent waits for EN and VI to finish before capture
00:02 +88 -1: D:/Code/HuaMei/App_noi/flutter/20_17th9_v2/speaking-ai-flutter/test/features/listening/lesson_guided_flow_test.dart: V4 ActiveLearningCommand.replayCurrent waits for EN and VI to finish before capture
00:02 +89 -1: D:/Code/HuaMei/App_noi/flutter/20_17th9_v2/speaking-ai-flutter/test/features/listening/lesson_guided_flow_test.dart: V4 ActiveLearningCommand.replayCurrent waits for EN and VI to finish before capture
00:02 +90 -1: D:/Code/HuaMei/App_noi/flutter/20_17th9_v2/speaking-ai-flutter/test/features/listening/lesson_guided_flow_test.dart: V4 ActiveLearningCommand.replayCurrent waits for EN and VI to finish before capture
00:03 +91 -1: D:/Code/HuaMei/App_noi/flutter/20_17th9_v2/speaking-ai-flutter/test/features/listening/lesson_overview_screen_test.dart: intro opens V4 practice directly without overview prompts
00:03 +92 -1: D:/Code/HuaMei/App_noi/flutter/20_17th9_v2/speaking-ai-flutter/test/features/listening/lesson_overview_screen_test.dart: intro opens V4 practice directly without overview prompts

Warning: A call to tap() with finder "Found 1 widget with key [<'skip-lesson-intro'>]: [
  TextButton-[<'skip-lesson-intro'>](style: ButtonStyle#2d4b1(backgroundColor: WidgetStatePropertyAll(Color(alpha: 0.9000, red: 1.0000, green: 1.0000, blue: 1.0000, colorSpace: ColorSpace.sRGB)), foregroundColor: WidgetStateMapper<Color?>({WidgetState.disabled: null, WidgetState.any: Color(alpha: 1.0000, red: 0.0588, green: 0.1333, blue: 0.3412, colorSpace: ColorSpace.sRGB)}), overlayColor: WidgetStateMapper<Color?>({WidgetState.pressed: Color(alpha: 0.1020, red: 0.0588, green: 0.1333, blue: 0.3412, colorSpace: ColorSpace.sRGB), WidgetState.hovered: Color(alpha: 0.0784, red: 0.0588, green: 0.1333, blue: 0.3412, colorSpace: ColorSpace.sRGB), WidgetState.focused: Color(alpha: 0.1020, red: 0.0588, green: 0.1333, blue: 0.3412, colorSpace: ColorSpace.sRGB)}), padding: WidgetStatePropertyAll(EdgeInsets(18.0, 12.0, 18.0, 12.0)), mouseCursor: WidgetStateMapper<MouseCursor?>({WidgetState.disabled: null, WidgetState.any: null})), dependencies: [IconTheme, InheritedCupertinoTheme, MediaQuery, _InheritedTheme, _LocalizationsScope-[GlobalKey#3c396]], state: _ButtonStyleState#81770),
]" derived an Offset (Offset(722.0, 34.0)) that would not hit test on the specified widget.
Maybe the widget is actually off-screen, or another widget is obscuring it, or the widget cannot receive pointer events.
The finder corresponds to this RenderBox: RenderSemanticsAnnotations#cdb8c relayoutBoundary=up2
The hit test result at that offset is: HitTestResult(RenderMouseRegion#fca1b@Offset(722.0, 34.0), RenderSemanticsAnnotations#f8a9a@Offset(722.0, 34.0), RenderPointerListener#f2414@Offset(722.0, 34.0), RenderSemanticsGestureHandler#de127@Offset(722.0, 34.0), RenderExcludeSemantics#8a7de@Offset(722.0, 34.0), RenderBlockSemantics#143f4@Offset(722.0, 34.0), RenderIgnorePointer#440ec@Offset(722.0, 34.0), _RenderTheater#385e3@Offset(722.0, 34.0), RenderAbsorbPointer#67337@Offset(722.0, 34.0), RenderPointerListener#60d07@Offset(722.0, 34.0), RenderSemanticsAnnotations#bb910@Offset(722.0, 34.0), RenderCustomPaint#c75e2@Offset(722.0, 34.0), RenderSemanticsAnnotations#73dd1@Offset(722.0, 34.0), RenderSemanticsAnnotations#5d340@Offset(722.0, 34.0), RenderSemanticsAnnotations#9fd88@Offset(722.0, 34.0), RenderTapRegionSurface#ce3ae@Offset(722.0, 34.0), RenderSemanticsAnnotations#a5916@Offset(722.0, 34.0), RenderSemanticsAnnotations#560c8@Offset(722.0, 34.0), HitTestEntry<HitTestTarget>#a1574(_ReusableRenderView#5b7f5), HitTestEntry<HitTestTarget>#adcac(<AutomatedTestWidgetsFlutterBinding>))
#0      WidgetController._getElementPoint (package:flutter_test/src/controller.dart:2165:25)
#1      WidgetController.getCenter (package:flutter_test/src/controller.dart:1947:12)
#2      WidgetController.tap (package:flutter_test/src/controller.dart:1080:7)
#3      main.<anonymous closure> (file:///D:/Code/HuaMei/App_noi/flutter/20_17th9_v2/speaking-ai-flutter/test/features/listening/lesson_overview_screen_test.dart:281:18)
<asynchronous suspension>
#4      testWidgets.<anonymous closure>.<anonymous closure> (package:flutter_test/src/widget_tester.dart:192:15)
<asynchronous suspension>
#5      TestWidgetsFlutterBinding._runTestBody (package:flutter_test/src/binding.dart:1952:5)
<asynchronous suspension>
#6      StackZoneSpecification._registerCallback.<anonymous closure> (package:stack_trace/src/stack_zone_specification.dart:114:42)
<asynchronous suspension>
To silence this warning, pass "warnIfMissed: false" to "tap()".
To make this warning fatal, set WidgetController.hitTestWarningShouldBeFatal to true.

00:03 +93 -1: D:/Code/HuaMei/App_noi/flutter/20_17th9_v2/speaking-ai-flutter/test/features/listening/lesson_practice_navigation_test.dart: paused silent lesson exits via system Back with stalled audio
00:03 +94 -1: D:/Code/HuaMei/App_noi/flutter/20_17th9_v2/speaking-ai-flutter/test/features/listening/lesson_practice_navigation_test.dart: paused silent lesson exits via system Back with stalled audio
00:03 +95 -1: D:/Code/HuaMei/App_noi/flutter/20_17th9_v2/speaking-ai-flutter/test/features/voice_navigation/voice_navigation_controller_test.dart: Main button speaks the menu then starts the speaking flow
00:03 +96 -1: D:/Code/HuaMei/App_noi/flutter/20_17th9_v2/speaking-ai-flutter/test/features/voice_navigation/voice_navigation_controller_test.dart: Main button speaks the menu then starts the speaking flow
00:03 +97 -1: D:/Code/HuaMei/App_noi/flutter/20_17th9_v2/speaking-ai-flutter/test/features/voice_navigation/voice_navigation_controller_test.dart: Main button speaks the menu then starts the speaking flow
00:03 +98 -1: D:/Code/HuaMei/App_noi/flutter/20_17th9_v2/speaking-ai-flutter/test/features/voice_navigation/voice_navigation_controller_test.dart: Main button speaks the menu then starts the speaking flow
00:03 +99 -1: D:/Code/HuaMei/App_noi/flutter/20_17th9_v2/speaking-ai-flutter/test/features/voice_navigation/voice_navigation_controller_test.dart: Main button speaks the menu then starts the speaking flow
00:03 +100 -1: D:/Code/HuaMei/App_noi/flutter/20_17th9_v2/speaking-ai-flutter/test/features/voice_navigation/voice_navigation_controller_test.dart: Main button speaks the menu then starts the speaking flow
00:03 +101 -1: D:/Code/HuaMei/App_noi/flutter/20_17th9_v2/speaking-ai-flutter/test/features/voice_navigation/voice_navigation_controller_test.dart: Main button speaks the menu then starts the speaking flow
00:03 +102 -1: D:/Code/HuaMei/App_noi/flutter/20_17th9_v2/speaking-ai-flutter/test/features/voice_navigation/voice_navigation_controller_test.dart: Main button speaks the menu then starts the speaking flow
00:03 +103 -1: D:/Code/HuaMei/App_noi/flutter/20_17th9_v2/speaking-ai-flutter/test/features/voice_navigation/voice_navigation_controller_test.dart: Main button speaks the menu then starts the speaking flow
00:03 +104 -1: D:/Code/HuaMei/App_noi/flutter/20_17th9_v2/speaking-ai-flutter/test/features/voice_navigation/voice_navigation_controller_test.dart: Main button speaks the menu then starts the speaking flow
00:03 +105 -1: D:/Code/HuaMei/App_noi/flutter/20_17th9_v2/speaking-ai-flutter/test/features/voice_navigation/voice_navigation_controller_test.dart: Main button speaks the menu then starts the speaking flow
00:03 +106 -1: D:/Code/HuaMei/App_noi/flutter/20_17th9_v2/speaking-ai-flutter/test/features/voice_navigation/voice_navigation_controller_test.dart: Main button speaks the menu then starts the speaking flow
00:03 +107 -1: D:/Code/HuaMei/App_noi/flutter/20_17th9_v2/speaking-ai-flutter/test/features/voice_navigation/voice_navigation_controller_test.dart: Main button speaks the menu then starts the speaking flow
00:03 +108 -1: D:/Code/HuaMei/App_noi/flutter/20_17th9_v2/speaking-ai-flutter/test/features/voice_navigation/voice_navigation_controller_test.dart: Main button speaks the menu then starts the speaking flow
00:03 +109 -1: D:/Code/HuaMei/App_noi/flutter/20_17th9_v2/speaking-ai-flutter/test/features/voice_navigation/voice_navigation_controller_test.dart: Main button speaks the menu then starts the speaking flow
00:03 +110 -1: D:/Code/HuaMei/App_noi/flutter/20_17th9_v2/speaking-ai-flutter/test/features/voice_navigation/voice_navigation_controller_test.dart: Main button speaks the menu then starts the speaking flow
00:03 +111 -1: D:/Code/HuaMei/App_noi/flutter/20_17th9_v2/speaking-ai-flutter/test/features/voice_navigation/voice_navigation_controller_test.dart: Main button speaks the menu then starts the speaking flow
00:03 +112 -1: D:/Code/HuaMei/App_noi/flutter/20_17th9_v2/speaking-ai-flutter/test/features/voice_navigation/voice_navigation_controller_test.dart: Main button speaks the menu then starts the speaking flow
00:03 +113 -1: D:/Code/HuaMei/App_noi/flutter/20_17th9_v2/speaking-ai-flutter/test/features/voice_navigation/voice_navigation_controller_test.dart: Main button speaks the menu then starts the speaking flow
00:03 +114 -1: D:/Code/HuaMei/App_noi/flutter/20_17th9_v2/speaking-ai-flutter/test/features/listening/lesson_guided_flow_test.dart: V4 ActiveLearningCommand.nextItem waits for EN and VI to finish before capture
00:03 +115 -1: D:/Code/HuaMei/App_noi/flutter/20_17th9_v2/speaking-ai-flutter/test/features/listening/lesson_guided_flow_test.dart: V4 ActiveLearningCommand.nextItem waits for EN and VI to finish before capture
00:03 +116 -1: D:/Code/HuaMei/App_noi/flutter/20_17th9_v2/speaking-ai-flutter/test/features/listening/lesson_guided_flow_test.dart: V4 ActiveLearningCommand.nextItem waits for EN and VI to finish before capture
00:03 +117 -1: D:/Code/HuaMei/App_noi/flutter/20_17th9_v2/speaking-ai-flutter/test/features/listening/lesson_guided_flow_test.dart: V4 ActiveLearningCommand.nextItem waits for EN and VI to finish before capture
00:03 +118 -1: D:/Code/HuaMei/App_noi/flutter/20_17th9_v2/speaking-ai-flutter/test/features/listening/lesson_guided_flow_test.dart: V4 ActiveLearningCommand.nextItem waits for EN and VI to finish before capture
00:03 +119 -1: D:/Code/HuaMei/App_noi/flutter/20_17th9_v2/speaking-ai-flutter/test/features/listening/lesson_practice_navigation_test.dart: Android end-of-lesson "(Học lại, 1, true)" opens the selected learning flow
00:03 +120 -1: D:/Code/HuaMei/App_noi/flutter/20_17th9_v2/speaking-ai-flutter/test/features/listening/lesson_practice_navigation_test.dart: Android end-of-lesson "(Học lại, 1, true)" opens the selected learning flow
00:03 +121 -1: D:/Code/HuaMei/App_noi/flutter/20_17th9_v2/speaking-ai-flutter/test/features/voice_navigation/voice_navigation_controller_test.dart: Main opens the microphone when the native ready cue never completes
00:03 +122 -1: D:/Code/HuaMei/App_noi/flutter/20_17th9_v2/speaking-ai-flutter/test/features/voice_navigation/voice_navigation_controller_test.dart: Main opens the microphone when the native ready cue never completes
00:04 +123 -1: D:/Code/HuaMei/App_noi/flutter/20_17th9_v2/speaking-ai-flutter/test/features/listening/lesson_practice_navigation_test.dart: Android end-of-lesson "(Bài 2, 2, false)" opens the selected learning flow
00:04 +124 -1: D:/Code/HuaMei/App_noi/flutter/20_17th9_v2/speaking-ai-flutter/test/features/listening/lesson_guided_flow_test.dart: virtual lesson buttons interrupt the current recording and change sentence
00:04 +125 -1: D:/Code/HuaMei/App_noi/flutter/20_17th9_v2/speaking-ai-flutter/test/features/voice_navigation/voice_navigation_controller_test.dart: Main command window starts only after the microphone is ready
00:04 +126 -1: D:/Code/HuaMei/App_noi/flutter/20_17th9_v2/speaking-ai-flutter/test/features/voice_navigation/voice_navigation_controller_test.dart: Main command window starts only after the microphone is ready
00:04 +127 -1: D:/Code/HuaMei/App_noi/flutter/20_17th9_v2/speaking-ai-flutter/test/features/voice_navigation/voice_navigation_controller_test.dart: Main command window starts only after the microphone is ready
00:04 +128 -1: D:/Code/HuaMei/App_noi/flutter/20_17th9_v2/speaking-ai-flutter/test/features/voice_navigation/voice_navigation_controller_test.dart: Main command window starts only after the microphone is ready
00:04 +129 -1: D:/Code/HuaMei/App_noi/flutter/20_17th9_v2/speaking-ai-flutter/test/features/listening/lesson_guided_flow_test.dart: V2 automatically guides, records, praises, and starts the next sentence
00:04 +130 -1: D:/Code/HuaMei/App_noi/flutter/20_17th9_v2/speaking-ai-flutter/test/features/listening/lesson_practice_navigation_test.dart: previous sentence is persisted and restored after re-entry
00:04 +131 -1: D:/Code/HuaMei/App_noi/flutter/20_17th9_v2/speaking-ai-flutter/test/features/listening/lesson_practice_navigation_test.dart: previous sentence is persisted and restored after re-entry
00:04 +132 -1: D:/Code/HuaMei/App_noi/flutter/20_17th9_v2/speaking-ai-flutter/test/features/listening/lesson_practice_navigation_test.dart: previous sentence is persisted and restored after re-entry
00:04 +133 -1: D:/Code/HuaMei/App_noi/flutter/20_17th9_v2/speaking-ai-flutter/test/features/voice_navigation/voice_navigation_controller_test.dart: HFP speech activity extends MAIN command window before transcript
00:04 +134 -1: D:/Code/HuaMei/App_noi/flutter/20_17th9_v2/speaking-ai-flutter/test/features/listening/lesson_guided_flow_test.dart: V4 falls back to local TTS when authored EN-VI audio fails
HOMI English authored audio unavailable; using local TTS: Bad state: Authored audio unavailable.
HOMI Vietnamese authored audio unavailable; using local TTS: Bad state: Authored audio unavailable.
00:04 +135 -1: D:/Code/HuaMei/App_noi/flutter/20_17th9_v2/speaking-ai-flutter/test/features/listening/lesson_practice_navigation_test.dart: MAIN previous command replays the previous sentence flow
00:04 +136 -1: D:/Code/HuaMei/App_noi/flutter/20_17th9_v2/speaking-ai-flutter/test/features/listening/lesson_practice_navigation_test.dart: MAIN previous command replays the previous sentence flow
00:05 +137 -1: D:/Code/HuaMei/App_noi/flutter/20_17th9_v2/speaking-ai-flutter/test/features/listening/lesson_practice_navigation_test.dart: MAIN previous command replays the previous sentence flow
00:05 +138 -1: D:/Code/HuaMei/App_noi/flutter/20_17th9_v2/speaking-ai-flutter/test/features/listening/lesson_practice_navigation_test.dart: MAIN previous command replays the previous sentence flow
00:05 +139 -1: D:/Code/HuaMei/App_noi/flutter/20_17th9_v2/speaking-ai-flutter/test/features/listening/lesson_practice_navigation_test.dart: MAIN previous command replays the previous sentence flow
00:05 +140 -1: D:/Code/HuaMei/App_noi/flutter/20_17th9_v2/speaking-ai-flutter/test/features/listening/lesson_practice_navigation_test.dart: MAIN previous command replays the previous sentence flow
00:05 +141 -1: D:/Code/HuaMei/App_noi/flutter/20_17th9_v2/speaking-ai-flutter/test/features/listening/lesson_practice_navigation_test.dart: MAIN previous command replays the previous sentence flow
00:05 +142 -1: D:/Code/HuaMei/App_noi/flutter/20_17th9_v2/speaking-ai-flutter/test/features/listening/lesson_guided_flow_test.dart: V2 automatically stops a child recording after six seconds
00:05 +143 -1: D:/Code/HuaMei/App_noi/flutter/20_17th9_v2/speaking-ai-flutter/test/features/listening/lesson_guided_flow_test.dart: V2 automatically stops a child recording after six seconds
00:05 +144 -1: D:/Code/HuaMei/App_noi/flutter/20_17th9_v2/speaking-ai-flutter/test/features/listening/lesson_guided_flow_test.dart: V2 automatically stops a child recording after six seconds
00:05 +145 -1: D:/Code/HuaMei/App_noi/flutter/20_17th9_v2/speaking-ai-flutter/test/features/listening/lesson_guided_flow_test.dart: V2 automatically stops a child recording after six seconds
00:05 +146 -1: D:/Code/HuaMei/App_noi/flutter/20_17th9_v2/speaking-ai-flutter/test/features/listening/lesson_guided_flow_test.dart: V2 automatically stops a child recording after six seconds
00:05 +147 -1: D:/Code/HuaMei/App_noi/flutter/20_17th9_v2/speaking-ai-flutter/test/features/listening/lesson_guided_flow_test.dart: V2 automatically stops a child recording after six seconds
00:05 +148 -1: D:/Code/HuaMei/App_noi/flutter/20_17th9_v2/speaking-ai-flutter/test/features/listening/lesson_guided_flow_test.dart: V2 automatically stops a child recording after six seconds
00:05 +149 -1: D:/Code/HuaMei/App_noi/flutter/20_17th9_v2/speaking-ai-flutter/test/features/listening/lesson_guided_flow_test.dart: V2 automatically stops a child recording after six seconds
00:05 +150 -1: D:/Code/HuaMei/App_noi/flutter/20_17th9_v2/speaking-ai-flutter/test/features/listening/lesson_guided_flow_test.dart: V2 automatically stops a child recording after six seconds
00:05 +151 -1: D:/Code/HuaMei/App_noi/flutter/20_17th9_v2/speaking-ai-flutter/test/features/listening/lesson_guided_flow_test.dart: V2 automatically stops a child recording after six seconds
00:05 +152 -1: D:/Code/HuaMei/App_noi/flutter/20_17th9_v2/speaking-ai-flutter/test/features/listening/lesson_guided_flow_test.dart: V2 automatically stops a child recording after six seconds
00:05 +153 -1: D:/Code/HuaMei/App_noi/flutter/20_17th9_v2/speaking-ai-flutter/test/features/listening/lesson_guided_flow_test.dart: V2 automatically stops a child recording after six seconds
00:05 +154 -1: D:/Code/HuaMei/App_noi/flutter/20_17th9_v2/speaking-ai-flutter/test/features/listening/lesson_practice_navigation_test.dart: review from beginning resets the resume sentence
00:05 +155 -1: D:/Code/HuaMei/App_noi/flutter/20_17th9_v2/speaking-ai-flutter/test/features/listening/lesson_practice_navigation_test.dart: review from beginning resets the resume sentence
00:05 +156 -1: D:/Code/HuaMei/App_noi/flutter/20_17th9_v2/speaking-ai-flutter/test/features/listening/lesson_practice_navigation_test.dart: review from beginning resets the resume sentence
00:05 +157 -1: D:/Code/HuaMei/App_noi/flutter/20_17th9_v2/speaking-ai-flutter/test/features/listening/lesson_practice_navigation_test.dart: review from beginning resets the resume sentence
00:05 +158 -1: D:/Code/HuaMei/App_noi/flutter/20_17th9_v2/speaking-ai-flutter/test/features/listening/lesson_practice_navigation_test.dart: review from beginning resets the resume sentence
00:05 +159 -1: D:/Code/HuaMei/App_noi/flutter/20_17th9_v2/speaking-ai-flutter/test/features/listening/lesson_guided_flow_test.dart: MAIN pause then resume accepts a correct fresh lesson attempt
00:05 +160 -1: D:/Code/HuaMei/App_noi/flutter/20_17th9_v2/speaking-ai-flutter/test/features/voice_navigation/voice_navigation_controller_test.dart: handles an explicit command from a stable partial result
00:05 +161 -1: D:/Code/HuaMei/App_noi/flutter/20_17th9_v2/speaking-ai-flutter/test/features/voice_navigation/voice_navigation_controller_test.dart: handles an explicit command from a stable partial result
00:05 +162 -1: D:/Code/HuaMei/App_noi/flutter/20_17th9_v2/speaking-ai-flutter/test/features/listening/lesson_guided_flow_test.dart: V4 MAIN resumes sentence 1 without lesson title
00:05 +163 -1: D:/Code/HuaMei/App_noi/flutter/20_17th9_v2/speaking-ai-flutter/test/features/listening/lesson_practice_navigation_test.dart: V4 marks the lesson complete only after its authored challenge finishes
00:05 +164 -1: D:/Code/HuaMei/App_noi/flutter/20_17th9_v2/speaking-ai-flutter/test/features/listening/lesson_practice_navigation_test.dart: V4 marks the lesson complete only after its authored challenge finishes
00:05 +165 -1: D:/Code/HuaMei/App_noi/flutter/20_17th9_v2/speaking-ai-flutter/test/features/listening/lesson_practice_navigation_test.dart: V4 marks the lesson complete only after its authored challenge finishes
00:05 +166 -1: D:/Code/HuaMei/App_noi/flutter/20_17th9_v2/speaking-ai-flutter/test/features/listening/lesson_practice_navigation_test.dart: V4 marks the lesson complete only after its authored challenge finishes
00:05 +167 -1: D:/Code/HuaMei/App_noi/flutter/20_17th9_v2/speaking-ai-flutter/test/features/listening/lesson_guided_flow_test.dart: V4 praises before explaining the first earned star
00:05 +168 -1: D:/Code/HuaMei/App_noi/flutter/20_17th9_v2/speaking-ai-flutter/test/features/voice_navigation/voice_navigation_controller_test.dart: wake-word MAIN exits after its two silent command windows
00:05 +169 -1: D:/Code/HuaMei/App_noi/flutter/20_17th9_v2/speaking-ai-flutter/test/features/listening/lesson_practice_navigation_test.dart: V4 resumes the exact completion choice after interruption
00:05 +170 -1: D:/Code/HuaMei/App_noi/flutter/20_17th9_v2/speaking-ai-flutter/test/features/listening/lesson_practice_navigation_test.dart: V4 resumes the exact completion choice after interruption
00:05 +171 -1: D:/Code/HuaMei/App_noi/flutter/20_17th9_v2/speaking-ai-flutter/test/features/listening/lesson_practice_navigation_test.dart: V4 resumes the exact completion choice after interruption
00:06 +172 -1: D:/Code/HuaMei/App_noi/flutter/20_17th9_v2/speaking-ai-flutter/test/features/listening/lesson_guided_flow_test.dart: scores while replay runs but waits to apply the result
00:06 +173 -1: D:/Code/HuaMei/App_noi/flutter/20_17th9_v2/speaking-ai-flutter/test/features/listening/lesson_practice_navigation_test.dart: V4 resumes an interrupted song from its beginning
00:06 +174 -1: D:/Code/HuaMei/App_noi/flutter/20_17th9_v2/speaking-ai-flutter/test/features/listening/lesson_guided_flow_test.dart: V4 also replays the child recording before scoring
00:06 +175 -1: D:/Code/HuaMei/App_noi/flutter/20_17th9_v2/speaking-ai-flutter/test/features/listening/lesson_practice_navigation_test.dart: completion remains usable on a compact phone
00:06 +176 -1: D:/Code/HuaMei/App_noi/flutter/20_17th9_v2/speaking-ai-flutter/test/features/listening/lesson_practice_navigation_test.dart: completion remains usable on a compact phone
00:06 +177 -1: D:/Code/HuaMei/App_noi/flutter/20_17th9_v2/speaking-ai-flutter/test/features/listening/lesson_guided_flow_test.dart: MAIN invalidates an evaluation that finishes after pause
00:06 +178 -1: D:/Code/HuaMei/App_noi/flutter/20_17th9_v2/speaking-ai-flutter/test/features/listening/lesson_practice_navigation_test.dart: MAIN commands pause, resume, and leave the lesson for home
00:06 +179 -1: D:/Code/HuaMei/App_noi/flutter/20_17th9_v2/speaking-ai-flutter/test/features/listening/lesson_guided_flow_test.dart: MAIN detaches a pending lesson microphone start before takeover
00:06 +180 -1: D:/Code/HuaMei/App_noi/flutter/20_17th9_v2/speaking-ai-flutter/test/features/listening/lesson_guided_flow_test.dart: V2 retries with feedback and English only, then sends a second miss to Review
00:06 +181 -1: D:/Code/HuaMei/App_noi/flutter/20_17th9_v2/speaking-ai-flutter/test/features/listening/lesson_guided_flow_test.dart: V4 first miss waits for English only before reopening mic
00:06 +182 -1: D:/Code/HuaMei/App_noi/flutter/20_17th9_v2/speaking-ai-flutter/test/features/listening/lesson_guided_flow_test.dart: V2 asks neutrally and retries when ASR could not hear the sentence
00:06 +183 -1: D:/Code/HuaMei/App_noi/flutter/20_17th9_v2/speaking-ai-flutter/test/features/listening/lesson_guided_flow_test.dart: V2 still reopens recording when unclear feedback playback fails
HOMI unclear feedback playback failed: Bad state: Unclear feedback playback failed.
00:07 +184 -1: D:/Code/HuaMei/App_noi/flutter/20_17th9_v2/speaking-ai-flutter/test/features/listening/lesson_guided_flow_test.dart: V4 pauses directly after the second unclear recording turn
00:07 +185 -1: D:/Code/HuaMei/App_noi/flutter/20_17th9_v2/speaking-ai-flutter/test/features/listening/lesson_guided_flow_test.dart: V2 promotes a retry sentence from Review to Stars when correct
00:07 +186 -1: D:/Code/HuaMei/App_noi/flutter/20_17th9_v2/speaking-ai-flutter/test/features/listening/lesson_guided_flow_test.dart: V2 hears restart choice and starts sentence one again
00:07 +187 -1: D:/Code/HuaMei/App_noi/flutter/20_17th9_v2/speaking-ai-flutter/test/features/listening/lesson_guided_flow_test.dart: V2 hears next lesson choice and opens lesson two
00:07 +188 -1: D:/Code/HuaMei/App_noi/flutter/20_17th9_v2/speaking-ai-flutter/test/features/listening/lesson_guided_flow_test.dart: V2 asks the child to repeat an unclear completion choice
00:07 +189 -1: D:/Code/HuaMei/App_noi/flutter/20_17th9_v2/speaking-ai-flutter/test/features/listening/lesson_guided_flow_test.dart: V2 announces topic completion after its last lesson
00:08 +190 -1: D:/Code/HuaMei/App_noi/flutter/20_17th9_v2/speaking-ai-flutter/test/features/listening/lesson_guided_flow_test.dart: prompts twice, then offers skip without automatically skipping
00:08 +191 -1: D:/Code/HuaMei/App_noi/flutter/20_17th9_v2/speaking-ai-flutter/test/features/listening/lesson_guided_flow_test.dart: successful recording shows non-blocking fireworks and four actions
00:08 +192 -1: D:/Code/HuaMei/App_noi/flutter/20_17th9_v2/speaking-ai-flutter/test/features/listening/lesson_guided_flow_test.dart: sample and Vietnamese audio finish before the record guide plays
00:08 +193 -1: D:/Code/HuaMei/App_noi/flutter/20_17th9_v2/speaking-ai-flutter/test/features/listening/lesson_guided_flow_test.dart: completion opens the learned review without playing the ending guide
00:08 +194 -1: D:/Code/HuaMei/App_noi/flutter/20_17th9_v2/speaking-ai-flutter/test/features/listening/lesson_guided_flow_test.dart: learned review opens the next lesson in the same topic
00:09 +195 -1: D:/Code/HuaMei/App_noi/flutter/20_17th9_v2/speaking-ai-flutter/test/features/listening/lesson_guided_flow_test.dart: learned review restarts the current lesson from sentence one
00:09 +196 -1: D:/Code/HuaMei/App_noi/flutter/20_17th9_v2/speaking-ai-flutter/test/features/listening/lesson_guided_flow_test.dart: last learned lesson returns to the selected listening topic
00:09 +197 -1: D:/Code/HuaMei/App_noi/flutter/20_17th9_v2/speaking-ai-flutter/test/features/listening/lesson_guided_flow_test.dart: listening action pops the topic detail to the age catalog
00:09 +198 -1: D:/Code/HuaMei/App_noi/flutter/20_17th9_v2/speaking-ai-flutter/test/features/listening/lesson_guided_flow_test.dart: dialogue and song lessons expose age-appropriate practice cues
00:09 +199 -1: D:/Code/HuaMei/App_noi/flutter/20_17th9_v2/speaking-ai-flutter/test/features/listening/lesson_guided_flow_test.dart: review uses overview copy and neutral English sentence cards
00:09 +200 -1: D:/Code/HuaMei/App_noi/flutter/20_17th9_v2/speaking-ai-flutter/test/features/listening/lesson_guided_flow_test.dart: learned review announces the next H20 action
00:09 +201 -1: D:/Code/HuaMei/App_noi/flutter/20_17th9_v2/speaking-ai-flutter/test/features/listening/lesson_guided_flow_test.dart: review only auto-plays after the toggle is activated
00:09 +202 -1: D:/Code/HuaMei/App_noi/flutter/20_17th9_v2/speaking-ai-flutter/test/features/listening/lesson_guided_flow_test.dart: learned review highlights recorded and unrecorded sentences
00:10 +203 -1: D:/Code/HuaMei/App_noi/flutter/20_17th9_v2/speaking-ai-flutter/test/features/listening/lesson_guided_flow_test.dart: V4 entry speaks its complete guide before practice
00:10 +204 -1: D:/Code/HuaMei/App_noi/flutter/20_17th9_v2/speaking-ai-flutter/test/features/listening/lesson_guided_flow_test.dart: V4 resume speaks its complete guide before practice
00:10 +205 -1: D:/Code/HuaMei/App_noi/flutter/20_17th9_v2/speaking-ai-flutter/test/features/listening/lesson_guided_flow_test.dart: V2 lesson intro uses introAudioUrl before opening practice
00:10 +206 -1: D:/Code/HuaMei/App_noi/flutter/20_17th9_v2/speaking-ai-flutter/test/features/listening/lesson_guided_flow_test.dart: V2 lesson intro keeps selected output when its clip is missing
00:10 +207 -1: D:/Code/HuaMei/App_noi/flutter/20_17th9_v2/speaking-ai-flutter/test/features/listening/lesson_guided_flow_test.dart: MAIN pauses review audio and its completion countdown
00:10 +208 -1: D:/Code/HuaMei/App_noi/flutter/20_17th9_v2/speaking-ai-flutter/test/features/listening/lesson_guided_flow_test.dart: MAIN stops intro audio and prevents automatic navigation
00:10 +209 -1: D:/Code/HuaMei/App_noi/flutter/20_17th9_v2/speaking-ai-flutter/test/features/listening/lesson_guided_flow_test.dart: lesson intro does not auto advance when playback fails
Lesson intro playback failed for guided-flow (https://example.test/broken-intro.mp3): Bad state: Playback failed.
#0      _FailingIntroMediaService.playToCompletion (file:///D:/Code/HuaMei/App_noi/flutter/20_17th9_v2/speaking-ai-flutter/test/features/listening/lesson_guided_flow_test.dart:2886:5)
#1      _LessonIntroScreenState._beginIntro (package:ai_speaking_flutter_app/features/listening/presentation/lesson_intro_screen.dart:164:35)
#2      _LessonIntroScreenState.initState.<anonymous closure> (package:ai_speaking_flutter_app/features/listening/presentation/lesson_intro_screen.dart:102:57)
#3      SchedulerBinding._invokeFrameCallback (package:flutter/src/scheduler/binding.dart:1430:15)
#4      SchedulerBinding.handleDrawFrame (package:flutter/src/scheduler/binding.dart:1357:11)
#5      AutomatedTestWidgetsFlutterBinding.pump.<anonymous closure> (package:flutter_test/src/binding.dart:2260:9)
#8      TestAsyncUtils.guard (package:flutter_test/src/test_async_utils.dart:74:41)
#9      AutomatedTestWidgetsFlutterBinding.pump (package:flutter_test/src/binding.dart:2249:27)
#10     WidgetTester.pumpWidget.<anonymous closure> (package:flutter_test/src/widget_tester.dart:598:22)
#13     TestAsyncUtils.guard (package:flutter_test/src/test_async_utils.dart:74:41)
#14     WidgetTester.pumpWidget (package:flutter_test/src/widget_tester.dart:595:27)
#15     main.<anonymous closure> (file:///D:/Code/HuaMei/App_noi/flutter/20_17th9_v2/speaking-ai-flutter/test/features/listening/lesson_guided_flow_test.dart:2245:18)
<asynchronous suspension>
#16     testWidgets.<anonymous closure>.<anonymous closure> (package:flutter_test/src/widget_tester.dart:192:15)
<asynchronous suspension>
#17     TestWidgetsFlutterBinding._runTestBody (package:flutter_test/src/binding.dart:1952:5)
<asynchronous suspension>
<asynchronous suspension>
(elided 5 frames from dart:async and package:stack_trace)
00:10 +210 -1: D:/Code/HuaMei/App_noi/flutter/20_17th9_v2/speaking-ai-flutter/test/features/listening/lesson_guided_flow_test.dart: coach popup stays inside a compact phone viewport
00:10 +211 -1: Some tests failed.

Failing tests:
  D:/Code/HuaMei/App_noi/flutter/20_17th9_v2/speaking-ai-flutter/test/features/voice_navigation/voice_navigation_controller_test.dart: two silent active-module windows dispatch STOP rather than resume
