00:00 +0: loading D:/Code/HuaMei/App_noi/flutter/20_17th9_v2/speaking-ai-flutter/test/features/listening/lesson_guided_flow_test.dart
00:00 +0: D:/Code/HuaMei/App_noi/flutter/20_17th9_v2/speaking-ai-flutter/test/features/listening/lesson_guided_flow_test.dart: route loss clears capture and its release cannot stop a stale mic
00:01 +1: D:/Code/HuaMei/App_noi/flutter/20_17th9_v2/speaking-ai-flutter/test/features/listening/lesson_guided_flow_test.dart: releasing a hold during native start cancels late capture
00:01 +2: D:/Code/HuaMei/App_noi/flutter/20_17th9_v2/speaking-ai-flutter/test/features/listening/lesson_guided_flow_test.dart: V4 ActiveLearningCommand.replayCurrent waits for EN and VI to finish before capture
00:01 +3: D:/Code/HuaMei/App_noi/flutter/20_17th9_v2/speaking-ai-flutter/test/features/listening/lesson_guided_flow_test.dart: V4 ActiveLearningCommand.previousItem waits for EN and VI to finish before capture
00:01 +4: D:/Code/HuaMei/App_noi/flutter/20_17th9_v2/speaking-ai-flutter/test/features/listening/lesson_guided_flow_test.dart: V4 ActiveLearningCommand.nextItem waits for EN and VI to finish before capture
00:01 +5: D:/Code/HuaMei/App_noi/flutter/20_17th9_v2/speaking-ai-flutter/test/features/listening/lesson_guided_flow_test.dart: failed model never opens mic and replay can recover
00:02 +6: D:/Code/HuaMei/App_noi/flutter/20_17th9_v2/speaking-ai-flutter/test/features/listening/lesson_guided_flow_test.dart: virtual lesson buttons interrupt the current recording and change sentence
00:02 +7: D:/Code/HuaMei/App_noi/flutter/20_17th9_v2/speaking-ai-flutter/test/features/listening/lesson_guided_flow_test.dart: previous sentence starts a fresh guided attempt despite an old recording
00:02 +8: D:/Code/HuaMei/App_noi/flutter/20_17th9_v2/speaking-ai-flutter/test/features/listening/lesson_guided_flow_test.dart: V2 automatically guides, records, praises, and starts the next sentence
00:02 +9: D:/Code/HuaMei/App_noi/flutter/20_17th9_v2/speaking-ai-flutter/test/features/listening/lesson_guided_flow_test.dart: V4 core uses the exact English repeat cue without a preface
00:02 +10: D:/Code/HuaMei/App_noi/flutter/20_17th9_v2/speaking-ai-flutter/test/features/listening/lesson_guided_flow_test.dart: V4 falls back to local TTS when authored EN-VI audio fails
HOMI English authored audio unavailable; using local TTS: Bad state: Authored audio unavailable.
HOMI Vietnamese authored audio unavailable; using local TTS: Bad state: Authored audio unavailable.
00:03 +11: D:/Code/HuaMei/App_noi/flutter/20_17th9_v2/speaking-ai-flutter/test/features/listening/lesson_guided_flow_test.dart: V2 automatically stops a child recording after six seconds
00:03 +12: D:/Code/HuaMei/App_noi/flutter/20_17th9_v2/speaking-ai-flutter/test/features/listening/lesson_guided_flow_test.dart: MAIN pause then resume accepts a correct fresh lesson attempt
00:03 +13: D:/Code/HuaMei/App_noi/flutter/20_17th9_v2/speaking-ai-flutter/test/features/listening/lesson_guided_flow_test.dart: V4 MAIN resumes sentence 1 without lesson title
00:03 +14: D:/Code/HuaMei/App_noi/flutter/20_17th9_v2/speaking-ai-flutter/test/features/listening/lesson_guided_flow_test.dart: V4 MAIN resumes sentence 2 without lesson title
00:03 +15: D:/Code/HuaMei/App_noi/flutter/20_17th9_v2/speaking-ai-flutter/test/features/listening/lesson_guided_flow_test.dart: V4 praises before explaining the first earned star
00:03 +16: D:/Code/HuaMei/App_noi/flutter/20_17th9_v2/speaking-ai-flutter/test/features/listening/lesson_guided_flow_test.dart: scores while replay runs but waits to apply the result
00:04 +17: D:/Code/HuaMei/App_noi/flutter/20_17th9_v2/speaking-ai-flutter/test/features/listening/lesson_guided_flow_test.dart: V4 also replays the child recording before scoring
00:04 +18: D:/Code/HuaMei/App_noi/flutter/20_17th9_v2/speaking-ai-flutter/test/features/listening/lesson_guided_flow_test.dart: keeps an injected lesson evaluator caller-owned
00:04 +19: D:/Code/HuaMei/App_noi/flutter/20_17th9_v2/speaking-ai-flutter/test/features/listening/lesson_guided_flow_test.dart: MAIN invalidates an evaluation that finishes after pause
00:04 +20: D:/Code/HuaMei/App_noi/flutter/20_17th9_v2/speaking-ai-flutter/test/features/listening/lesson_guided_flow_test.dart: MAIN detaches a pending lesson microphone start before takeover
00:04 +21: D:/Code/HuaMei/App_noi/flutter/20_17th9_v2/speaking-ai-flutter/test/features/listening/lesson_guided_flow_test.dart: V2 retries with feedback and English only, then sends a second miss to Review
00:04 +22: D:/Code/HuaMei/App_noi/flutter/20_17th9_v2/speaking-ai-flutter/test/features/listening/lesson_guided_flow_test.dart: V4 first miss waits for English only before reopening mic
00:04 +23: D:/Code/HuaMei/App_noi/flutter/20_17th9_v2/speaking-ai-flutter/test/features/listening/lesson_guided_flow_test.dart: V2 asks neutrally and retries when ASR could not hear the sentence
00:04 +24: D:/Code/HuaMei/App_noi/flutter/20_17th9_v2/speaking-ai-flutter/test/features/listening/lesson_guided_flow_test.dart: V2 still reopens recording when unclear feedback playback fails
HOMI unclear feedback playback failed: Bad state: Unclear feedback playback failed.
00:05 +25: D:/Code/HuaMei/App_noi/flutter/20_17th9_v2/speaking-ai-flutter/test/features/listening/lesson_guided_flow_test.dart: V4 pauses directly after the second unclear recording turn
00:05 +26: D:/Code/HuaMei/App_noi/flutter/20_17th9_v2/speaking-ai-flutter/test/features/listening/lesson_guided_flow_test.dart: V2 promotes a retry sentence from Review to Stars when correct
00:05 +27: D:/Code/HuaMei/App_noi/flutter/20_17th9_v2/speaking-ai-flutter/test/features/listening/lesson_guided_flow_test.dart: V2 hears restart choice and starts sentence one again
00:05 +28: D:/Code/HuaMei/App_noi/flutter/20_17th9_v2/speaking-ai-flutter/test/features/listening/lesson_guided_flow_test.dart: V2 hears next lesson choice and opens lesson two
00:05 +29: D:/Code/HuaMei/App_noi/flutter/20_17th9_v2/speaking-ai-flutter/test/features/listening/lesson_guided_flow_test.dart: V2 asks the child to repeat an unclear completion choice
00:05 +30: D:/Code/HuaMei/App_noi/flutter/20_17th9_v2/speaking-ai-flutter/test/features/listening/lesson_guided_flow_test.dart: V2 announces topic completion after its last lesson
00:06 +31: D:/Code/HuaMei/App_noi/flutter/20_17th9_v2/speaking-ai-flutter/test/features/listening/lesson_guided_flow_test.dart: prompts twice, then offers skip without automatically skipping
00:06 +32: D:/Code/HuaMei/App_noi/flutter/20_17th9_v2/speaking-ai-flutter/test/features/listening/lesson_guided_flow_test.dart: successful recording shows non-blocking fireworks and four actions
00:06 +33: D:/Code/HuaMei/App_noi/flutter/20_17th9_v2/speaking-ai-flutter/test/features/listening/lesson_guided_flow_test.dart: sample and Vietnamese audio finish before the record guide plays
00:06 +34: D:/Code/HuaMei/App_noi/flutter/20_17th9_v2/speaking-ai-flutter/test/features/listening/lesson_guided_flow_test.dart: completion opens the learned review without playing the ending guide
00:06 +35: D:/Code/HuaMei/App_noi/flutter/20_17th9_v2/speaking-ai-flutter/test/features/listening/lesson_guided_flow_test.dart: learned review opens the next lesson in the same topic
00:07 +36: D:/Code/HuaMei/App_noi/flutter/20_17th9_v2/speaking-ai-flutter/test/features/listening/lesson_guided_flow_test.dart: learned review restarts the current lesson from sentence one
00:07 +37: D:/Code/HuaMei/App_noi/flutter/20_17th9_v2/speaking-ai-flutter/test/features/listening/lesson_guided_flow_test.dart: last learned lesson returns to the selected listening topic
00:07 +38: D:/Code/HuaMei/App_noi/flutter/20_17th9_v2/speaking-ai-flutter/test/features/listening/lesson_guided_flow_test.dart: listening action pops the topic detail to the age catalog
00:07 +39: D:/Code/HuaMei/App_noi/flutter/20_17th9_v2/speaking-ai-flutter/test/features/listening/lesson_guided_flow_test.dart: dialogue and song lessons expose age-appropriate practice cues
00:07 +40: D:/Code/HuaMei/App_noi/flutter/20_17th9_v2/speaking-ai-flutter/test/features/listening/lesson_guided_flow_test.dart: review uses overview copy and neutral English sentence cards
00:07 +41: D:/Code/HuaMei/App_noi/flutter/20_17th9_v2/speaking-ai-flutter/test/features/listening/lesson_guided_flow_test.dart: learned review announces the next H20 action
00:07 +42: D:/Code/HuaMei/App_noi/flutter/20_17th9_v2/speaking-ai-flutter/test/features/listening/lesson_guided_flow_test.dart: review only auto-plays after the toggle is activated
00:07 +43: D:/Code/HuaMei/App_noi/flutter/20_17th9_v2/speaking-ai-flutter/test/features/listening/lesson_guided_flow_test.dart: learned review highlights recorded and unrecorded sentences
00:08 +44: D:/Code/HuaMei/App_noi/flutter/20_17th9_v2/speaking-ai-flutter/test/features/listening/lesson_guided_flow_test.dart: V4 entry speaks its complete guide before practice
00:08 +45: D:/Code/HuaMei/App_noi/flutter/20_17th9_v2/speaking-ai-flutter/test/features/listening/lesson_guided_flow_test.dart: V4 resume speaks its complete guide before practice
00:08 +46: D:/Code/HuaMei/App_noi/flutter/20_17th9_v2/speaking-ai-flutter/test/features/listening/lesson_guided_flow_test.dart: V2 lesson intro uses introAudioUrl before opening practice
00:08 +47: D:/Code/HuaMei/App_noi/flutter/20_17th9_v2/speaking-ai-flutter/test/features/listening/lesson_guided_flow_test.dart: V2 lesson intro keeps selected output when its clip is missing
00:08 +48: D:/Code/HuaMei/App_noi/flutter/20_17th9_v2/speaking-ai-flutter/test/features/listening/lesson_guided_flow_test.dart: MAIN pauses review audio and its completion countdown
00:08 +49: D:/Code/HuaMei/App_noi/flutter/20_17th9_v2/speaking-ai-flutter/test/features/listening/lesson_guided_flow_test.dart: MAIN stops intro audio and prevents automatic navigation
00:08 +50: D:/Code/HuaMei/App_noi/flutter/20_17th9_v2/speaking-ai-flutter/test/features/listening/lesson_guided_flow_test.dart: lesson intro does not auto advance when playback fails
Lesson intro playback failed for guided-flow (https://example.test/broken-intro.mp3): Bad state: Playback failed.
#0      _FailingIntroMediaService.playToCompletion (file:///D:/Code/HuaMei/App_noi/flutter/20_17th9_v2/speaking-ai-flutter/test/features/listening/lesson_guided_flow_test.dart:2886:5)
#1      _LessonIntroScreenState._beginIntro (package:ai_speaking_flutter_app/features/listening/presentation/lesson_intro_screen.dart:164:35)
#2      _LessonIntroScreenState.initState.<anonymous closure> (package:ai_speaking_flutter_app/features/listening/presentation/lesson_intro_screen.dart:102:57)
#3      SchedulerBinding._invokeFrameCallback (package:flutter/src/scheduler/binding.dart:1430:15)
#4      SchedulerBinding.handleDrawFrame (package:flutter/src/scheduler/binding.dart:1357:11)
#5      AutomatedTestWidgetsFlutterBinding.pump.<anonymous closure> (package:flutter_test/src/binding.dart:2260:9)
#8      TestAsyncUtils.guard (package:flutter_test/src/test_async_utils.dart:74:41)
#9      AutomatedTestWidgetsFlutterBinding.pump (package:flutter_test/src/binding.dart:2249:27)
#10     WidgetTester.pumpWidget.<anonymous closure> (package:flutter_test/src/widget_tester.dart:598:22)
#13     TestAsyncUtils.guard (package:flutter_test/src/test_async_utils.dart:74:41)
#14     WidgetTester.pumpWidget (package:flutter_test/src/widget_tester.dart:595:27)
#15     main.<anonymous closure> (file:///D:/Code/HuaMei/App_noi/flutter/20_17th9_v2/speaking-ai-flutter/test/features/listening/lesson_guided_flow_test.dart:2245:18)
<asynchronous suspension>
#16     testWidgets.<anonymous closure>.<anonymous closure> (package:flutter_test/src/widget_tester.dart:192:15)
<asynchronous suspension>
#17     TestWidgetsFlutterBinding._runTestBody (package:flutter_test/src/binding.dart:1952:5)
<asynchronous suspension>
<asynchronous suspension>
(elided 5 frames from dart:async and package:stack_trace)
00:08 +51: D:/Code/HuaMei/App_noi/flutter/20_17th9_v2/speaking-ai-flutter/test/features/listening/lesson_guided_flow_test.dart: coach popup stays inside a compact phone viewport
00:09 +52: loading D:/Code/HuaMei/App_noi/flutter/20_17th9_v2/speaking-ai-flutter/test/features/listening/lesson_practice_navigation_test.dart
00:09 +52: D:/Code/HuaMei/App_noi/flutter/20_17th9_v2/speaking-ai-flutter/test/features/listening/lesson_practice_navigation_test.dart: paused silent lesson exits via screen Back with stalled audio
00:11 +53: D:/Code/HuaMei/App_noi/flutter/20_17th9_v2/speaking-ai-flutter/test/features/listening/lesson_practice_navigation_test.dart: paused silent lesson exits via system Back with stalled audio
00:11 +54: D:/Code/HuaMei/App_noi/flutter/20_17th9_v2/speaking-ai-flutter/test/features/listening/lesson_practice_navigation_test.dart: leaving during completion ting releases the already-open mic
00:12 +55: D:/Code/HuaMei/App_noi/flutter/20_17th9_v2/speaking-ai-flutter/test/features/listening/lesson_practice_navigation_test.dart: Android end-of-lesson "(Học lại, 1, true)" opens the selected learning flow
00:12 +56: D:/Code/HuaMei/App_noi/flutter/20_17th9_v2/speaking-ai-flutter/test/features/listening/lesson_practice_navigation_test.dart: Android end-of-lesson "(Bài 2, 2, false)" opens the selected learning flow
00:12 +57: D:/Code/HuaMei/App_noi/flutter/20_17th9_v2/speaking-ai-flutter/test/features/listening/lesson_practice_navigation_test.dart: Android completion arms command ASR before ting, not Core mic
00:12 +58: D:/Code/HuaMei/App_noi/flutter/20_17th9_v2/speaking-ai-flutter/test/features/listening/lesson_practice_navigation_test.dart: next and previous both restart the selected sentence from its sample
00:12 +59: D:/Code/HuaMei/App_noi/flutter/20_17th9_v2/speaking-ai-flutter/test/features/listening/lesson_practice_navigation_test.dart: previous sentence is persisted and restored after re-entry
00:13 +60: D:/Code/HuaMei/App_noi/flutter/20_17th9_v2/speaking-ai-flutter/test/features/listening/lesson_practice_navigation_test.dart: MAIN previous command replays the previous sentence flow
00:13 +61: D:/Code/HuaMei/App_noi/flutter/20_17th9_v2/speaking-ai-flutter/test/features/listening/lesson_practice_navigation_test.dart: review from beginning resets the resume sentence
00:13 +62: D:/Code/HuaMei/App_noi/flutter/20_17th9_v2/speaking-ai-flutter/test/features/listening/lesson_practice_navigation_test.dart: V4 resume ignores an archived attempt and restarts EN-VI-mic
00:14 +63: D:/Code/HuaMei/App_noi/flutter/20_17th9_v2/speaking-ai-flutter/test/features/listening/lesson_practice_navigation_test.dart: V4 marks the lesson complete only after its authored challenge finishes
00:14 +64: D:/Code/HuaMei/App_noi/flutter/20_17th9_v2/speaking-ai-flutter/test/features/listening/lesson_practice_navigation_test.dart: V4 resumes the exact completion choice after interruption
00:14 +65: D:/Code/HuaMei/App_noi/flutter/20_17th9_v2/speaking-ai-flutter/test/features/listening/lesson_practice_navigation_test.dart: V4 resumes an interrupted song from its beginning
00:14 +66: D:/Code/HuaMei/App_noi/flutter/20_17th9_v2/speaking-ai-flutter/test/features/listening/lesson_practice_navigation_test.dart: completion remains usable on a compact phone
00:15 +67: D:/Code/HuaMei/App_noi/flutter/20_17th9_v2/speaking-ai-flutter/test/features/listening/lesson_practice_navigation_test.dart: MAIN commands pause, resume, and leave the lesson for home
00:15 +68: loading D:/Code/HuaMei/App_noi/flutter/20_17th9_v2/speaking-ai-flutter/test/features/listening/lesson_overview_screen_test.dart
00:16 +68: D:/Code/HuaMei/App_noi/flutter/20_17th9_v2/speaking-ai-flutter/test/features/listening/lesson_overview_screen_test.dart: V4 resumes from its first interrupted core sentence
00:17 +69: D:/Code/HuaMei/App_noi/flutter/20_17th9_v2/speaking-ai-flutter/test/features/listening/lesson_overview_screen_test.dart: lesson intro speaks the English title with an English voice
00:17 +70: D:/Code/HuaMei/App_noi/flutter/20_17th9_v2/speaking-ai-flutter/test/features/listening/lesson_overview_screen_test.dart: legacy role-play resume migrates to the single Challenge
00:17 +71: D:/Code/HuaMei/App_noi/flutter/20_17th9_v2/speaking-ai-flutter/test/features/listening/lesson_overview_screen_test.dart: V4 restarts an interrupted Song from the beginning
00:17 +72: D:/Code/HuaMei/App_noi/flutter/20_17th9_v2/speaking-ai-flutter/test/features/listening/lesson_overview_screen_test.dart: relearn counts only Core Star slots for ages 3-10
00:17 +73: D:/Code/HuaMei/App_noi/flutter/20_17th9_v2/speaking-ai-flutter/test/features/listening/lesson_overview_screen_test.dart: relearn counts only Core Star slots for ages 11-15
00:17 +74: D:/Code/HuaMei/App_noi/flutter/20_17th9_v2/speaking-ai-flutter/test/features/listening/lesson_overview_screen_test.dart: relearn with every Star does not mention Stars at the start
00:17 +75: D:/Code/HuaMei/App_noi/flutter/20_17th9_v2/speaking-ai-flutter/test/features/listening/lesson_overview_screen_test.dart: intro opens V4 practice directly without overview prompts

Warning: A call to tap() with finder "Found 1 widget with key [<'skip-lesson-intro'>]: [
  TextButton-[<'skip-lesson-intro'>](style: ButtonStyle#c3ac9(backgroundColor: WidgetStatePropertyAll(Color(alpha: 0.9000, red: 1.0000, green: 1.0000, blue: 1.0000, colorSpace: ColorSpace.sRGB)), foregroundColor: WidgetStateMapper<Color?>({WidgetState.disabled: null, WidgetState.any: Color(alpha: 1.0000, red: 0.0588, green: 0.1333, blue: 0.3412, colorSpace: ColorSpace.sRGB)}), overlayColor: WidgetStateMapper<Color?>({WidgetState.pressed: Color(alpha: 0.1020, red: 0.0588, green: 0.1333, blue: 0.3412, colorSpace: ColorSpace.sRGB), WidgetState.hovered: Color(alpha: 0.0784, red: 0.0588, green: 0.1333, blue: 0.3412, colorSpace: ColorSpace.sRGB), WidgetState.focused: Color(alpha: 0.1020, red: 0.0588, green: 0.1333, blue: 0.3412, colorSpace: ColorSpace.sRGB)}), padding: WidgetStatePropertyAll(EdgeInsets(18.0, 12.0, 18.0, 12.0)), mouseCursor: WidgetStateMapper<MouseCursor?>({WidgetState.disabled: null, WidgetState.any: null})), dependencies: [IconTheme, InheritedCupertinoTheme, MediaQuery, _InheritedTheme, _LocalizationsScope-[GlobalKey#0091f]], state: _ButtonStyleState#6ce93),
]" derived an Offset (Offset(722.0, 34.0)) that would not hit test on the specified widget.
Maybe the widget is actually off-screen, or another widget is obscuring it, or the widget cannot receive pointer events.
The finder corresponds to this RenderBox: RenderSemanticsAnnotations#af2eb relayoutBoundary=up2
The hit test result at that offset is: HitTestResult(RenderMouseRegion#8a73f@Offset(722.0, 34.0), RenderSemanticsAnnotations#90626@Offset(722.0, 34.0), RenderPointerListener#70a8c@Offset(722.0, 34.0), RenderSemanticsGestureHandler#ed38c@Offset(722.0, 34.0), RenderExcludeSemantics#fb924@Offset(722.0, 34.0), RenderBlockSemantics#507e0@Offset(722.0, 34.0), RenderIgnorePointer#31400@Offset(722.0, 34.0), _RenderTheater#8b49e@Offset(722.0, 34.0), RenderAbsorbPointer#ce683@Offset(722.0, 34.0), RenderPointerListener#b8488@Offset(722.0, 34.0), RenderSemanticsAnnotations#e19af@Offset(722.0, 34.0), RenderCustomPaint#aae13@Offset(722.0, 34.0), RenderSemanticsAnnotations#ec7e9@Offset(722.0, 34.0), RenderSemanticsAnnotations#d7251@Offset(722.0, 34.0), RenderSemanticsAnnotations#9450b@Offset(722.0, 34.0), RenderTapRegionSurface#ca716@Offset(722.0, 34.0), RenderSemanticsAnnotations#385e7@Offset(722.0, 34.0), RenderSemanticsAnnotations#79e11@Offset(722.0, 34.0), HitTestEntry<HitTestTarget>#c9c0f(_ReusableRenderView#47b34), HitTestEntry<HitTestTarget>#39c9e(<AutomatedTestWidgetsFlutterBinding>))
#0      WidgetController._getElementPoint (package:flutter_test/src/controller.dart:2165:25)
#1      WidgetController.getCenter (package:flutter_test/src/controller.dart:1947:12)
#2      WidgetController.tap (package:flutter_test/src/controller.dart:1080:7)
#3      main.<anonymous closure> (file:///D:/Code/HuaMei/App_noi/flutter/20_17th9_v2/speaking-ai-flutter/test/features/listening/lesson_overview_screen_test.dart:281:18)
<asynchronous suspension>
#4      testWidgets.<anonymous closure>.<anonymous closure> (package:flutter_test/src/widget_tester.dart:192:15)
<asynchronous suspension>
#5      TestWidgetsFlutterBinding._runTestBody (package:flutter_test/src/binding.dart:1952:5)
<asynchronous suspension>
#6      StackZoneSpecification._registerCallback.<anonymous closure> (package:stack_trace/src/stack_zone_specification.dart:114:42)
<asynchronous suspension>
To silence this warning, pass "warnIfMissed: false" to "tap()".
To make this warning fatal, set WidgetController.hitTestWarningShouldBeFatal to true.

00:17 +76: D:/Code/HuaMei/App_noi/flutter/20_17th9_v2/speaking-ai-flutter/test/features/listening/lesson_overview_screen_test.dart: legacy overview route forwards directly into practice
00:18 +77: loading D:/Code/HuaMei/App_noi/flutter/20_17th9_v2/speaking-ai-flutter/test/features/listening/lesson_media_service_test.dart
00:18 +77: D:/Code/HuaMei/App_noi/flutter/20_17th9_v2/speaking-ai-flutter/test/features/listening/lesson_media_service_test.dart: Android lesson capture route pins H20 input and keeps its output through feedback
00:18 +78: D:/Code/HuaMei/App_noi/flutter/20_17th9_v2/speaking-ai-flutter/test/features/listening/lesson_media_service_test.dart: Android lesson capture route selected H20 cannot silently fall back to the phone mic
00:18 +79: D:/Code/HuaMei/App_noi/flutter/20_17th9_v2/speaking-ai-flutter/test/features/listening/lesson_media_service_test.dart: Android lesson capture route playback stop cannot release the live recording route
00:18 +80: D:/Code/HuaMei/App_noi/flutter/20_17th9_v2/speaking-ai-flutter/test/features/listening/lesson_media_service_test.dart: Android lesson capture route route lost while recorder starts never reports live capture
00:18 +81: D:/Code/HuaMei/App_noi/flutter/20_17th9_v2/speaking-ai-flutter/test/features/listening/lesson_media_service_test.dart: Android lesson capture route phone capture still explicitly uses the built-in input
00:18 +82: D:/Code/HuaMei/App_noi/flutter/20_17th9_v2/speaking-ai-flutter/test/features/listening/lesson_media_service_test.dart: Android lesson capture route route loss reports capture failure instead of no recording
00:18 +83: D:/Code/HuaMei/App_noi/flutter/20_17th9_v2/speaking-ai-flutter/test/features/listening/lesson_media_service_test.dart: Android lesson capture route delayed loss from an old capture cannot cancel a newer one
00:18 +84: D:/Code/HuaMei/App_noi/flutter/20_17th9_v2/speaking-ai-flutter/test/features/listening/lesson_media_service_test.dart: stop during playback preparation prevents a late clip on default output
00:18 +85: D:/Code/HuaMei/App_noi/flutter/20_17th9_v2/speaking-ai-flutter/test/features/listening/lesson_media_service_test.dart: Android route loss stops the clip and fails its completion gate
00:18 +86: D:/Code/HuaMei/App_noi/flutter/20_17th9_v2/speaking-ai-flutter/test/features/listening/lesson_media_service_test.dart: playToCompletion does not finish until playback reports ended
00:18 +87: D:/Code/HuaMei/App_noi/flutter/20_17th9_v2/speaking-ai-flutter/test/features/listening/lesson_media_service_test.dart: completion-aware playback ignores a temporary playing false state
00:18 +88: D:/Code/HuaMei/App_noi/flutter/20_17th9_v2/speaking-ai-flutter/test/features/listening/lesson_media_service_test.dart: completion-aware playback ignores a completed state from the old source
00:18 +89: D:/Code/HuaMei/App_noi/flutter/20_17th9_v2/speaking-ai-flutter/test/features/listening/lesson_media_service_test.dart: Android selected H20 route is prepared before lesson playback starts
00:18 +90: D:/Code/HuaMei/App_noi/flutter/20_17th9_v2/speaking-ai-flutter/test/features/listening/lesson_media_service_test.dart: iOS selected H20 lesson playback holds HFP for output
00:18 +91: D:/Code/HuaMei/App_noi/flutter/20_17th9_v2/speaking-ai-flutter/test/features/listening/lesson_media_service_test.dart: phone playback does not activate an unselected HFP route
00:18 +92: D:/Code/HuaMei/App_noi/flutter/20_17th9_v2/speaking-ai-flutter/test/features/listening/lesson_media_service_test.dart: navigation prompt never falls back to the phone when HFP setup fails
00:18 +93: D:/Code/HuaMei/App_noi/flutter/20_17th9_v2/speaking-ai-flutter/test/features/listening/lesson_media_service_test.dart: coach prompt leaves H20 and plays on the phone speaker
00:18 +94: D:/Code/HuaMei/App_noi/flutter/20_17th9_v2/speaking-ai-flutter/test/features/listening/lesson_media_service_test.dart: consecutive H20 clips revalidate a dropped SCO route
00:18 +95: D:/Code/HuaMei/App_noi/flutter/20_17th9_v2/speaking-ai-flutter/test/features/listening/lesson_media_service_test.dart: child recording gain is applied after H20 route preparation
00:18 +96: D:/Code/HuaMei/App_noi/flutter/20_17th9_v2/speaking-ai-flutter/test/features/listening/lesson_media_service_test.dart: iOS lesson recording configuration is input-capable
00:18 +97: D:/Code/HuaMei/App_noi/flutter/20_17th9_v2/speaking-ai-flutter/test/features/listening/lesson_media_service_test.dart: Android lesson recording is 16 kHz mono PCM WAV
00:18 +98: D:/Code/HuaMei/App_noi/flutter/20_17th9_v2/speaking-ai-flutter/test/features/listening/lesson_media_service_test.dart: iOS recording input selects exact H20 UID and built-in phone mic
00:18 +99: loading D:/Code/HuaMei/App_noi/flutter/20_17th9_v2/speaking-ai-flutter/test/features/voice_navigation/master_navigation_contract_test.dart
00:19 +99: D:/Code/HuaMei/App_noi/flutter/20_17th9_v2/speaking-ai-flutter/test/features/voice_navigation/master_navigation_contract_test.dart: every literal MAIN sample hands off to the correct existing module
00:19 +100: D:/Code/HuaMei/App_noi/flutter/20_17th9_v2/speaking-ai-flutter/test/features/voice_navigation/master_navigation_contract_test.dart: MAIN does not guess from an embedded destination or closed-choice answer
00:19 +101: D:/Code/HuaMei/App_noi/flutter/20_17th9_v2/speaking-ai-flutter/test/features/voice_navigation/master_navigation_contract_test.dart: after stop and switch menus accept continue translation in their own state
00:19 +102: D:/Code/HuaMei/App_noi/flutter/20_17th9_v2/speaking-ai-flutter/test/features/voice_navigation/master_navigation_contract_test.dart: numbers are scoped to the current menu and cannot come from free speech
00:19 +103: D:/Code/HuaMei/App_noi/flutter/20_17th9_v2/speaking-ai-flutter/test/features/voice_navigation/master_navigation_contract_test.dart: paused choice retains its question and allowed topics for reactivation
00:19 +104: D:/Code/HuaMei/App_noi/flutter/20_17th9_v2/speaking-ai-flutter/test/features/voice_navigation/master_navigation_contract_test.dart: vocabulary choices are closed and replay keeps its scope
00:19 +105: D:/Code/HuaMei/App_noi/flutter/20_17th9_v2/speaking-ai-flutter/test/features/voice_navigation/master_navigation_contract_test.dart: unsupported activity commands cannot escape to generic grammar
00:19 +106: D:/Code/HuaMei/App_noi/flutter/20_17th9_v2/speaking-ai-flutter/test/features/voice_navigation/master_navigation_contract_test.dart: ambiguous next means next Core item, not resume current item
00:19 +107: D:/Code/HuaMei/App_noi/flutter/20_17th9_v2/speaking-ai-flutter/test/features/voice_navigation/master_navigation_contract_test.dart: deprecated replay-or-stop prompt is silent for Challenge
00:19 +108: D:/Code/HuaMei/App_noi/flutter/20_17th9_v2/speaking-ai-flutter/test/features/voice_navigation/master_navigation_contract_test.dart: active context supplies help and stop without touching study data
00:19 +109: D:/Code/HuaMei/App_noi/flutter/20_17th9_v2/speaking-ai-flutter/test/features/voice_navigation/master_navigation_contract_test.dart: MAIN echo repeats the current navigation question instead of the legacy menu
00:19 +110: D:/Code/HuaMei/App_noi/flutter/20_17th9_v2/speaking-ai-flutter/test/features/voice_navigation/master_navigation_contract_test.dart: FINAL T09 repairs ambiguous lesson continuation and rejects locked numbers
00:19 +111: loading D:/Code/HuaMei/App_noi/flutter/20_17th9_v2/speaking-ai-flutter/test/features/voice_navigation/main_voice_assistant_flow_test.dart
00:20 +111: D:/Code/HuaMei/App_noi/flutter/20_17th9_v2/speaking-ai-flutter/test/features/voice_navigation/main_voice_assistant_flow_test.dart: fast path accepts unambiguous fallback phrases but defers broad input
00:20 +112: D:/Code/HuaMei/App_noi/flutter/20_17th9_v2/speaking-ai-flutter/test/features/voice_navigation/main_voice_assistant_flow_test.dart: chooses continuous translation after the Main menu
00:20 +113: D:/Code/HuaMei/App_noi/flutter/20_17th9_v2/speaking-ai-flutter/test/features/voice_navigation/main_voice_assistant_flow_test.dart: accepts short child-friendly continuous speaking choices
00:20 +114: D:/Code/HuaMei/App_noi/flutter/20_17th9_v2/speaking-ai-flutter/test/features/voice_navigation/main_voice_assistant_flow_test.dart: opens continuous translation directly from the Main choice
00:20 +115: D:/Code/HuaMei/App_noi/flutter/20_17th9_v2/speaking-ai-flutter/test/features/voice_navigation/main_voice_assistant_flow_test.dart: after translation stop offers topic, vocabulary, or stop
00:20 +116: D:/Code/HuaMei/App_noi/flutter/20_17th9_v2/speaking-ai-flutter/test/features/voice_navigation/main_voice_assistant_flow_test.dart: offers all three top-level choices from Main
00:20 +117: D:/Code/HuaMei/App_noi/flutter/20_17th9_v2/speaking-ai-flutter/test/features/voice_navigation/main_voice_assistant_flow_test.dart: learned parent words hand off to the shared vocabulary flow
00:20 +118: D:/Code/HuaMei/App_noi/flutter/20_17th9_v2/speaking-ai-flutter/test/features/voice_navigation/main_voice_assistant_flow_test.dart: accepts every D04 topic-learning synonym from Main
00:20 +119: D:/Code/HuaMei/App_noi/flutter/20_17th9_v2/speaking-ai-flutter/test/features/voice_navigation/main_voice_assistant_flow_test.dart: accepts every D05 vocabulary-learning synonym from Main
00:20 +120: D:/Code/HuaMei/App_noi/flutter/20_17th9_v2/speaking-ai-flutter/test/features/voice_navigation/main_voice_assistant_flow_test.dart: vocabulary content selection belongs to the destination screen
00:20 +121: D:/Code/HuaMei/App_noi/flutter/20_17th9_v2/speaking-ai-flutter/test/features/voice_navigation/main_voice_assistant_flow_test.dart: moves to the next sentence in an active lesson
00:20 +122: D:/Code/HuaMei/App_noi/flutter/20_17th9_v2/speaking-ai-flutter/test/features/voice_navigation/main_voice_assistant_flow_test.dart: active lesson prompt offers pause and leaving the lesson
00:20 +123: D:/Code/HuaMei/App_noi/flutter/20_17th9_v2/speaking-ai-flutter/test/features/voice_navigation/main_voice_assistant_flow_test.dart: accepts a natural phrase containing next
00:20 +124: D:/Code/HuaMei/App_noi/flutter/20_17th9_v2/speaking-ai-flutter/test/features/voice_navigation/main_voice_assistant_flow_test.dart: moves to the previous sentence in an active lesson
00:20 +125: D:/Code/HuaMei/App_noi/flutter/20_17th9_v2/speaking-ai-flutter/test/features/voice_navigation/main_voice_assistant_flow_test.dart: maps every D07 and D08 command to the active lesson module
00:20 +126: D:/Code/HuaMei/App_noi/flutter/20_17th9_v2/speaking-ai-flutter/test/features/voice_navigation/main_voice_assistant_flow_test.dart: routes the workbook phrase Học bài khác to the next lesson in an active course
00:20 +127: D:/Code/HuaMei/App_noi/flutter/20_17th9_v2/speaking-ai-flutter/test/features/voice_navigation/main_voice_assistant_flow_test.dart: offers translation or vocabulary after leaving an active lesson
00:20 +128: D:/Code/HuaMei/App_noi/flutter/20_17th9_v2/speaking-ai-flutter/test/features/voice_navigation/main_voice_assistant_flow_test.dart: can choose translation after leaving an active lesson
00:20 +129: D:/Code/HuaMei/App_noi/flutter/20_17th9_v2/speaking-ai-flutter/test/features/voice_navigation/main_voice_assistant_flow_test.dart: missing profile age is handed to Topics without asking for spoken age
00:20 +130: D:/Code/HuaMei/App_noi/flutter/20_17th9_v2/speaking-ai-flutter/test/features/voice_navigation/main_voice_assistant_flow_test.dart: uses the saved age and skips asking age for topic learning
00:20 +131: D:/Code/HuaMei/App_noi/flutter/20_17th9_v2/speaking-ai-flutter/test/features/voice_navigation/main_voice_assistant_flow_test.dart: offers topics or vocabulary after leaving speaking practice
00:20 +132: D:/Code/HuaMei/App_noi/flutter/20_17th9_v2/speaking-ai-flutter/test/features/voice_navigation/main_voice_assistant_flow_test.dart: understands Vietnamese number words and rejects out-of-range choices
00:20 +133: D:/Code/HuaMei/App_noi/flutter/20_17th9_v2/speaking-ai-flutter/test/features/voice_navigation/main_voice_assistant_flow_test.dart: does not treat its own spoken prompts as child selections
00:20 +134: D:/Code/HuaMei/App_noi/flutter/20_17th9_v2/speaking-ai-flutter/test/features/voice_navigation/main_voice_assistant_flow_test.dart: asks before reopening a completed topic after lesson completion
00:20 +135: D:/Code/HuaMei/App_noi/flutter/20_17th9_v2/speaking-ai-flutter/test/features/voice_navigation/main_voice_assistant_flow_test.dart: uses Level-scoped topic selection and opens the mic-ready flow
00:20 +136: D:/Code/HuaMei/App_noi/flutter/20_17th9_v2/speaking-ai-flutter/test/features/voice_navigation/main_voice_assistant_flow_test.dart: completed Course asks for a Level and opens that relearn branch
00:20 +137: D:/Code/HuaMei/App_noi/flutter/20_17th9_v2/speaking-ai-flutter/test/features/voice_navigation/main_voice_assistant_flow_test.dart: accepts named alternatives and rejects yes/no for completed topics
00:20 +138: D:/Code/HuaMei/App_noi/flutter/20_17th9_v2/speaking-ai-flutter/test/features/voice_navigation/main_voice_assistant_flow_test.dart: uses the current choice retry instead of treating Mình muốn bài khác as yes
00:20 +139: D:/Code/HuaMei/App_noi/flutter/20_17th9_v2/speaking-ai-flutter/test/features/voice_navigation/main_voice_assistant_flow_test.dart: uses the current choice retry instead of treating Không biết as no
00:20 +140: D:/Code/HuaMei/App_noi/flutter/20_17th9_v2/speaking-ai-flutter/test/features/voice_navigation/main_voice_assistant_flow_test.dart: repeats the current Level count for an invalid topic number
00:20 +141: D:/Code/HuaMei/App_noi/flutter/20_17th9_v2/speaking-ai-flutter/test/features/voice_navigation/main_voice_assistant_flow_test.dart: keeps Level selection open after repeated invalid topic numbers
00:20 +142: D:/Code/HuaMei/App_noi/flutter/20_17th9_v2/speaking-ai-flutter/test/features/voice_navigation/main_voice_assistant_flow_test.dart: repeats the current question for an invalid lesson number
00:20 +143: D:/Code/HuaMei/App_noi/flutter/20_17th9_v2/speaking-ai-flutter/test/features/voice_navigation/main_voice_assistant_flow_test.dart: pauses for a repeated invalid lesson
00:20 +144: D:/Code/HuaMei/App_noi/flutter/20_17th9_v2/speaking-ai-flutter/test/features/voice_navigation/main_voice_assistant_flow_test.dart: opens an unfinished topic without asking to replay it
00:20 +145: D:/Code/HuaMei/App_noi/flutter/20_17th9_v2/speaking-ai-flutter/test/features/voice_navigation/main_voice_assistant_flow_test.dart: offers the next unfinished lesson from real topic progress
00:20 +146: D:/Code/HuaMei/App_noi/flutter/20_17th9_v2/speaking-ai-flutter/test/features/voice_navigation/main_voice_assistant_flow_test.dart: a completed topic offers replay or delegates other topics to the owner
00:20 +147: D:/Code/HuaMei/App_noi/flutter/20_17th9_v2/speaking-ai-flutter/test/features/voice_navigation/main_voice_assistant_flow_test.dart: confirms before replaying a completed lesson
00:20 +148: loading D:/Code/HuaMei/App_noi/flutter/20_17th9_v2/speaking-ai-flutter/test/features/voice_navigation/voice_navigation_controller_test.dart
00:21 +148: D:/Code/HuaMei/App_noi/flutter/20_17th9_v2/speaking-ai-flutter/test/features/voice_navigation/voice_navigation_controller_test.dart: authored prompt longer than eight seconds finishes before command window opens
00:21 +149: D:/Code/HuaMei/App_noi/flutter/20_17th9_v2/speaking-ai-flutter/test/features/voice_navigation/voice_navigation_controller_test.dart: forced pause stops assistant audio when HOMI leaves foreground
00:21 +150: D:/Code/HuaMei/App_noi/flutter/20_17th9_v2/speaking-ai-flutter/test/features/voice_navigation/voice_navigation_controller_test.dart: MAIN-only configuration never starts or acknowledges voice wake
00:21 +151: D:/Code/HuaMei/App_noi/flutter/20_17th9_v2/speaking-ai-flutter/test/features/voice_navigation/voice_navigation_controller_test.dart: two silent active-module windows dispatch STOP rather than resume
00:21 +152: D:/Code/HuaMei/App_noi/flutter/20_17th9_v2/speaking-ai-flutter/test/features/voice_navigation/voice_navigation_controller_test.dart: silent topic selection resumes the same Level when MAIN is pressed again
00:21 +153: D:/Code/HuaMei/App_noi/flutter/20_17th9_v2/speaking-ai-flutter/test/features/voice_navigation/voice_navigation_controller_test.dart: navigation transcript is handled without entering conversation
00:21 +154: D:/Code/HuaMei/App_noi/flutter/20_17th9_v2/speaking-ai-flutter/test/features/voice_navigation/voice_navigation_controller_test.dart: Main button speaks the menu then starts the speaking flow
00:22 +155: D:/Code/HuaMei/App_noi/flutter/20_17th9_v2/speaking-ai-flutter/test/features/voice_navigation/voice_navigation_controller_test.dart: MAIN handles an unambiguous fallback phrase from a stable partial
00:22 +156: D:/Code/HuaMei/App_noi/flutter/20_17th9_v2/speaking-ai-flutter/test/features/voice_navigation/voice_navigation_controller_test.dart: iOS MAIN prompts use the selected H20 media output
00:22 +157: D:/Code/HuaMei/App_noi/flutter/20_17th9_v2/speaking-ai-flutter/test/features/voice_navigation/voice_navigation_controller_test.dart: Android MAIN prompts use the selected H20 HFP output
00:22 +158: D:/Code/HuaMei/App_noi/flutter/20_17th9_v2/speaking-ai-flutter/test/features/voice_navigation/voice_navigation_controller_test.dart: Main opens the microphone when the native ready cue never completes
00:22 +159: D:/Code/HuaMei/App_noi/flutter/20_17th9_v2/speaking-ai-flutter/test/features/voice_navigation/voice_navigation_controller_test.dart: Main command window starts only after the microphone is ready
00:23 +160: D:/Code/HuaMei/App_noi/flutter/20_17th9_v2/speaking-ai-flutter/test/features/voice_navigation/voice_navigation_controller_test.dart: Main prompt reopens the mic immediately after final recognition
00:23 +161: D:/Code/HuaMei/App_noi/flutter/20_17th9_v2/speaking-ai-flutter/test/features/voice_navigation/voice_navigation_controller_test.dart: HFP speech activity extends MAIN command window before transcript
00:23 +162: D:/Code/HuaMei/App_noi/flutter/20_17th9_v2/speaking-ai-flutter/test/features/voice_navigation/voice_navigation_controller_test.dart: Main exposes its first microphone start failure without retrying
00:23 +163: D:/Code/HuaMei/App_noi/flutter/20_17th9_v2/speaking-ai-flutter/test/features/voice_navigation/voice_navigation_controller_test.dart: Main pauses its command deadline while a premature completion recovers
00:23 +164: D:/Code/HuaMei/App_noi/flutter/20_17th9_v2/speaking-ai-flutter/test/features/voice_navigation/voice_navigation_controller_test.dart: Android MAIN recovers a transient recognizer timeout without showing a mic error
00:23 +165: D:/Code/HuaMei/App_noi/flutter/20_17th9_v2/speaking-ai-flutter/test/features/voice_navigation/voice_navigation_controller_test.dart: repeated Android timeouts use the normal spoken no-speech retry
00:23 +166: D:/Code/HuaMei/App_noi/flutter/20_17th9_v2/speaking-ai-flutter/test/features/voice_navigation/voice_navigation_controller_test.dart: Main stops automatic retries and exposes the microphone error
00:23 +167: D:/Code/HuaMei/App_noi/flutter/20_17th9_v2/speaking-ai-flutter/test/features/voice_navigation/voice_navigation_controller_test.dart: Main activation never exposes a transient inactive session
00:23 +168: D:/Code/HuaMei/App_noi/flutter/20_17th9_v2/speaking-ai-flutter/test/features/voice_navigation/voice_navigation_controller_test.dart: Main delegates missing profile age to the topic screen
00:23 +169: D:/Code/HuaMei/App_noi/flutter/20_17th9_v2/speaking-ai-flutter/test/features/voice_navigation/voice_navigation_controller_test.dart: saved age lets MAIN open Level selection without the legacy total
00:23 +170: D:/Code/HuaMei/App_noi/flutter/20_17th9_v2/speaking-ai-flutter/test/features/voice_navigation/voice_navigation_controller_test.dart: completed topic prompt continues through topic and lesson
00:23 +171: D:/Code/HuaMei/App_noi/flutter/20_17th9_v2/speaking-ai-flutter/test/features/voice_navigation/voice_navigation_controller_test.dart: completed Course Level choice is handled by the MAIN microphone
00:23 +172: D:/Code/HuaMei/App_noi/flutter/20_17th9_v2/speaking-ai-flutter/test/features/voice_navigation/voice_navigation_controller_test.dart: speaking command opens the other-learning voice menu
00:23 +173: D:/Code/HuaMei/App_noi/flutter/20_17th9_v2/speaking-ai-flutter/test/features/voice_navigation/voice_navigation_controller_test.dart: translation STOP keeps both menus and mic closed until explicit MAIN
00:24 +174: D:/Code/HuaMei/App_noi/flutter/20_17th9_v2/speaking-ai-flutter/test/features/voice_navigation/voice_navigation_controller_test.dart: Main opens today practice when parent vocabulary is pending
00:24 +175: D:/Code/HuaMei/App_noi/flutter/20_17th9_v2/speaking-ai-flutter/test/features/voice_navigation/voice_navigation_controller_test.dart: active lesson Main next answer advances through the module bridge
00:24 +176: D:/Code/HuaMei/App_noi/flutter/20_17th9_v2/speaking-ai-flutter/test/features/voice_navigation/voice_navigation_controller_test.dart: active lesson Main previous answer moves back through the module bridge
00:24 +177: D:/Code/HuaMei/App_noi/flutter/20_17th9_v2/speaking-ai-flutter/test/features/voice_navigation/voice_navigation_controller_test.dart: active lesson Main dispatches the remaining D07 and D08 commands
00:24 +178: D:/Code/HuaMei/App_noi/flutter/20_17th9_v2/speaking-ai-flutter/test/features/voice_navigation/voice_navigation_controller_test.dart: active lesson exit choice keeps listening then opens vocabulary
00:24 +179: D:/Code/HuaMei/App_noi/flutter/20_17th9_v2/speaking-ai-flutter/test/features/voice_navigation/voice_navigation_controller_test.dart: MAIN finalizes buffered iOS transcript when its command window ends
00:24 +180: D:/Code/HuaMei/App_noi/flutter/20_17th9_v2/speaking-ai-flutter/test/features/voice_navigation/voice_navigation_controller_test.dart: Main asks once after silence then exits on the second timeout
00:24 +181: D:/Code/HuaMei/App_noi/flutter/20_17th9_v2/speaking-ai-flutter/test/features/voice_navigation/voice_navigation_controller_test.dart: vocabulary star branch uses its exact silence prompts
00:24 +182: D:/Code/HuaMei/App_noi/flutter/20_17th9_v2/speaking-ai-flutter/test/features/voice_navigation/voice_navigation_controller_test.dart: pauses navigation recognizer before conversation can reuse it
00:24 +183: D:/Code/HuaMei/App_noi/flutter/20_17th9_v2/speaking-ai-flutter/test/features/voice_navigation/voice_navigation_controller_test.dart: handles an explicit command from a stable partial result
00:24 +184: D:/Code/HuaMei/App_noi/flutter/20_17th9_v2/speaking-ai-flutter/test/features/voice_navigation/voice_navigation_controller_test.dart: hears the wake phrase from a secondary Android transcript
00:24 +185: D:/Code/HuaMei/App_noi/flutter/20_17th9_v2/speaking-ai-flutter/test/features/voice_navigation/voice_navigation_controller_test.dart: uses final Android alternatives when the primary text misses
00:24 +186: D:/Code/HuaMei/App_noi/flutter/20_17th9_v2/speaking-ai-flutter/test/features/voice_navigation/voice_navigation_controller_test.dart: wake-word MAIN exits after its two silent command windows
00:24 +187: D:/Code/HuaMei/App_noi/flutter/20_17th9_v2/speaking-ai-flutter/test/features/voice_navigation/voice_navigation_controller_test.dart: does not reopen the microphone until the wake reply finishes
00:24 +188: D:/Code/HuaMei/App_noi/flutter/20_17th9_v2/speaking-ai-flutter/test/features/voice_navigation/voice_navigation_controller_test.dart: pause waits for a pending navigation start to release the mic
00:24 +189: loading D:/Code/HuaMei/App_noi/flutter/20_17th9_v2/speaking-ai-flutter/test/core_audio_main_assistant_audio_prompt_service_test.dart
00:25 +189: D:/Code/HuaMei/App_noi/flutter/20_17th9_v2/speaking-ai-flutter/test/core_audio_main_assistant_audio_prompt_service_test.dart: optional curriculum pack plays locally with its duration budget
00:25 +190: D:/Code/HuaMei/App_noi/flutter/20_17th9_v2/speaking-ai-flutter/test/core_audio_main_assistant_audio_prompt_service_test.dart: an missing optional curriculum pack preserves MAIN and fallback
00:25 +191: D:/Code/HuaMei/App_noi/flutter/20_17th9_v2/speaking-ai-flutter/test/core_audio_main_assistant_audio_prompt_service_test.dart: an invalid optional curriculum pack preserves MAIN and fallback
00:25 +192: D:/Code/HuaMei/App_noi/flutter/20_17th9_v2/speaking-ai-flutter/test/core_audio_main_assistant_audio_prompt_service_test.dart: an disabled optional curriculum pack preserves MAIN and fallback
00:25 +193: D:/Code/HuaMei/App_noi/flutter/20_17th9_v2/speaking-ai-flutter/test/core_audio_main_assistant_audio_prompt_service_test.dart: dispose cancels pending manifest timer immediately
00:25 +194: D:/Code/HuaMei/App_noi/flutter/20_17th9_v2/speaking-ai-flutter/test/core_audio_main_assistant_audio_prompt_service_test.dart: dispose cancels pending asset timer immediately
00:25 +195: D:/Code/HuaMei/App_noi/flutter/20_17th9_v2/speaking-ai-flutter/test/core_audio_main_assistant_audio_prompt_service_test.dart: dispose cancels pending playback timer immediately
00:25 +196: D:/Code/HuaMei/App_noi/flutter/20_17th9_v2/speaking-ai-flutter/test/core_audio_main_assistant_audio_prompt_service_test.dart: authored timeout budget is duration aware; unknown text keeps default
00:25 +197: D:/Code/HuaMei/App_noi/flutter/20_17th9_v2/speaking-ai-flutter/test/core_audio_main_assistant_audio_prompt_service_test.dart: English feedback can match the explicit legacy Vietnamese lookup locale
00:25 +198: D:/Code/HuaMei/App_noi/flutter/20_17th9_v2/speaking-ai-flutter/test/core_audio_main_assistant_audio_prompt_service_test.dart: real pilot matches runtime text, voices, speeds, checksum and watchdog
00:25 +199: D:/Code/HuaMei/App_noi/flutter/20_17th9_v2/speaking-ai-flutter/test/core_audio_main_assistant_audio_prompt_service_test.dart: plays only exact text and locale, waiting for audio completion
00:25 +200: D:/Code/HuaMei/App_noi/flutter/20_17th9_v2/speaking-ai-flutter/test/core_audio_main_assistant_audio_prompt_service_test.dart: missing, disabled, corrupted and mismatched entries keep existing TTS
00:25 +201: D:/Code/HuaMei/App_noi/flutter/20_17th9_v2/speaking-ai-flutter/test/core_audio_main_assistant_audio_prompt_service_test.dart: feature switch avoids even reading the manifest
00:25 +202: D:/Code/HuaMei/App_noi/flutter/20_17th9_v2/speaking-ai-flutter/test/core_audio_main_assistant_audio_prompt_service_test.dart: a disabled audio group falls back without disabling other groups
00:25 +203: D:/Code/HuaMei/App_noi/flutter/20_17th9_v2/speaking-ai-flutter/test/core_audio_main_assistant_audio_prompt_service_test.dart: native playback failure stops failed audio before one TTS fallback
00:25 +204: D:/Code/HuaMei/App_noi/flutter/20_17th9_v2/speaking-ai-flutter/test/core_audio_main_assistant_audio_prompt_service_test.dart: stop during asset loading cannot start audio or fallback TTS
00:25 +205: D:/Code/HuaMei/App_noi/flutter/20_17th9_v2/speaking-ai-flutter/test/core_audio_main_assistant_audio_prompt_service_test.dart: stop during failing playback cannot resurrect the canceled prompt
00:25 +206: D:/Code/HuaMei/App_noi/flutter/20_17th9_v2/speaking-ai-flutter/test/core_audio_main_assistant_audio_prompt_service_test.dart: load timeout is bounded and late asset result cannot play
00:25 +207: D:/Code/HuaMei/App_noi/flutter/20_17th9_v2/speaking-ai-flutter/test/core_audio_main_assistant_audio_prompt_service_test.dart: disposal during loading prevents late playback
00:25 +208: D:/Code/HuaMei/App_noi/flutter/20_17th9_v2/speaking-ai-flutter/test/core_audio_main_assistant_audio_prompt_service_test.dart: phone route, ready cue, native MAIN lease and style are forwarded
00:25 +209: D:/Code/HuaMei/App_noi/flutter/20_17th9_v2/speaking-ai-flutter/test/core_audio_main_assistant_audio_prompt_service_test.dart: authored playback retains one lease until done, then allows recording
00:25 +210: D:/Code/HuaMei/App_noi/flutter/20_17th9_v2/speaking-ai-flutter/test/core_audio_main_assistant_audio_prompt_service_test.dart: MAIN opening and Core retries use the updated navigation recordings
00:25 +211: D:/Code/HuaMei/App_noi/flutter/20_17th9_v2/speaking-ai-flutter/test/core_audio_main_assistant_audio_prompt_service_test.dart: factory serves only allowlisted assistant text across feature owners
00:26 +212: All tests passed!
