{"ready":1,"total":66,"id":"GAP66-001","group":"gap66-active-screen","duration":3.001406,"cost":"28"}
{"ready":2,"total":66,"id":"GAP66-002","group":"gap66-active-screen","duration":4.423787,"cost":"36"}
{"ready":3,"total":66,"id":"GAP66-003","group":"gap66-active-screen","duration":3.188594,"cost":"26"}
{"ready":4,"total":66,"id":"GAP66-004","group":"gap66-active-screen","duration":4.252041,"cost":"34"}
{"ready":5,"total":66,"id":"GAP66-005","group":"gap66-level-selection","duration":4.703107,"cost":"29"}
{"ready":6,"total":66,"id":"GAP66-006","group":"gap66-level-selection","duration":4.603333,"cost":"29"}
{"ready":7,"total":66,"id":"GAP66-007","group":"gap66-level-selection","duration":4.693719,"cost":"29"}
{"ready":8,"total":66,"id":"GAP66-008","group":"gap66-topic-replay","duration":5.859932,"cost":"42"}
{"ready":9,"total":66,"id":"GAP66-009","group":"gap66-topic-replay","duration":5.865329,"cost":"43"}
{"ready":10,"total":66,"id":"GAP66-010","group":"gap66-topic-replay","duration":5.677256,"cost":"42"}
{"ready":11,"total":66,"id":"GAP66-011","group":"gap66-topic-replay","duration":6.028662,"cost":"42"}
{"ready":12,"total":66,"id":"GAP66-012","group":"gap66-topic-replay","duration":5.59127,"cost":"42"}
{"ready":13,"total":66,"id":"GAP66-013","group":"gap66-topic-replay","duration":5.863855,"cost":"42"}
{"ready":14,"total":66,"id":"GAP66-014","group":"gap66-topic-replay","duration":6.121156,"cost":"42"}
{"ready":15,"total":66,"id":"GAP66-015","group":"gap66-topic-replay","duration":5.771088,"cost":"42"}
{"ready":16,"total":66,"id":"GAP66-016","group":"gap66-topic-replay","duration":5.491474,"cost":"42"}
{"ready":17,"total":66,"id":"GAP66-017","group":"gap66-topic-replay","duration":5.768186,"cost":"42"}
{"ready":18,"total":66,"id":"GAP66-018","group":"gap66-navigation-recovery","duration":0.968073,"cost":"8"}
{"ready":19,"total":66,"id":"GAP66-019","group":"gap66-navigation-recovery","duration":3.980726,"cost":"36"}
{"ready":20,"total":66,"id":"GAP66-020","group":"gap66-vocabulary-recovery","duration":6.488413,"cost":"48"}
{"ready":21,"total":66,"id":"GAP66-021","group":"gap66-completion-recovery","duration":5.410023,"cost":"41"}
{"ready":22,"total":66,"id":"GAP66-022","group":"gap66-completion-recovery","duration":5.678821,"cost":"43"}
{"ready":23,"total":66,"id":"GAP66-023","group":"gap66-vocabulary-recovery","duration":6.480816,"cost":"47"}
{"ready":24,"total":66,"id":"GAP66-024","group":"gap66-vocabulary-recovery","duration":5.497075,"cost":"42"}
{"ready":25,"total":66,"id":"GAP66-025","group":"gap66-completion-recovery","duration":3.629274,"cost":"30"}
{"ready":26,"total":66,"id":"GAP66-026","group":"gap66-completion-recovery","duration":3.717007,"cost":"30"}
{"ready":27,"total":66,"id":"GAP66-027","group":"gap66-completion-recovery","duration":4.347914,"cost":"35"}
{"ready":28,"total":66,"id":"GAP66-028","group":"gap66-completion-recovery","duration":4.433084,"cost":"35"}
{"ready":29,"total":66,"id":"GAP66-029","group":"gap66-completion-recovery","duration":4.429161,"cost":"35"}
{"ready":30,"total":66,"id":"GAP66-030","group":"gap66-completion-recovery","duration":4.434762,"cost":"35"}
{"ready":31,"total":66,"id":"GAP66-031","group":"gap66-completion-recovery","duration":4.341995,"cost":"35"}
{"ready":32,"total":66,"id":"GAP66-032","group":"gap66-completion-recovery","duration":4.435714,"cost":"35"}
{"ready":33,"total":66,"id":"GAP66-033","group":"gap66-completion-recovery","duration":4.610113,"cost":"35"}
{"ready":34,"total":66,"id":"GAP66-034","group":"gap66-completion-recovery","duration":4.436667,"cost":"35"}
{"ready":35,"total":66,"id":"GAP66-035","group":"gap66-completion-recovery","duration":4.440431,"cost":"35"}
{"ready":36,"total":66,"id":"GAP66-036","group":"gap66-completion-recovery","duration":4.435351,"cost":"35"}
{"ready":37,"total":66,"id":"GAP66-037","group":"gap66-navigation-recovery","duration":4.525692,"cost":"35"}
{"ready":38,"total":66,"id":"GAP66-038","group":"gap66-completion-recovery","duration":3.636281,"cost":"29"}
{"ready":39,"total":66,"id":"GAP66-039","group":"gap66-completion-recovery","duration":3.641088,"cost":"29"}
{"ready":40,"total":66,"id":"GAP66-040","group":"gap66-vocabulary-recovery","duration":3.543537,"cost":"29"}
{"ready":41,"total":66,"id":"GAP66-041","group":"gap66-vocabulary-recovery","duration":3.907823,"cost":"30"}
{"ready":42,"total":66,"id":"GAP66-042","group":"gap66-vocabulary-recovery","duration":3.986735,"cost":"31"}
{"ready":43,"total":66,"id":"GAP66-043","group":"gap66-vocabulary-recovery","duration":4.438095,"cost":"34"}
{"ready":44,"total":66,"id":"GAP66-044","group":"gap66-vocabulary-recovery","duration":4.352268,"cost":"34"}
{"ready":45,"total":66,"id":"GAP66-045","group":"gap66-vocabulary-recovery","duration":5.319705,"cost":"40"}
{"ready":46,"total":66,"id":"GAP66-046","group":"gap66-navigation-recovery","duration":5.494218,"cost":"45"}
{"ready":47,"total":66,"id":"GAP66-047","group":"gap66-navigation-recovery","duration":5.504671,"cost":"45"}
{"ready":48,"total":66,"id":"GAP66-048","group":"gap66-vocabulary-recovery","duration":3.720658,"cost":"35"}
{"ready":49,"total":66,"id":"GAP66-049","group":"gap66-vocabulary-recovery","duration":5.406259,"cost":"43"}
{"ready":50,"total":66,"id":"GAP66-050","group":"gap66-navigation-recovery","duration":4.431429,"cost":"36"}
{"ready":51,"total":66,"id":"GAP66-051","group":"gap66-topic-replay-recovery","duration":7.092018,"cost":"51"}
{"ready":52,"total":66,"id":"GAP66-052","group":"gap66-topic-replay-recovery","duration":7.460998,"cost":"52"}
{"ready":53,"total":66,"id":"GAP66-053","group":"gap66-topic-replay-recovery","duration":7.185737,"cost":"51"}
{"ready":54,"total":66,"id":"GAP66-054","group":"gap66-topic-replay-recovery","duration":8.518639,"cost":"51"}
{"ready":55,"total":66,"id":"GAP66-055","group":"gap66-topic-replay-recovery","duration":7.453991,"cost":"51"}
{"ready":56,"total":66,"id":"GAP66-056","group":"gap66-topic-replay-recovery","duration":7.636236,"cost":"51"}
{"ready":57,"total":66,"id":"GAP66-057","group":"gap66-topic-replay-recovery","duration":7.807982,"cost":"51"}
{"ready":58,"total":66,"id":"GAP66-058","group":"gap66-topic-replay-recovery","duration":7.449592,"cost":"51"}
{"ready":59,"total":66,"id":"GAP66-059","group":"gap66-topic-replay-recovery","duration":7.632608,"cost":"51"}
{"ready":60,"total":66,"id":"GAP66-060","group":"gap66-topic-replay-recovery","duration":6.659728,"cost":"51"}
{"ready":61,"total":66,"id":"GAP66-061","group":"gap66-vocabulary-recovery","duration":6.209592,"cost":"45"}
{"ready":62,"total":66,"id":"GAP66-062","group":"gap66-level-selection","duration":4.165283,"cost":"29"}
{"ready":63,"total":66,"id":"GAP66-063","group":"gap66-level-selection","duration":3.901293,"cost":"29"}
{"ready":64,"total":66,"id":"GAP66-064","group":"gap66-navigation-recovery","duration":5.774875,"cost":"42"}
{"ready":65,"total":66,"id":"GAP66-065","group":"gap66-vocabulary-recovery","duration":6.743129,"cost":"52"}
{"ready":66,"total":66,"id":"GAP66-066","group":"gap66-vocabulary-recovery","duration":6.655737,"cost":"47"}
{"mode":"generate","characters":4648,"total":66,"groups":{"gap66-active-screen":4,"gap66-level-selection":5,"gap66-topic-replay":10,"gap66-navigation-recovery":7,"gap66-vocabulary-recovery":14,"gap66-completion-recovery":16,"gap66-topic-replay-recovery":10},"protectedSourcesUnchanged":true}
