Resolving dependencies...
Downloading packages...
  archive 4.0.9 (4.3.0 available)
  cli_util 0.4.2 (0.6.0 available)
  clock 1.1.2 (1.1.3 available)
  code_assets 1.2.1 (2.0.0 available)
  hooks 2.0.2 (2.2.0 available)
  image 4.9.1 (4.10.1 available)
  jni 1.0.0 (1.0.3 available)
  jni_flutter 1.0.1 (1.0.3 available)
  local_auth_android 2.0.9 (2.0.10 available)
  local_auth_darwin 2.0.3 (2.0.4 available)
  local_auth_windows 2.0.1 (2.0.2 available)
  matcher 0.12.19 (0.12.20 available)
  material_color_utilities 0.13.0 (0.13.1 available)
  meta 1.18.0 (1.19.0 available)
  objective_c 9.4.1 (9.6.0 available)
  package_config 2.2.0 (3.0.0 available)
  platform 3.1.6 (3.2.0 available)
  posix 6.5.0 (6.5.2 available)
  pub_semver 2.2.0 (2.2.1 available)
  record_android 2.1.2 (2.2.0 available)
  record_use 0.6.0 (1.1.1 available)
  record_web 2.1.1 (2.1.3 available)
  record_windows 2.2.2 (2.3.0 available)
  shared_preferences_android 2.4.27 (2.4.28 available)
  shared_preferences_foundation 2.5.6 (2.5.7 available)
  stack_trace 1.12.1 (1.12.2 available)
  synchronized 3.4.1 (3.4.2 available)
  test_api 0.7.11 (0.7.14 available)
  url_launcher_android 6.3.32 (6.3.33 available)
  url_launcher_ios 6.4.1 (6.4.2 available)
  url_launcher_linux 3.2.2 (3.2.3 available)
  url_launcher_macos 3.2.5 (3.2.6 available)
  url_launcher_windows 3.1.5 (3.1.6 available)
  vector_math 2.2.0 (2.4.2 available)
  vm_service 15.2.0 (15.3.0 available)
  win32 6.3.0 (6.4.0 available)
  yaml 3.1.3 (3.1.4 available)
Got dependencies!
37 packages have newer versions incompatible with dependency constraints.
Try `flutter pub outdated` for more information.
00:00 +0: loading D:/Documents/ai-speaking-flutter-app/test/features/voice_navigation/active_learning_command_resolver_test.dart
00:00 +0: D:/Documents/ai-speaking-flutter-app/test/features/voice_navigation/active_learning_command_resolver_test.dart: maps Vietnamese active lesson commands deterministically
00:00 +1: D:/Documents/ai-speaking-flutter-app/test/features/voice_navigation/active_learning_command_resolver_test.dart: does not treat lesson content as a control command
00:00 +2: D:/Documents/ai-speaking-flutter-app/test/features/voice_navigation/active_learning_command_resolver_test.dart: maps skip to next item only inside Vocabulary
00:00 +3: D:/Documents/ai-speaking-flutter-app/test/features/voice_navigation/controlled_speech_lexicon_test.dart: contains the approved HOMI fallback expansion of the controlled grammar
00:00 +4: D:/Documents/ai-speaking-flutter-app/test/features/voice_navigation/controlled_speech_lexicon_test.dart: every controlled phrase resolves to its declared intent
00:00 +5: D:/Documents/ai-speaking-flutter-app/test/features/voice_navigation/controlled_speech_lexicon_test.dart: routes duplicated phrases by the current state
00:00 +6: D:/Documents/ai-speaking-flutter-app/test/features/voice_navigation/controlled_speech_lexicon_test.dart: normalizes Vietnamese accents, punctuation and whitespace
00:00 +7: D:/Documents/ai-speaking-flutter-app/test/features/voice_navigation/controlled_speech_lexicon_test.dart: global stop wins across N-best candidates and every state
00:00 +8: D:/Documents/ai-speaking-flutter-app/test/features/voice_navigation/controlled_speech_lexicon_test.dart: does not guess from an uncontrolled sentence
00:00 +9: D:/Documents/ai-speaking-flutter-app/test/features/voice_navigation/homi_fallback_catalog_test.dart: HomiFallbackCatalog preserves the approved catalog counts and structurally valid records
00:00 +10: D:/Documents/ai-speaking-flutter-app/test/features/voice_navigation/homi_fallback_catalog_test.dart: HomiFallbackCatalog keeps colliding commands explicit for state-aware callers
00:00 +11: D:/Documents/ai-speaking-flutter-app/test/features/voice_navigation/homi_fallback_catalog_test.dart: HomiFallbackCatalog recognizes representative controlled-command fallback variants
00:00 +12: D:/Documents/ai-speaking-flutter-app/test/features/voice_navigation/homi_fallback_catalog_test.dart: HomiFallbackCatalog provides main-assistant yes, no, and number choices safely
00:00 +13: D:/Documents/ai-speaking-flutter-app/test/features/voice_navigation/homi_fallback_catalog_test.dart: HomiFallbackCatalog keeps continuous translation requests out of one-shot translation
00:00 +14: D:/Documents/ai-speaking-flutter-app/test/features/voice_navigation/homi_fallback_catalog_test.dart: HomiFallbackCatalog accepts approved HOMI wake-word variants but not incidental mentions
00:00 +15: D:/Documents/ai-speaking-flutter-app/test/features/voice_navigation/main_assistant_session_test.dart: Back invalidates pending MAIN takeover without resuming the exited module
00:00 +16: D:/Documents/ai-speaking-flutter-app/test/features/voice_navigation/main_assistant_session_test.dart: rejects MAIN while conversation owns audio outside learning
00:00 +17: D:/Documents/ai-speaking-flutter-app/test/features/voice_navigation/main_assistant_session_test.dart: pauses learning before activating MAIN with typed context
00:00 +18: D:/Documents/ai-speaking-flutter-app/test/features/voice_navigation/main_assistant_session_test.dart: failed MAIN activation resumes the interrupted learning module
00:00 +19: D:/Documents/ai-speaking-flutter-app/test/features/voice_navigation/main_assistant_session_test.dart: serializes repeated MAIN activation attempts
00:01 +20: D:/Documents/ai-speaking-flutter-app/test/features/voice_navigation/main_speaking_command_resolver_test.dart: detects requests to learn something else
00:01 +21: D:/Documents/ai-speaking-flutter-app/test/features/voice_navigation/main_speaking_command_resolver_test.dart: only the exact approved stop exits continuous translation
00:01 +22: D:/Documents/ai-speaking-flutter-app/test/features/voice_navigation/main_speaking_command_resolver_test.dart: keeps unapproved non-translation stop requests out of this flow
00:01 +23: D:/Documents/ai-speaking-flutter-app/test/features/voice_navigation/main_speaking_command_resolver_test.dart: keeps ordinary speaking sentences in the translation flow
00:01 +24: D:/Documents/ai-speaking-flutter-app/test/features/voice_navigation/main_speaking_fallback_flow_test.dart: leave translation hands the choice to navigation immediately
00:01 +25: D:/Documents/ai-speaking-flutter-app/test/features/voice_navigation/main_speaking_fallback_flow_test.dart: only exact Dừng lại exits, other stop phrases remain translation content
00:01 +26: D:/Documents/ai-speaking-flutter-app/test/features/voice_navigation/main_speaking_fallback_flow_test.dart: help repeats translation guidance without switching module
00:01 +27: D:/Documents/ai-speaking-flutter-app/test/features/voice_navigation/main_speaking_session_controller_test.dart: exits speaking mode after ten seconds of waiting for Main
00:01 +28: D:/Documents/ai-speaking-flutter-app/test/features/voice_navigation/main_speaking_session_controller_test.dart: suspends idle timeout while a speaking turn is active
00:01 +29: D:/Documents/ai-speaking-flutter-app/test/features/voice_navigation/main_speaking_session_controller_test.dart: repeated synchronization does not extend the ready timeout
00:02 +30: D:/Documents/ai-speaking-flutter-app/test/features/voice_navigation/main_speaking_session_controller_test.dart: retries the first silent turn and exits after the second
00:02 +31: D:/Documents/ai-speaking-flutter-app/test/features/voice_navigation/main_speaking_session_controller_test.dart: a successful turn resets the consecutive silence count
00:02 +32: D:/Documents/ai-speaking-flutter-app/test/features/voice_navigation/main_speaking_session_controller_test.dart: physical MAIN cancels translation before opening the assistant
00:02 +33: D:/Documents/ai-speaking-flutter-app/test/features/voice_navigation/main_voice_assistant_flow_test.dart: fast path accepts unambiguous fallback phrases but defers broad input
00:02 +34: D:/Documents/ai-speaking-flutter-app/test/features/voice_navigation/main_voice_assistant_flow_test.dart: fast path accepts unambiguous fallback phrases but defers broad input
00:02 +35: D:/Documents/ai-speaking-flutter-app/test/features/voice_navigation/main_voice_assistant_flow_test.dart: fast path accepts unambiguous fallback phrases but defers broad input
00:02 +36: D:/Documents/ai-speaking-flutter-app/test/features/voice_navigation/main_voice_assistant_flow_test.dart: chooses continuous translation after the Main menu
00:02 +37: D:/Documents/ai-speaking-flutter-app/test/features/voice_navigation/main_voice_assistant_flow_test.dart: accepts short child-friendly continuous speaking choices
00:02 +38: D:/Documents/ai-speaking-flutter-app/test/features/voice_navigation/main_voice_assistant_flow_test.dart: opens continuous translation directly from the Main choice
00:02 +39: D:/Documents/ai-speaking-flutter-app/test/features/voice_navigation/main_voice_assistant_flow_test.dart: after translation stop offers topic, vocabulary, or stop
00:02 +40: D:/Documents/ai-speaking-flutter-app/test/features/voice_navigation/main_voice_assistant_flow_test.dart: offers all three top-level choices from Main
00:02 +41: D:/Documents/ai-speaking-flutter-app/test/features/voice_navigation/main_voice_assistant_flow_test.dart: learned parent words hand off to the shared vocabulary flow
00:02 +42: D:/Documents/ai-speaking-flutter-app/test/features/voice_navigation/main_voice_assistant_flow_test.dart: accepts every D04 topic-learning synonym from Main
00:02 +43: D:/Documents/ai-speaking-flutter-app/test/features/voice_navigation/main_voice_assistant_flow_test.dart: accepts every D05 vocabulary-learning synonym from Main
00:02 +44: D:/Documents/ai-speaking-flutter-app/test/features/voice_navigation/main_voice_assistant_flow_test.dart: vocabulary content selection belongs to the destination screen
00:02 +45: D:/Documents/ai-speaking-flutter-app/test/features/voice_navigation/main_voice_assistant_flow_test.dart: moves to the next sentence in an active lesson
00:02 +46: D:/Documents/ai-speaking-flutter-app/test/features/voice_navigation/main_voice_assistant_flow_test.dart: active lesson prompt offers pause and leaving the lesson
00:02 +47: D:/Documents/ai-speaking-flutter-app/test/features/voice_navigation/main_voice_assistant_flow_test.dart: accepts a natural phrase containing next
00:02 +48: D:/Documents/ai-speaking-flutter-app/test/features/voice_navigation/main_voice_assistant_flow_test.dart: moves to the previous sentence in an active lesson
00:02 +49: D:/Documents/ai-speaking-flutter-app/test/features/voice_navigation/main_voice_assistant_flow_test.dart: maps every D07 and D08 command to the active lesson module
00:02 +50: D:/Documents/ai-speaking-flutter-app/test/features/voice_navigation/main_voice_assistant_flow_test.dart: routes the workbook phrase Học bài khác to the next lesson in an active course
00:02 +51: D:/Documents/ai-speaking-flutter-app/test/features/voice_navigation/main_voice_assistant_flow_test.dart: offers translation or vocabulary after leaving an active lesson
00:02 +52: D:/Documents/ai-speaking-flutter-app/test/features/voice_navigation/main_voice_assistant_flow_test.dart: can choose translation after leaving an active lesson
00:02 +53: D:/Documents/ai-speaking-flutter-app/test/features/voice_navigation/main_voice_assistant_flow_test.dart: missing profile age is handed to Topics without asking for spoken age
00:02 +54: D:/Documents/ai-speaking-flutter-app/test/features/voice_navigation/main_voice_assistant_flow_test.dart: uses the saved age and skips asking age for topic learning
00:02 +55: D:/Documents/ai-speaking-flutter-app/test/features/voice_navigation/main_voice_assistant_flow_test.dart: offers topics or vocabulary after leaving speaking practice
00:02 +56: D:/Documents/ai-speaking-flutter-app/test/features/voice_navigation/main_voice_assistant_flow_test.dart: understands Vietnamese number words and rejects out-of-range choices
00:02 +57: D:/Documents/ai-speaking-flutter-app/test/features/voice_navigation/master_navigation_contract_test.dart: every literal MAIN sample hands off to the correct existing module
00:02 +58: D:/Documents/ai-speaking-flutter-app/test/features/voice_navigation/master_navigation_contract_test.dart: every literal MAIN sample hands off to the correct existing module
00:02 +59: D:/Documents/ai-speaking-flutter-app/test/features/voice_navigation/master_navigation_contract_test.dart: every literal MAIN sample hands off to the correct existing module
00:02 +60: D:/Documents/ai-speaking-flutter-app/test/features/voice_navigation/master_navigation_contract_test.dart: every literal MAIN sample hands off to the correct existing module
00:02 +61: D:/Documents/ai-speaking-flutter-app/test/features/voice_navigation/master_navigation_contract_test.dart: every literal MAIN sample hands off to the correct existing module
00:02 +62: D:/Documents/ai-speaking-flutter-app/test/features/voice_navigation/master_navigation_contract_test.dart: every literal MAIN sample hands off to the correct existing module
00:02 +63: D:/Documents/ai-speaking-flutter-app/test/features/voice_navigation/master_navigation_contract_test.dart: every literal MAIN sample hands off to the correct existing module
00:02 +64: D:/Documents/ai-speaking-flutter-app/test/features/voice_navigation/master_navigation_contract_test.dart: every literal MAIN sample hands off to the correct existing module
00:02 +65: D:/Documents/ai-speaking-flutter-app/test/features/voice_navigation/master_navigation_contract_test.dart: every literal MAIN sample hands off to the correct existing module
00:02 +66: D:/Documents/ai-speaking-flutter-app/test/features/voice_navigation/master_navigation_contract_test.dart: every literal MAIN sample hands off to the correct existing module
00:02 +67: D:/Documents/ai-speaking-flutter-app/test/features/voice_navigation/master_navigation_contract_test.dart: every literal MAIN sample hands off to the correct existing module
00:02 +68: D:/Documents/ai-speaking-flutter-app/test/features/voice_navigation/master_navigation_contract_test.dart: every literal MAIN sample hands off to the correct existing module
00:02 +69: D:/Documents/ai-speaking-flutter-app/test/features/voice_navigation/master_navigation_contract_test.dart: every literal MAIN sample hands off to the correct existing module
00:02 +70: D:/Documents/ai-speaking-flutter-app/test/features/voice_navigation/master_navigation_contract_test.dart: every literal MAIN sample hands off to the correct existing module
00:02 +71: D:/Documents/ai-speaking-flutter-app/test/features/voice_navigation/master_navigation_contract_test.dart: every literal MAIN sample hands off to the correct existing module
00:02 +72: D:/Documents/ai-speaking-flutter-app/test/features/voice_navigation/master_navigation_contract_test.dart: every literal MAIN sample hands off to the correct existing module
00:02 +73: D:/Documents/ai-speaking-flutter-app/test/features/voice_navigation/master_navigation_contract_test.dart: MAIN does not guess from an embedded destination or closed-choice answer
00:02 +74: D:/Documents/ai-speaking-flutter-app/test/features/voice_navigation/master_navigation_contract_test.dart: after stop and switch menus accept continue translation in their own state
00:02 +75: D:/Documents/ai-speaking-flutter-app/test/features/voice_navigation/master_navigation_contract_test.dart: numbers are scoped to the current menu and cannot come from free speech
00:02 +76: D:/Documents/ai-speaking-flutter-app/test/features/voice_navigation/master_navigation_contract_test.dart: paused choice retains its question and allowed topics for reactivation
00:02 +77: D:/Documents/ai-speaking-flutter-app/test/features/voice_navigation/master_navigation_contract_test.dart: vocabulary choices are closed and replay keeps its scope
00:02 +78: D:/Documents/ai-speaking-flutter-app/test/features/voice_navigation/master_navigation_contract_test.dart: unsupported activity commands cannot escape to generic grammar
00:02 +79: D:/Documents/ai-speaking-flutter-app/test/features/voice_navigation/master_navigation_contract_test.dart: active context supplies help and stop without touching study data
00:02 +80: D:/Documents/ai-speaking-flutter-app/test/features/voice_navigation/master_navigation_contract_test.dart: FINAL T09 repairs ambiguous lesson continuation and rejects locked numbers
00:02 +81: D:/Documents/ai-speaking-flutter-app/test/features/voice_navigation/voice_navigation_controller_test.dart: MAIN-only configuration never starts or acknowledges voice wake
00:02 +82: D:/Documents/ai-speaking-flutter-app/test/features/voice_navigation/voice_navigation_controller_test.dart: two silent active-module windows dispatch STOP rather than resume
00:02 +83: D:/Documents/ai-speaking-flutter-app/test/features/voice_navigation/voice_navigation_controller_test.dart: silent topic selection resumes the same Level when MAIN is pressed again
00:02 +84: D:/Documents/ai-speaking-flutter-app/test/features/voice_navigation/voice_navigation_controller_test.dart: navigation transcript is handled without entering conversation
00:03 +85: D:/Documents/ai-speaking-flutter-app/test/features/voice_navigation/voice_navigation_controller_test.dart: Main button speaks the menu then starts the speaking flow
00:03 +86: D:/Documents/ai-speaking-flutter-app/test/features/voice_navigation/voice_navigation_controller_test.dart: Main button speaks the menu then starts the speaking flow
00:03 +87: D:/Documents/ai-speaking-flutter-app/test/features/voice_navigation/voice_navigation_controller_test.dart: Main button speaks the menu then starts the speaking flow
00:03 +88: D:/Documents/ai-speaking-flutter-app/test/features/voice_navigation/voice_navigation_controller_test.dart: Main button speaks the menu then starts the speaking flow
00:03 +89: D:/Documents/ai-speaking-flutter-app/test/features/voice_navigation/voice_navigation_controller_test.dart: Main button speaks the menu then starts the speaking flow
00:03 +90: D:/Documents/ai-speaking-flutter-app/test/features/voice_navigation/voice_navigation_controller_test.dart: Main button speaks the menu then starts the speaking flow
00:03 +91: D:/Documents/ai-speaking-flutter-app/test/features/voice_navigation/voice_navigation_controller_test.dart: Main button speaks the menu then starts the speaking flow
00:03 +92: D:/Documents/ai-speaking-flutter-app/test/features/voice_navigation/voice_navigation_controller_test.dart: Main button speaks the menu then starts the speaking flow
00:03 +93: D:/Documents/ai-speaking-flutter-app/test/features/voice_navigation/voice_navigation_controller_test.dart: Main button speaks the menu then starts the speaking flow
00:03 +94: D:/Documents/ai-speaking-flutter-app/test/features/voice_navigation/voice_navigation_controller_test.dart: Main button speaks the menu then starts the speaking flow
00:03 +94: D:/Documents/ai-speaking-flutter-app/test/features/voice_navigation/web_batch_streaming_speech_input_test.dart: uploads Web MAIN audio while speaking and finalizes Batch
{"event":"main_cloud_batch_latency","audioStartMs":1,"uploadSessionReadyMs":1,"firstChunkMs":3,"speechDetectedMs":3,"captureStopMs":0,"batchFinalizeMs":2,"totalMs":8,"usedBluetoothInput":false}
00:03 +95: D:/Documents/ai-speaking-flutter-app/test/features/voice_navigation/voice_navigation_controller_test.dart: Main button speaks the menu then starts the speaking flow
00:03 +95: D:/Documents/ai-speaking-flutter-app/test/features/voice_navigation/web_batch_streaming_speech_input_test.dart: emits completed after speech followed by VAD silence
{"event":"main_cloud_batch_latency","audioStartMs":0,"uploadSessionReadyMs":0,"firstChunkMs":null,"speechDetectedMs":0,"captureStopMs":0,"batchFinalizeMs":0,"totalMs":18,"usedBluetoothInput":false}
00:03 +96: D:/Documents/ai-speaking-flutter-app/test/features/voice_navigation/voice_navigation_controller_test.dart: Main button speaks the menu then starts the speaking flow
00:03 +97: D:/Documents/ai-speaking-flutter-app/test/features/voice_navigation/voice_navigation_controller_test.dart: Main button speaks the menu then starts the speaking flow
00:03 +97: D:/Documents/ai-speaking-flutter-app/test/features/voice_navigation/web_batch_streaming_speech_input_test.dart: opens the native HFP route before iOS MAIN capture
{"event":"main_cloud_batch_latency","audioStartMs":0,"uploadSessionReadyMs":0,"firstChunkMs":null,"speechDetectedMs":0,"captureStopMs":0,"batchFinalizeMs":0,"totalMs":0,"usedBluetoothInput":false}
00:03 +98: D:/Documents/ai-speaking-flutter-app/test/features/voice_navigation/voice_navigation_controller_test.dart: Main button speaks the menu then starts the speaking flow
00:03 +98: D:/Documents/ai-speaking-flutter-app/test/features/voice_navigation/web_batch_streaming_speech_input_test.dart: uses the phone recorder when the iOS HFP route fails
HOMI Batch HFP route failed; falling back to phone mic: HFP route unavailable
00:03 +99: D:/Documents/ai-speaking-flutter-app/test/features/voice_navigation/voice_navigation_controller_test.dart: Main button speaks the menu then starts the speaking flow
00:03 +100: D:/Documents/ai-speaking-flutter-app/test/features/voice_navigation/voice_navigation_controller_test.dart: MAIN handles an unambiguous fallback phrase from a stable partial
00:03 +101: D:/Documents/ai-speaking-flutter-app/test/features/vocabulary/local_vocabulary_suggestion_provider_test.dart: creates adjective sentences locally without an AI provider
00:03 +102: D:/Documents/ai-speaking-flutter-app/test/features/vocabulary/local_vocabulary_suggestion_provider_test.dart: creates adjective sentences locally without an AI provider
00:03 +103: D:/Documents/ai-speaking-flutter-app/test/features/vocabulary/local_vocabulary_suggestion_provider_test.dart: creates adjective sentences locally without an AI provider
00:03 +104: D:/Documents/ai-speaking-flutter-app/test/features/voice_navigation/voice_navigation_controller_test.dart: Main opens the microphone when the native ready cue never completes
00:03 +105: D:/Documents/ai-speaking-flutter-app/test/features/voice_navigation/voice_navigation_controller_test.dart: Main opens the microphone when the native ready cue never completes
00:03 +106: D:/Documents/ai-speaking-flutter-app/test/features/voice_navigation/voice_navigation_controller_test.dart: Main opens the microphone when the native ready cue never completes
00:03 +107: D:/Documents/ai-speaking-flutter-app/test/features/voice_navigation/voice_navigation_controller_test.dart: Main opens the microphone when the native ready cue never completes
00:03 +108: D:/Documents/ai-speaking-flutter-app/test/features/voice_navigation/voice_navigation_controller_test.dart: Main opens the microphone when the native ready cue never completes
00:03 +109: D:/Documents/ai-speaking-flutter-app/test/features/voice_navigation/voice_navigation_controller_test.dart: Main opens the microphone when the native ready cue never completes
00:04 +110: D:/Documents/ai-speaking-flutter-app/test/features/voice_navigation/voice_navigation_controller_test.dart: Main opens the microphone when the native ready cue never completes
00:04 +111: D:/Documents/ai-speaking-flutter-app/test/features/voice_navigation/voice_navigation_controller_test.dart: Main opens the microphone when the native ready cue never completes
00:04 +112: D:/Documents/ai-speaking-flutter-app/test/features/voice_navigation/voice_navigation_controller_test.dart: Main opens the microphone when the native ready cue never completes
00:04 +113: D:/Documents/ai-speaking-flutter-app/test/features/voice_navigation/voice_navigation_controller_test.dart: Main opens the microphone when the native ready cue never completes
00:04 +114: D:/Documents/ai-speaking-flutter-app/test/features/voice_navigation/voice_navigation_controller_test.dart: Main opens the microphone when the native ready cue never completes
00:04 +115: D:/Documents/ai-speaking-flutter-app/test/features/voice_navigation/voice_navigation_controller_test.dart: Main command window starts only after the microphone is ready
00:04 +116: D:/Documents/ai-speaking-flutter-app/test/features/voice_navigation/voice_navigation_controller_test.dart: Main command window starts only after the microphone is ready
00:04 +117: D:/Documents/ai-speaking-flutter-app/test/features/voice_navigation/voice_navigation_controller_test.dart: Main command window starts only after the microphone is ready
00:04 +118: D:/Documents/ai-speaking-flutter-app/test/features/voice_navigation/voice_navigation_controller_test.dart: Main command window starts only after the microphone is ready
00:04 +119: D:/Documents/ai-speaking-flutter-app/test/features/voice_navigation/voice_navigation_controller_test.dart: Main command window starts only after the microphone is ready
00:04 +120: D:/Documents/ai-speaking-flutter-app/test/features/voice_navigation/voice_navigation_controller_test.dart: Main command window starts only after the microphone is ready
00:04 +121: D:/Documents/ai-speaking-flutter-app/test/features/voice_navigation/voice_navigation_controller_test.dart: Main command window starts only after the microphone is ready
00:04 +122: D:/Documents/ai-speaking-flutter-app/test/features/voice_navigation/voice_navigation_controller_test.dart: Main command window starts only after the microphone is ready
00:04 +123: D:/Documents/ai-speaking-flutter-app/test/features/voice_navigation/voice_navigation_controller_test.dart: Main command window starts only after the microphone is ready
00:04 +124: D:/Documents/ai-speaking-flutter-app/test/features/voice_navigation/voice_navigation_controller_test.dart: Main prompt reopens the mic immediately after final recognition
00:04 +125: D:/Documents/ai-speaking-flutter-app/test/features/voice_navigation/voice_navigation_controller_test.dart: HFP speech activity extends MAIN command window before transcript
00:04 +126: D:/Documents/ai-speaking-flutter-app/test/features/voice_navigation/voice_navigation_controller_test.dart: HFP speech activity extends MAIN command window before transcript
00:04 +127: D:/Documents/ai-speaking-flutter-app/test/features/voice_navigation/voice_navigation_controller_test.dart: HFP speech activity extends MAIN command window before transcript
00:04 +128: D:/Documents/ai-speaking-flutter-app/test/features/voice_navigation/voice_navigation_controller_test.dart: HFP speech activity extends MAIN command window before transcript
00:04 +129: D:/Documents/ai-speaking-flutter-app/test/features/voice_navigation/voice_navigation_controller_test.dart: HFP speech activity extends MAIN command window before transcript
00:04 +130: D:/Documents/ai-speaking-flutter-app/test/features/voice_navigation/voice_navigation_controller_test.dart: HFP speech activity extends MAIN command window before transcript
00:05 +131: D:/Documents/ai-speaking-flutter-app/test/features/voice_navigation/voice_navigation_controller_test.dart: Main exposes its first microphone start failure without retrying
00:05 +132: D:/Documents/ai-speaking-flutter-app/test/features/voice_navigation/voice_navigation_controller_test.dart: Main pauses its command deadline while a premature completion recovers
00:05 +133: D:/Documents/ai-speaking-flutter-app/test/features/voice_navigation/voice_navigation_controller_test.dart: Android MAIN recovers a transient recognizer timeout without showing a mic error
00:05 +134: D:/Documents/ai-speaking-flutter-app/test/features/voice_navigation/voice_navigation_controller_test.dart: repeated Android timeouts use the normal spoken no-speech retry
00:05 +135: D:/Documents/ai-speaking-flutter-app/test/features/voice_navigation/voice_navigation_controller_test.dart: Main stops automatic retries and exposes the microphone error
00:05 +136: D:/Documents/ai-speaking-flutter-app/test/features/voice_navigation/voice_navigation_controller_test.dart: Main activation never exposes a transient inactive session
00:05 +137: D:/Documents/ai-speaking-flutter-app/test/features/voice_navigation/voice_navigation_controller_test.dart: Main delegates missing profile age to the topic screen
00:05 +138: D:/Documents/ai-speaking-flutter-app/test/features/voice_navigation/voice_navigation_controller_test.dart: saved age lets MAIN open Level selection without the legacy total
00:05 +139: D:/Documents/ai-speaking-flutter-app/test/features/voice_navigation/voice_navigation_controller_test.dart: completed topic prompt continues through topic and lesson
00:05 +140: D:/Documents/ai-speaking-flutter-app/test/features/voice_navigation/voice_navigation_controller_test.dart: completed Course Level choice is handled by the MAIN microphone
00:05 +141: D:/Documents/ai-speaking-flutter-app/test/features/voice_navigation/voice_navigation_controller_test.dart: speaking command opens the other-learning voice menu
00:05 +142: D:/Documents/ai-speaking-flutter-app/test/features/voice_navigation/voice_navigation_controller_test.dart: translation STOP keeps both menus and mic closed until explicit MAIN
00:05 +143: D:/Documents/ai-speaking-flutter-app/test/features/voice_navigation/voice_navigation_controller_test.dart: Main opens today practice when parent vocabulary is pending
00:05 +144: D:/Documents/ai-speaking-flutter-app/test/features/voice_navigation/voice_navigation_controller_test.dart: active lesson Main next answer advances through the module bridge
00:05 +145: D:/Documents/ai-speaking-flutter-app/test/features/voice_navigation/voice_navigation_controller_test.dart: active lesson Main previous answer moves back through the module bridge
00:05 +146: D:/Documents/ai-speaking-flutter-app/test/features/voice_navigation/voice_navigation_controller_test.dart: active lesson Main dispatches the remaining D07 and D08 commands
00:05 +147: D:/Documents/ai-speaking-flutter-app/test/features/voice_navigation/voice_navigation_controller_test.dart: active lesson exit choice keeps listening then opens vocabulary
00:05 +148: D:/Documents/ai-speaking-flutter-app/test/features/voice_navigation/voice_navigation_controller_test.dart: MAIN finalizes buffered iOS transcript when its command window ends
00:05 +149: D:/Documents/ai-speaking-flutter-app/test/features/voice_navigation/voice_navigation_controller_test.dart: Main asks once after silence then exits on the second timeout
00:05 +150: D:/Documents/ai-speaking-flutter-app/test/features/voice_navigation/voice_navigation_controller_test.dart: vocabulary star branch uses its exact silence prompts
00:05 +151: D:/Documents/ai-speaking-flutter-app/test/features/voice_navigation/voice_navigation_controller_test.dart: pauses navigation recognizer before conversation can reuse it
00:05 +152: D:/Documents/ai-speaking-flutter-app/test/features/voice_navigation/voice_navigation_controller_test.dart: handles an explicit command from a stable partial result
00:05 +153: D:/Documents/ai-speaking-flutter-app/test/features/vocabulary/vocabulary_home_screen_test.dart: touch back changes UI immediately and cancels old audio queue
00:05 +154: D:/Documents/ai-speaking-flutter-app/test/features/vocabulary/vocabulary_home_screen_test.dart: touch back changes UI immediately and cancels old audio queue
00:05 +155: D:/Documents/ai-speaking-flutter-app/test/features/vocabulary/vocabulary_home_screen_test.dart: touch back changes UI immediately and cancels old audio queue
00:06 +156: D:/Documents/ai-speaking-flutter-app/test/features/vocabulary/vocabulary_home_screen_test.dart: touch back changes UI immediately and cancels old audio queue
00:06 +157: D:/Documents/ai-speaking-flutter-app/test/features/vocabulary/vocabulary_home_screen_test.dart: touch back changes UI immediately and cancels old audio queue
00:06 +158: D:/Documents/ai-speaking-flutter-app/test/features/vocabulary/vocabulary_home_screen_test.dart: touch back changes UI immediately and cancels old audio queue
00:06 +159: D:/Documents/ai-speaking-flutter-app/test/features/vocabulary/vocabulary_home_screen_test.dart: touch back changes UI immediately and cancels old audio queue
00:06 +160: D:/Documents/ai-speaking-flutter-app/test/features/vocabulary/vocabulary_home_screen_test.dart: touch back changes UI immediately and cancels old audio queue
00:06 +161: D:/Documents/ai-speaking-flutter-app/test/features/vocabulary/vocabulary_home_screen_test.dart: touch back changes UI immediately and cancels old audio queue
00:06 +162: D:/Documents/ai-speaking-flutter-app/test/features/vocabulary/vocabulary_home_screen_test.dart: touch back changes UI immediately and cancels old audio queue
00:06 +163: D:/Documents/ai-speaking-flutter-app/test/features/vocabulary/vocabulary_home_screen_test.dart: touch back changes UI immediately and cancels old audio queue
00:06 +164: D:/Documents/ai-speaking-flutter-app/test/features/vocabulary/vocabulary_home_screen_test.dart: touch back changes UI immediately and cancels old audio queue
00:06 +165: D:/Documents/ai-speaking-flutter-app/test/features/vocabulary/vocabulary_home_screen_test.dart: touch back changes UI immediately and cancels old audio queue
00:06 +166: D:/Documents/ai-speaking-flutter-app/test/features/vocabulary/vocabulary_home_screen_test.dart: touch back changes UI immediately and cancels old audio queue
00:06 +167: D:/Documents/ai-speaking-flutter-app/test/features/vocabulary/vocabulary_home_screen_test.dart: touch back changes UI immediately and cancels old audio queue
00:07 +168: D:/Documents/ai-speaking-flutter-app/test/features/vocabulary/vocabulary_home_screen_test.dart: touch back changes UI immediately and cancels old audio queue
00:07 +169: D:/Documents/ai-speaking-flutter-app/test/features/vocabulary/vocabulary_home_screen_test.dart: touch back changes UI immediately and cancels old audio queue
00:07 +170: D:/Documents/ai-speaking-flutter-app/test/features/vocabulary/vocabulary_home_screen_test.dart: touch back changes UI immediately and cancels old audio queue
00:07 +171: D:/Documents/ai-speaking-flutter-app/test/features/vocabulary/vocabulary_home_screen_test.dart: touch back changes UI immediately and cancels old audio queue
00:07 +172: D:/Documents/ai-speaking-flutter-app/test/features/vocabulary/vocabulary_home_screen_test.dart: touch back changes UI immediately and cancels old audio queue
00:07 +173: D:/Documents/ai-speaking-flutter-app/test/features/vocabulary/vocabulary_home_screen_test.dart: touch back changes UI immediately and cancels old audio queue
00:07 +174: D:/Documents/ai-speaking-flutter-app/test/features/vocabulary/vocabulary_home_screen_test.dart: touch back changes UI immediately and cancels old audio queue
00:07 +175: D:/Documents/ai-speaking-flutter-app/test/features/vocabulary/vocabulary_home_screen_test.dart: touch back changes UI immediately and cancels old audio queue
00:07 +176: D:/Documents/ai-speaking-flutter-app/test/features/vocabulary/vocabulary_home_screen_test.dart: touch back changes UI immediately and cancels old audio queue
00:07 +177: D:/Documents/ai-speaking-flutter-app/test/features/vocabulary/vocabulary_home_screen_test.dart: touch back changes UI immediately and cancels old audio queue
00:07 +178: D:/Documents/ai-speaking-flutter-app/test/features/vocabulary/vocabulary_home_screen_test.dart: touch back changes UI immediately and cancels old audio queue
00:07 +179: D:/Documents/ai-speaking-flutter-app/test/features/vocabulary/vocabulary_practice_screen_test.dart: unfinished Today exits with screen Back even if audio stop hangs
00:07 +180: D:/Documents/ai-speaking-flutter-app/test/features/vocabulary/vocabulary_practice_golden_test.dart: parent-added journey uses the welcoming HOMI
00:07 +181: D:/Documents/ai-speaking-flutter-app/test/features/vocabulary/vocabulary_practice_golden_test.dart: parent-added journey uses the welcoming HOMI
00:07 +182: D:/Documents/ai-speaking-flutter-app/test/features/vocabulary/vocabulary_practice_golden_test.dart: parent-added journey uses the welcoming HOMI
00:07 +183: D:/Documents/ai-speaking-flutter-app/test/features/vocabulary/vocabulary_practice_screen_test.dart: Today stops after five listen-only items and MAIN timeout never replays
00:07 +184: D:/Documents/ai-speaking-flutter-app/test/features/vocabulary/vocabulary_home_screen_test.dart: keeps search and add out of Stars and Review on a narrow screen
00:08 +185: D:/Documents/ai-speaking-flutter-app/test/features/vocabulary/vocabulary_home_screen_test.dart: keeps search and add out of Stars and Review on a narrow screen
00:08 +186: D:/Documents/ai-speaking-flutter-app/test/features/vocabulary/vocabulary_home_screen_test.dart: keeps search and add out of Stars and Review on a narrow screen
00:08 +187: D:/Documents/ai-speaking-flutter-app/test/features/vocabulary/vocabulary_home_screen_test.dart: keeps search and add out of Stars and Review on a narrow screen
00:08 +188: D:/Documents/ai-speaking-flutter-app/test/features/vocabulary/vocabulary_home_screen_test.dart: keeps search and add out of Stars and Review on a narrow screen
00:08 +189: D:/Documents/ai-speaking-flutter-app/test/features/vocabulary/vocabulary_home_screen_test.dart: keeps search and add out of Stars and Review on a narrow screen
00:08 +190: D:/Documents/ai-speaking-flutter-app/test/features/vocabulary/vocabulary_home_screen_test.dart: keeps search and add out of Stars and Review on a narrow screen
00:08 +191: D:/Documents/ai-speaking-flutter-app/test/features/listening/active_learning_navigation_test.dart: uses an immediate route while Android is paused
00:08 +192: D:/Documents/ai-speaking-flutter-app/test/features/vocabulary/vocabulary_practice_screen_test.dart: completed block lets MAIN route directly to Stars after interruption
00:08 +193: D:/Documents/ai-speaking-flutter-app/test/features/vocabulary/vocabulary_home_screen_test.dart: adds a Vietnamese vocabulary entry and persists it
00:08 +194: D:/Documents/ai-speaking-flutter-app/test/features/vocabulary/vocabulary_home_screen_test.dart: adds a Vietnamese vocabulary entry and persists it
00:08 +195: D:/Documents/ai-speaking-flutter-app/test/features/vocabulary/vocabulary_home_screen_test.dart: adds a Vietnamese vocabulary entry and persists it
00:08 +196: D:/Documents/ai-speaking-flutter-app/test/features/vocabulary/vocabulary_home_screen_test.dart: adds a Vietnamese vocabulary entry and persists it
00:08 +197: D:/Documents/ai-speaking-flutter-app/test/features/vocabulary/vocabulary_home_screen_test.dart: adds a Vietnamese vocabulary entry and persists it
00:08 +198: D:/Documents/ai-speaking-flutter-app/test/features/vocabulary/vocabulary_home_screen_test.dart: adds a Vietnamese vocabulary entry and persists it
00:08 +199: D:/Documents/ai-speaking-flutter-app/test/features/vocabulary/vocabulary_home_screen_test.dart: adds a Vietnamese vocabulary entry and persists it
00:08 +200: D:/Documents/ai-speaking-flutter-app/test/features/vocabulary/vocabulary_home_screen_test.dart: adds a Vietnamese vocabulary entry and persists it
00:08 +201: D:/Documents/ai-speaking-flutter-app/test/features/vocabulary/vocabulary_home_screen_test.dart: adds a Vietnamese vocabulary entry and persists it
00:08 +202: D:/Documents/ai-speaking-flutter-app/test/features/vocabulary/vocabulary_home_screen_test.dart: adds a Vietnamese vocabulary entry and persists it
00:08 +203: D:/Documents/ai-speaking-flutter-app/test/features/vocabulary/vocabulary_home_screen_test.dart: adds a Vietnamese vocabulary entry and persists it
00:08 +204: D:/Documents/ai-speaking-flutter-app/test/features/vocabulary/vocabulary_home_screen_test.dart: adds a Vietnamese vocabulary entry and persists it
00:08 +205: D:/Documents/ai-speaking-flutter-app/test/features/vocabulary/vocabulary_home_screen_test.dart: adds a Vietnamese vocabulary entry and persists it
00:08 +206: D:/Documents/ai-speaking-flutter-app/test/features/vocabulary/vocabulary_home_screen_test.dart: adds a Vietnamese vocabulary entry and persists it
00:08 +207: D:/Documents/ai-speaking-flutter-app/test/features/vocabulary/vocabulary_home_screen_test.dart: adds a Vietnamese vocabulary entry and persists it
00:08 +208: D:/Documents/ai-speaking-flutter-app/test/features/vocabulary/vocabulary_home_screen_test.dart: adds a Vietnamese vocabulary entry and persists it
00:08 +209: D:/Documents/ai-speaking-flutter-app/test/features/vocabulary/vocabulary_home_screen_test.dart: adds a Vietnamese vocabulary entry and persists it
00:08 +210: D:/Documents/ai-speaking-flutter-app/test/features/vocabulary/vocabulary_home_screen_test.dart: adds a Vietnamese vocabulary entry and persists it
00:09 +211: D:/Documents/ai-speaking-flutter-app/test/features/vocabulary/vocabulary_home_screen_test.dart: rejects content found anywhere in the Topic curriculum
00:09 +212: D:/Documents/ai-speaking-flutter-app/test/features/vocabulary/vocabulary_home_screen_test.dart: rejects content found anywhere in the Topic curriculum
00:09 +213: D:/Documents/ai-speaking-flutter-app/test/features/vocabulary/vocabulary_home_screen_test.dart: rejects content found anywhere in the Topic curriculum
00:09 +214: D:/Documents/ai-speaking-flutter-app/test/features/vocabulary/vocabulary_home_screen_test.dart: rejects content found anywhere in the Topic curriculum
00:09 +215: D:/Documents/ai-speaking-flutter-app/test/features/vocabulary/vocabulary_home_screen_test.dart: rejects content found anywhere in the Topic curriculum
00:09 +216: D:/Documents/ai-speaking-flutter-app/test/features/vocabulary/vocabulary_home_screen_test.dart: rejects content found anywhere in the Topic curriculum
00:09 +217: D:/Documents/ai-speaking-flutter-app/test/features/vocabulary/vocabulary_home_screen_test.dart: rejects content found anywhere in the Topic curriculum
00:09 +218: D:/Documents/ai-speaking-flutter-app/test/features/vocabulary/vocabulary_home_screen_test.dart: rejects content found anywhere in the Topic curriculum
00:09 +219: D:/Documents/ai-speaking-flutter-app/test/features/vocabulary/vocabulary_home_screen_test.dart: rejects content found anywhere in the Topic curriculum
00:09 +220: D:/Documents/ai-speaking-flutter-app/test/features/vocabulary/vocabulary_home_screen_test.dart: rejects content found anywhere in the Topic curriculum
00:09 +221: D:/Documents/ai-speaking-flutter-app/test/features/vocabulary/vocabulary_home_screen_test.dart: rejects content found anywhere in the Topic curriculum
00:09 +222: D:/Documents/ai-speaking-flutter-app/test/features/vocabulary/vocabulary_home_screen_test.dart: rejects content found anywhere in the Topic curriculum
00:09 +223: D:/Documents/ai-speaking-flutter-app/test/features/vocabulary/vocabulary_home_screen_test.dart: rejects content found anywhere in the Topic curriculum
00:09 +224: D:/Documents/ai-speaking-flutter-app/test/features/vocabulary/vocabulary_home_screen_test.dart: rejects content found anywhere in the Topic curriculum
00:09 +225: D:/Documents/ai-speaking-flutter-app/test/features/vocabulary/vocabulary_home_screen_test.dart: rejects content found anywhere in the Topic curriculum
00:09 +226: D:/Documents/ai-speaking-flutter-app/test/features/vocabulary/vocabulary_home_screen_test.dart: rejects content found anywhere in the Topic curriculum
00:09 +227: D:/Documents/ai-speaking-flutter-app/test/features/vocabulary/vocabulary_home_screen_test.dart: rejects content found anywhere in the Topic curriculum
00:09 +228: D:/Documents/ai-speaking-flutter-app/test/features/listening/lesson_attempt_evaluator_test.dart: basic Apple Speech lesson matching requires the complete target word count
00:09 +229: D:/Documents/ai-speaking-flutter-app/test/features/vocabulary/vocabulary_home_screen_test.dart: keeps search separate from the dedicated add flow
00:09 +230: D:/Documents/ai-speaking-flutter-app/test/features/vocabulary/vocabulary_home_screen_test.dart: keeps search separate from the dedicated add flow
00:09 +231: D:/Documents/ai-speaking-flutter-app/test/features/vocabulary/vocabulary_home_screen_test.dart: keeps search separate from the dedicated add flow
00:09 +232: D:/Documents/ai-speaking-flutter-app/test/features/vocabulary/vocabulary_home_screen_test.dart: keeps search separate from the dedicated add flow
00:09 +233: D:/Documents/ai-speaking-flutter-app/test/features/vocabulary/vocabulary_home_screen_test.dart: keeps search separate from the dedicated add flow
00:09 +234: D:/Documents/ai-speaking-flutter-app/test/features/vocabulary/vocabulary_home_screen_test.dart: keeps search separate from the dedicated add flow
00:09 +235: D:/Documents/ai-speaking-flutter-app/test/features/vocabulary/vocabulary_home_screen_test.dart: keeps search separate from the dedicated add flow
00:09 +236: D:/Documents/ai-speaking-flutter-app/test/features/vocabulary/vocabulary_home_screen_test.dart: keeps search separate from the dedicated add flow
00:09 +237: D:/Documents/ai-speaking-flutter-app/test/features/vocabulary/vocabulary_home_screen_test.dart: keeps search separate from the dedicated add flow
00:09 +238: D:/Documents/ai-speaking-flutter-app/test/features/vocabulary/vocabulary_home_screen_test.dart: keeps search separate from the dedicated add flow
00:09 +239: D:/Documents/ai-speaking-flutter-app/test/features/vocabulary/vocabulary_home_screen_test.dart: keeps search separate from the dedicated add flow
00:09 +240: D:/Documents/ai-speaking-flutter-app/test/features/vocabulary/vocabulary_home_screen_test.dart: keeps search separate from the dedicated add flow
00:09 +241: D:/Documents/ai-speaking-flutter-app/test/features/vocabulary/vocabulary_home_screen_test.dart: keeps search separate from the dedicated add flow
00:10 +242: D:/Documents/ai-speaking-flutter-app/test/features/vocabulary/vocabulary_home_screen_test.dart: keeps search separate from the dedicated add flow
00:10 +243: D:/Documents/ai-speaking-flutter-app/test/features/vocabulary/vocabulary_home_screen_test.dart: keeps search separate from the dedicated add flow
00:10 +244: D:/Documents/ai-speaking-flutter-app/test/features/vocabulary/vocabulary_home_screen_test.dart: keeps search separate from the dedicated add flow
00:10 +245: D:/Documents/ai-speaking-flutter-app/test/features/vocabulary/vocabulary_home_screen_test.dart: keeps search separate from the dedicated add flow
00:10 +246: D:/Documents/ai-speaking-flutter-app/test/features/vocabulary/vocabulary_home_screen_test.dart: keeps search separate from the dedicated add flow
00:10 +247: D:/Documents/ai-speaking-flutter-app/test/features/vocabulary/vocabulary_home_screen_test.dart: keeps search separate from the dedicated add flow
00:10 +248: D:/Documents/ai-speaking-flutter-app/test/features/vocabulary/vocabulary_home_screen_test.dart: keeps search separate from the dedicated add flow
00:10 +249: D:/Documents/ai-speaking-flutter-app/test/features/listening/lesson_challenge_screen_test.dart: ignores legacy role-play data and keeps the authored Challenge choices
00:10 +250: D:/Documents/ai-speaking-flutter-app/test/features/vocabulary/vocabulary_home_screen_test.dart: shows distinct dictionary meanings for the parent to choose
00:10 +251: D:/Documents/ai-speaking-flutter-app/test/features/listening/lesson_challenge_screen_test.dart: multiple legacy inputs never award Challenge Stars
00:10 +252: D:/Documents/ai-speaking-flutter-app/test/features/listening/lesson_flow_golden_test.dart: topic lesson journey matches the approved direction
00:11 +253: D:/Documents/ai-speaking-flutter-app/test/features/listening/lesson_flow_golden_test.dart: topic lesson journey matches the approved direction
00:11 +254: D:/Documents/ai-speaking-flutter-app/test/features/listening/lesson_flow_golden_test.dart: topic lesson journey matches the approved direction
00:11 +255: D:/Documents/ai-speaking-flutter-app/test/features/listening/lesson_flow_golden_test.dart: topic lesson journey matches the approved direction
00:11 +256: D:/Documents/ai-speaking-flutter-app/test/features/listening/lesson_flow_golden_test.dart: topic lesson journey matches the approved direction
00:11 +257: D:/Documents/ai-speaking-flutter-app/test/features/listening/lesson_flow_golden_test.dart: topic lesson journey matches the approved direction
00:11 +258: D:/Documents/ai-speaking-flutter-app/test/features/listening/lesson_flow_golden_test.dart: topic lesson journey matches the approved direction
00:11 +259: D:/Documents/ai-speaking-flutter-app/test/features/listening/lesson_flow_golden_test.dart: topic lesson journey matches the approved direction
00:11 +260: D:/Documents/ai-speaking-flutter-app/test/features/listening/lesson_flow_golden_test.dart: topic lesson journey matches the approved direction
00:11 +261: D:/Documents/ai-speaking-flutter-app/test/features/listening/lesson_flow_golden_test.dart: topic lesson journey matches the approved direction
00:11 +262: D:/Documents/ai-speaking-flutter-app/test/features/listening/lesson_flow_golden_test.dart: topic lesson journey matches the approved direction
00:11 +263: D:/Documents/ai-speaking-flutter-app/test/features/listening/lesson_flow_golden_test.dart: topic lesson journey matches the approved direction
00:11 +264: D:/Documents/ai-speaking-flutter-app/test/features/listening/lesson_flow_golden_test.dart: topic lesson journey matches the approved direction
00:11 +265: D:/Documents/ai-speaking-flutter-app/test/features/listening/lesson_flow_golden_test.dart: topic lesson journey matches the approved direction
00:11 +266: D:/Documents/ai-speaking-flutter-app/test/features/listening/lesson_flow_golden_test.dart: topic lesson journey matches the approved direction
00:11 +267: D:/Documents/ai-speaking-flutter-app/test/features/listening/lesson_flow_golden_test.dart: topic lesson journey matches the approved direction
00:11 +268: D:/Documents/ai-speaking-flutter-app/test/features/listening/lesson_flow_golden_test.dart: topic lesson journey matches the approved direction
00:11 +269: D:/Documents/ai-speaking-flutter-app/test/features/listening/lesson_flow_golden_test.dart: topic lesson journey matches the approved direction
00:11 +270: D:/Documents/ai-speaking-flutter-app/test/features/listening/lesson_flow_golden_test.dart: topic lesson journey matches the approved direction
00:12 +271: D:/Documents/ai-speaking-flutter-app/test/features/listening/lesson_flow_golden_test.dart: topic lesson journey matches the approved direction
00:12 +272: D:/Documents/ai-speaking-flutter-app/test/features/listening/lesson_flow_golden_test.dart: topic lesson journey matches the approved direction
00:12 +273: D:/Documents/ai-speaking-flutter-app/test/features/listening/lesson_flow_golden_test.dart: topic lesson journey matches the approved direction
00:12 +274: D:/Documents/ai-speaking-flutter-app/test/features/listening/lesson_flow_golden_test.dart: topic lesson journey matches the approved direction
00:12 +275: D:/Documents/ai-speaking-flutter-app/test/features/listening/lesson_guided_flow_test.dart: virtual lesson buttons interrupt the current recording and change sentence
00:12 +276: D:/Documents/ai-speaking-flutter-app/test/features/listening/lesson_guided_flow_test.dart: virtual lesson buttons interrupt the current recording and change sentence
00:12 +277: D:/Documents/ai-speaking-flutter-app/test/features/listening/lesson_guided_flow_test.dart: virtual lesson buttons interrupt the current recording and change sentence
00:12 +278: D:/Documents/ai-speaking-flutter-app/test/features/listening/lesson_guided_flow_test.dart: virtual lesson buttons interrupt the current recording and change sentence
00:12 +279: D:/Documents/ai-speaking-flutter-app/test/features/listening/lesson_guided_flow_test.dart: virtual lesson buttons interrupt the current recording and change sentence
00:12 +280: D:/Documents/ai-speaking-flutter-app/test/features/listening/lesson_guided_flow_test.dart: virtual lesson buttons interrupt the current recording and change sentence
00:12 +281: D:/Documents/ai-speaking-flutter-app/test/features/listening/lesson_guided_flow_test.dart: virtual lesson buttons interrupt the current recording and change sentence
00:12 +282: D:/Documents/ai-speaking-flutter-app/test/features/listening/lesson_guided_flow_test.dart: virtual lesson buttons interrupt the current recording and change sentence
00:12 +283: D:/Documents/ai-speaking-flutter-app/test/features/listening/lesson_guided_flow_test.dart: virtual lesson buttons interrupt the current recording and change sentence
00:12 +284: D:/Documents/ai-speaking-flutter-app/test/features/listening/lesson_guided_flow_test.dart: virtual lesson buttons interrupt the current recording and change sentence
00:12 +285: D:/Documents/ai-speaking-flutter-app/test/features/listening/lesson_guided_flow_test.dart: virtual lesson buttons interrupt the current recording and change sentence
00:12 +286: D:/Documents/ai-speaking-flutter-app/test/features/listening/lesson_guided_flow_test.dart: virtual lesson buttons interrupt the current recording and change sentence
00:12 +287: D:/Documents/ai-speaking-flutter-app/test/features/listening/lesson_guided_flow_test.dart: virtual lesson buttons interrupt the current recording and change sentence
00:12 +288: D:/Documents/ai-speaking-flutter-app/test/features/listening/lesson_guided_flow_test.dart: virtual lesson buttons interrupt the current recording and change sentence
00:12 +289: D:/Documents/ai-speaking-flutter-app/test/features/listening/lesson_guided_flow_test.dart: virtual lesson buttons interrupt the current recording and change sentence
00:12 +290: D:/Documents/ai-speaking-flutter-app/test/features/listening/lesson_guided_flow_test.dart: virtual lesson buttons interrupt the current recording and change sentence
00:12 +291: D:/Documents/ai-speaking-flutter-app/test/features/listening/lesson_flow_golden_test.dart: lesson intro matches the approved direction
00:13 +292: D:/Documents/ai-speaking-flutter-app/test/features/listening/lesson_flow_golden_test.dart: lesson intro matches the approved direction
00:13 +293: D:/Documents/ai-speaking-flutter-app/test/features/listening/lesson_guided_flow_test.dart: previous sentence starts a fresh guided attempt despite an old recording
00:13 +294: D:/Documents/ai-speaking-flutter-app/test/features/listening/lesson_overview_screen_test.dart: V4 resumes from its first interrupted core sentence
00:13 +295: D:/Documents/ai-speaking-flutter-app/test/features/listening/lesson_overview_screen_test.dart: V4 resumes from its first interrupted core sentence
00:13 +296: D:/Documents/ai-speaking-flutter-app/test/features/listening/lesson_overview_screen_test.dart: V4 resumes from its first interrupted core sentence
00:13 +297: D:/Documents/ai-speaking-flutter-app/test/features/listening/lesson_overview_screen_test.dart: V4 resumes from its first interrupted core sentence
00:13 +298: D:/Documents/ai-speaking-flutter-app/test/features/listening/lesson_overview_screen_test.dart: V4 resumes from its first interrupted core sentence
00:13 +299: D:/Documents/ai-speaking-flutter-app/test/features/listening/lesson_overview_screen_test.dart: V4 resumes from its first interrupted core sentence
00:13 +300: D:/Documents/ai-speaking-flutter-app/test/features/listening/lesson_overview_screen_test.dart: V4 resumes from its first interrupted core sentence
00:13 +301: D:/Documents/ai-speaking-flutter-app/test/features/listening/lesson_overview_screen_test.dart: V4 resumes from its first interrupted core sentence
00:13 +302: D:/Documents/ai-speaking-flutter-app/test/features/listening/lesson_overview_screen_test.dart: V4 resumes from its first interrupted core sentence
00:13 +303: D:/Documents/ai-speaking-flutter-app/test/features/listening/lesson_overview_screen_test.dart: V4 resumes from its first interrupted core sentence
00:13 +304: D:/Documents/ai-speaking-flutter-app/test/features/listening/lesson_overview_screen_test.dart: V4 resumes from its first interrupted core sentence
00:14 +305: D:/Documents/ai-speaking-flutter-app/test/features/listening/lesson_practice_navigation_test.dart: paused silent lesson exits via screen Back with stalled audio
00:14 +306: D:/Documents/ai-speaking-flutter-app/test/features/listening/lesson_practice_navigation_test.dart: paused silent lesson exits via screen Back with stalled audio
00:14 +307: D:/Documents/ai-speaking-flutter-app/test/features/listening/lesson_practice_navigation_test.dart: paused silent lesson exits via screen Back with stalled audio
00:14 +308: D:/Documents/ai-speaking-flutter-app/test/features/listening/lesson_practice_navigation_test.dart: paused silent lesson exits via screen Back with stalled audio
00:14 +309: D:/Documents/ai-speaking-flutter-app/test/features/listening/lesson_practice_navigation_test.dart: paused silent lesson exits via screen Back with stalled audio
00:14 +310: D:/Documents/ai-speaking-flutter-app/test/features/listening/lesson_practice_navigation_test.dart: paused silent lesson exits via screen Back with stalled audio
00:14 +311: D:/Documents/ai-speaking-flutter-app/test/features/listening/lesson_practice_navigation_test.dart: paused silent lesson exits via screen Back with stalled audio
00:14 +312: D:/Documents/ai-speaking-flutter-app/test/features/listening/lesson_practice_navigation_test.dart: paused silent lesson exits via screen Back with stalled audio
00:14 +313: D:/Documents/ai-speaking-flutter-app/test/features/listening/lesson_practice_navigation_test.dart: paused silent lesson exits via screen Back with stalled audio
00:14 +314: D:/Documents/ai-speaking-flutter-app/test/features/listening/lesson_practice_navigation_test.dart: paused silent lesson exits via screen Back with stalled audio
00:14 +315: D:/Documents/ai-speaking-flutter-app/test/features/listening/lesson_practice_navigation_test.dart: paused silent lesson exits via screen Back with stalled audio
00:14 +316: D:/Documents/ai-speaking-flutter-app/test/features/listening/lesson_practice_navigation_test.dart: paused silent lesson exits via screen Back with stalled audio
00:14 +316: D:/Documents/ai-speaking-flutter-app/test/features/listening/lesson_guided_flow_test.dart: V4 falls back to local TTS when authored EN-VI audio fails
HOMI English authored audio unavailable; using local TTS: Bad state: Authored audio unavailable.
HOMI Vietnamese authored audio unavailable; using local TTS: Bad state: Authored audio unavailable.
00:14 +317: D:/Documents/ai-speaking-flutter-app/test/features/listening/lesson_practice_navigation_test.dart: paused silent lesson exits via screen Back with stalled audio
00:14 +318: D:/Documents/ai-speaking-flutter-app/test/features/listening/lesson_practice_navigation_test.dart: paused silent lesson exits via screen Back with stalled audio
00:14 +319: D:/Documents/ai-speaking-flutter-app/test/features/listening/lesson_practice_navigation_test.dart: paused silent lesson exits via screen Back with stalled audio
00:14 +320: D:/Documents/ai-speaking-flutter-app/test/features/listening/lesson_practice_navigation_test.dart: paused silent lesson exits via screen Back with stalled audio
00:14 +321: D:/Documents/ai-speaking-flutter-app/test/features/listening/lesson_practice_navigation_test.dart: paused silent lesson exits via screen Back with stalled audio
00:14 +322: D:/Documents/ai-speaking-flutter-app/test/features/listening/lesson_practice_navigation_test.dart: paused silent lesson exits via screen Back with stalled audio
00:14 +323: D:/Documents/ai-speaking-flutter-app/test/features/listening/lesson_practice_navigation_test.dart: paused silent lesson exits via screen Back with stalled audio
00:14 +324: D:/Documents/ai-speaking-flutter-app/test/features/listening/lesson_practice_navigation_test.dart: paused silent lesson exits via screen Back with stalled audio
00:15 +325: D:/Documents/ai-speaking-flutter-app/test/features/listening/lesson_practice_navigation_test.dart: paused silent lesson exits via screen Back with stalled audio
00:15 +326: D:/Documents/ai-speaking-flutter-app/test/features/listening/lesson_guided_flow_test.dart: MAIN pause then resume accepts a correct fresh lesson attempt
00:15 +327: D:/Documents/ai-speaking-flutter-app/test/features/listening/lesson_guided_flow_test.dart: MAIN pause then resume accepts a correct fresh lesson attempt
00:15 +328: D:/Documents/ai-speaking-flutter-app/test/features/listening/lesson_guided_flow_test.dart: MAIN pause then resume accepts a correct fresh lesson attempt
00:15 +329: D:/Documents/ai-speaking-flutter-app/test/features/listening/lesson_guided_flow_test.dart: MAIN pause then resume accepts a correct fresh lesson attempt
00:15 +330: D:/Documents/ai-speaking-flutter-app/test/features/listening/lesson_guided_flow_test.dart: MAIN pause then resume accepts a correct fresh lesson attempt
00:15 +331: D:/Documents/ai-speaking-flutter-app/test/features/listening/lesson_practice_navigation_test.dart: paused silent lesson exits via system Back with stalled audio
00:15 +332: D:/Documents/ai-speaking-flutter-app/test/features/listening/lesson_flow_golden_test.dart: V4 completion opens an authored voice challenge
00:15 +333: D:/Documents/ai-speaking-flutter-app/test/features/listening/lesson_flow_golden_test.dart: V4 completion opens an authored voice challenge
00:15 +334: D:/Documents/ai-speaking-flutter-app/test/features/listening/lesson_flow_golden_test.dart: V4 completion opens an authored voice challenge
00:15 +335: D:/Documents/ai-speaking-flutter-app/test/features/listening/lesson_flow_golden_test.dart: V4 completion opens an authored voice challenge
00:16 +336: D:/Documents/ai-speaking-flutter-app/test/features/listening/lesson_flow_golden_test.dart: V4 completion opens an authored voice challenge
00:16 +337: D:/Documents/ai-speaking-flutter-app/test/features/listening/lesson_flow_golden_test.dart: V4 completion opens an authored voice challenge
00:16 +338: D:/Documents/ai-speaking-flutter-app/test/features/listening/lesson_flow_golden_test.dart: V4 completion opens an authored voice challenge
00:16 +339: D:/Documents/ai-speaking-flutter-app/test/features/listening/lesson_flow_golden_test.dart: V4 completion opens an authored voice challenge
00:16 +340: D:/Documents/ai-speaking-flutter-app/test/features/listening/lesson_flow_golden_test.dart: V4 completion opens an authored voice challenge
00:16 +341: D:/Documents/ai-speaking-flutter-app/test/features/listening/lesson_flow_golden_test.dart: V4 completion opens an authored voice challenge
00:16 +342: D:/Documents/ai-speaking-flutter-app/test/features/listening/lesson_flow_golden_test.dart: V4 completion opens an authored voice challenge
00:16 +343: D:/Documents/ai-speaking-flutter-app/test/features/listening/lesson_flow_golden_test.dart: V4 completion opens an authored voice challenge
00:16 +344: D:/Documents/ai-speaking-flutter-app/test/features/listening/lesson_flow_golden_test.dart: V4 completion opens an authored voice challenge
00:16 +345: D:/Documents/ai-speaking-flutter-app/test/features/listening/lesson_flow_golden_test.dart: V4 completion opens an authored voice challenge
00:16 +346: D:/Documents/ai-speaking-flutter-app/test/features/listening/lesson_flow_golden_test.dart: V4 completion opens an authored voice challenge
00:16 +347: D:/Documents/ai-speaking-flutter-app/test/features/listening/lesson_flow_golden_test.dart: V4 completion opens an authored voice challenge
00:17 +348: D:/Documents/ai-speaking-flutter-app/test/features/listening/lesson_flow_golden_test.dart: V4 completion opens an authored voice challenge
00:17 +349: D:/Documents/ai-speaking-flutter-app/test/features/listening/lesson_flow_golden_test.dart: V4 completion opens an authored voice challenge
00:17 +350: D:/Documents/ai-speaking-flutter-app/test/features/listening/lesson_flow_golden_test.dart: V4 completion opens an authored voice challenge
00:17 +351: D:/Documents/ai-speaking-flutter-app/test/features/listening/lesson_flow_golden_test.dart: V4 completion opens an authored voice challenge
00:17 +352: D:/Documents/ai-speaking-flutter-app/test/features/listening/lesson_flow_golden_test.dart: V4 completion opens an authored voice challenge
00:17 +353: D:/Documents/ai-speaking-flutter-app/test/features/listening/lesson_flow_golden_test.dart: V4 completion opens an authored voice challenge
00:17 +354: D:/Documents/ai-speaking-flutter-app/test/features/listening/lesson_flow_golden_test.dart: V4 completion opens an authored voice challenge
00:17 +355: D:/Documents/ai-speaking-flutter-app/test/features/listening/lesson_flow_golden_test.dart: V4 completion opens an authored voice challenge
00:17 +356: D:/Documents/ai-speaking-flutter-app/test/features/listening/lesson_flow_golden_test.dart: V4 completion opens an authored voice challenge
00:17 +357: D:/Documents/ai-speaking-flutter-app/test/features/listening/lesson_flow_golden_test.dart: V4 completion opens an authored voice challenge
00:17 +358: D:/Documents/ai-speaking-flutter-app/test/features/listening/lesson_flow_golden_test.dart: V4 completion opens an authored voice challenge
00:17 +359: D:/Documents/ai-speaking-flutter-app/test/features/listening/lesson_flow_golden_test.dart: V4 completion opens an authored voice challenge
00:17 +360: D:/Documents/ai-speaking-flutter-app/test/features/listening/lesson_flow_golden_test.dart: V4 completion opens an authored voice challenge
00:17 +361: D:/Documents/ai-speaking-flutter-app/test/features/listening/lesson_flow_golden_test.dart: V4 completion opens an authored voice challenge
00:17 +362: D:/Documents/ai-speaking-flutter-app/test/features/listening/lesson_flow_golden_test.dart: V4 completion opens an authored voice challenge
00:17 +363: D:/Documents/ai-speaking-flutter-app/test/features/listening/lesson_flow_golden_test.dart: V4 completion opens an authored voice challenge
00:17 +364: D:/Documents/ai-speaking-flutter-app/test/features/listening/lesson_flow_golden_test.dart: V4 completion opens an authored voice challenge
00:17 +365: D:/Documents/ai-speaking-flutter-app/test/features/listening/lesson_flow_golden_test.dart: V4 completion opens an authored voice challenge
00:17 +366: D:/Documents/ai-speaking-flutter-app/test/features/listening/lesson_flow_golden_test.dart: V4 completion opens an authored voice challenge
00:17 +367: D:/Documents/ai-speaking-flutter-app/test/features/listening/lesson_flow_golden_test.dart: V4 completion opens an authored voice challenge
00:17 +368: D:/Documents/ai-speaking-flutter-app/test/features/listening/lesson_flow_golden_test.dart: V4 completion opens an authored voice challenge
00:17 +369: D:/Documents/ai-speaking-flutter-app/test/features/listening/lesson_flow_golden_test.dart: V4 completion opens an authored voice challenge
00:17 +370: D:/Documents/ai-speaking-flutter-app/test/features/listening/lesson_flow_golden_test.dart: V4 completion opens an authored voice challenge
00:18 +371: D:/Documents/ai-speaking-flutter-app/test/features/listening/lesson_flow_golden_test.dart: V4 completion opens an authored voice challenge
00:18 +372: D:/Documents/ai-speaking-flutter-app/test/features/listening/lesson_flow_golden_test.dart: V4 completion opens an authored voice challenge
00:18 +373: D:/Documents/ai-speaking-flutter-app/test/features/listening/lesson_flow_golden_test.dart: V4 completion opens an authored voice challenge
00:18 +374: D:/Documents/ai-speaking-flutter-app/test/features/listening/lesson_flow_golden_test.dart: V4 completion opens an authored voice challenge
00:18 +375: D:/Documents/ai-speaking-flutter-app/test/features/listening/lesson_flow_golden_test.dart: V4 completion opens an authored voice challenge
00:18 +376: D:/Documents/ai-speaking-flutter-app/test/features/listening/lesson_flow_golden_test.dart: V4 completion opens an authored voice challenge
00:19 +377: D:/Documents/ai-speaking-flutter-app/test/features/listening/lesson_flow_golden_test.dart: V4 completion opens an authored voice challenge
00:19 +378: D:/Documents/ai-speaking-flutter-app/test/features/listening/lesson_flow_golden_test.dart: V4 completion opens an authored voice challenge
00:19 +379: D:/Documents/ai-speaking-flutter-app/test/features/listening/lesson_flow_golden_test.dart: V4 completion opens an authored voice challenge
00:19 +380: D:/Documents/ai-speaking-flutter-app/test/features/listening/lesson_flow_golden_test.dart: V4 completion opens an authored voice challenge
00:19 +381: D:/Documents/ai-speaking-flutter-app/test/features/listening/lesson_flow_golden_test.dart: V4 completion opens an authored voice challenge
00:19 +381: D:/Documents/ai-speaking-flutter-app/test/features/listening/lesson_guided_flow_test.dart: V2 still reopens recording when unclear feedback playback fails
HOMI unclear feedback playback failed: Bad state: Unclear feedback playback failed.
00:19 +382: D:/Documents/ai-speaking-flutter-app/test/features/listening/lesson_flow_golden_test.dart: V4 completion opens an authored voice challenge
00:19 +383: D:/Documents/ai-speaking-flutter-app/test/features/listening/lesson_flow_golden_test.dart: V4 completion opens an authored voice challenge
00:19 +384: D:/Documents/ai-speaking-flutter-app/test/features/listening/lesson_flow_golden_test.dart: V4 completion opens an authored voice challenge
00:19 +385: D:/Documents/ai-speaking-flutter-app/test/features/listening/lesson_flow_golden_test.dart: V4 completion opens an authored voice challenge
00:19 +386: D:/Documents/ai-speaking-flutter-app/test/features/listening/lesson_flow_golden_test.dart: V4 completion opens an authored voice challenge
00:19 +387: D:/Documents/ai-speaking-flutter-app/test/features/listening/lesson_flow_golden_test.dart: V4 completion opens an authored voice challenge
00:19 +388: D:/Documents/ai-speaking-flutter-app/test/features/listening/lesson_flow_golden_test.dart: V4 completion opens an authored voice challenge
00:19 +389: D:/Documents/ai-speaking-flutter-app/test/features/listening/lesson_flow_golden_test.dart: V4 completion opens an authored voice challenge
00:20 +390: D:/Documents/ai-speaking-flutter-app/test/features/listening/lesson_flow_golden_test.dart: V4 completion opens an authored voice challenge
00:20 +391: D:/Documents/ai-speaking-flutter-app/test/features/listening/lesson_flow_golden_test.dart: V4 completion opens an authored voice challenge
00:20 +392: D:/Documents/ai-speaking-flutter-app/test/features/listening/lesson_flow_golden_test.dart: V4 completion opens an authored voice challenge
00:20 +393: D:/Documents/ai-speaking-flutter-app/test/features/listening/lesson_flow_golden_test.dart: V4 completion opens an authored voice challenge
00:20 +394: D:/Documents/ai-speaking-flutter-app/test/features/listening/lesson_flow_golden_test.dart: V4 completion opens an authored voice challenge
00:20 +395: D:/Documents/ai-speaking-flutter-app/test/features/listening/lesson_flow_golden_test.dart: V4 completion opens an authored voice challenge
══╡ EXCEPTION CAUGHT BY FLUTTER TEST FRAMEWORK ╞════════════════════════════════════════════════════
The following assertion was thrown while running async test code:
Golden "goldens/lesson-v4-challenge-390x844.png": Pixel test failed, 0.56%, 16452px diff detected.
Failure feedback can be found at
/D:/Documents/ai-speaking-flutter-app/test/features/listening/failures

When the exception was thrown, this was the stack:
#0      LocalFileComparator.compare (package:flutter_test/src/_goldens_io.dart:108:5)
<asynchronous suspension>
#1      MatchesGoldenFile.matchAsync.<anonymous closure> (package:flutter_test/src/_matchers_io.dart:124:32)
<asynchronous suspension>
<asynchronous suspension>
#3      _expect.<anonymous closure> (package:matcher/src/expect/expect.dart:153:17)
<asynchronous suspension>
<asynchronous suspension>
#5      expectLater.<anonymous closure> (package:flutter_test/src/widget_tester.dart:508:19)
<asynchronous suspension>
#6      main.<anonymous closure> (file:///D:/Documents/ai-speaking-flutter-app/test/features/listening/lesson_flow_golden_test.dart:393:5)
<asynchronous suspension>
#7      testWidgets.<anonymous closure>.<anonymous closure> (package:flutter_test/src/widget_tester.dart:192:15)
<asynchronous suspension>
#8      TestWidgetsFlutterBinding._runTestBody (package:flutter_test/src/binding.dart:1952:5)
<asynchronous suspension>
<asynchronous suspension>
(elided 3 frames from dart:async and package:stack_trace)

The exception was caught asynchronously.
════════════════════════════════════════════════════════════════════════════════════════════════════
00:20 +395 -1: D:/Documents/ai-speaking-flutter-app/test/features/listening/topic_listening_screen_test.dart: dark theme keeps the listening journey text readable
00:20 +395 -1: D:/Documents/ai-speaking-flutter-app/test/features/listening/lesson_flow_golden_test.dart: V4 completion opens an authored voice challenge [E]
  Test failed. See exception logs above.
  The test description was: V4 completion opens an authored voice challenge
  
00:20 +395 -1: D:/Documents/ai-speaking-flutter-app/test/features/listening/topic_listening_screen_test.dart: dark theme keeps the listening journey text readable
00:20 +396 -1: D:/Documents/ai-speaking-flutter-app/test/features/listening/topic_listening_screen_test.dart: dark theme keeps the listening journey text readable
00:20 +397 -1: D:/Documents/ai-speaking-flutter-app/test/features/listening/lesson_practice_navigation_test.dart: V4 marks the lesson complete only after its authored challenge finishes
00:20 +398 -1: D:/Documents/ai-speaking-flutter-app/test/features/listening/lesson_practice_navigation_test.dart: V4 marks the lesson complete only after its authored challenge finishes
00:20 +399 -1: D:/Documents/ai-speaking-flutter-app/test/features/listening/lesson_practice_navigation_test.dart: V4 marks the lesson complete only after its authored challenge finishes
00:20 +400 -1: D:/Documents/ai-speaking-flutter-app/test/features/listening/lesson_practice_navigation_test.dart: V4 marks the lesson complete only after its authored challenge finishes
00:20 +401 -1: D:/Documents/ai-speaking-flutter-app/test/features/listening/lesson_guided_flow_test.dart: V2 hears restart choice and starts sentence one again
00:20 +402 -1: D:/Documents/ai-speaking-flutter-app/test/features/listening/lesson_guided_flow_test.dart: V2 hears restart choice and starts sentence one again
00:20 +403 -1: D:/Documents/ai-speaking-flutter-app/test/features/listening/lesson_guided_flow_test.dart: V2 hears restart choice and starts sentence one again
00:20 +404 -1: D:/Documents/ai-speaking-flutter-app/test/features/listening/song_karaoke_screen_test.dart: ages three to five keep the existing song flow
00:20 +405 -1: D:/Documents/ai-speaking-flutter-app/test/features/listening/lesson_flow_golden_test.dart: dark theme keeps lesson intro and review text readable
00:21 +406 -1: D:/Documents/ai-speaking-flutter-app/test/features/listening/topic_listening_screen_test.dart: topic navigation exposes the shared MAIN action
00:21 +407 -1: D:/Documents/ai-speaking-flutter-app/test/features/listening/topic_listening_screen_test.dart: topic navigation exposes the shared MAIN action
00:21 +408 -1: D:/Documents/ai-speaking-flutter-app/test/features/listening/topic_listening_screen_test.dart: topic navigation exposes the shared MAIN action
00:21 +409 -1: D:/Documents/ai-speaking-flutter-app/test/features/listening/lesson_guided_flow_test.dart: V2 hears next lesson choice and opens lesson two
00:21 +410 -1: D:/Documents/ai-speaking-flutter-app/test/features/listening/lesson_guided_flow_test.dart: V2 hears next lesson choice and opens lesson two
00:21 +411 -1: D:/Documents/ai-speaking-flutter-app/test/features/listening/lesson_practice_navigation_test.dart: V4 resumes an interrupted song from its beginning
00:21 +412 -1: D:/Documents/ai-speaking-flutter-app/test/features/listening/topic_listening_screen_test.dart: parent can change the global V4 age group from the topic screen
00:22 +413 -1: D:/Documents/ai-speaking-flutter-app/test/features/listening/topic_listening_screen_test.dart: parent can change the global V4 age group from the topic screen
00:22 +414 -1: D:/Documents/ai-speaking-flutter-app/test/features/listening/topic_listening_screen_test.dart: parent can change the global V4 age group from the topic screen
00:22 +415 -1: D:/Documents/ai-speaking-flutter-app/test/features/listening/topic_listening_screen_test.dart: parent can change the global V4 age group from the topic screen
00:22 +416 -1: D:/Documents/ai-speaking-flutter-app/test/features/listening/topic_listening_screen_test.dart: parent can change the global V4 age group from the topic screen
00:22 +417 -1: D:/Documents/ai-speaking-flutter-app/test/features/listening/topic_listening_screen_test.dart: parent can change the global V4 age group from the topic screen
00:22 +418 -1: D:/Documents/ai-speaking-flutter-app/test/features/listening/topic_listening_screen_test.dart: parent can change the global V4 age group from the topic screen
00:22 +419 -1: D:/Documents/ai-speaking-flutter-app/test/features/listening/topic_listening_screen_test.dart: parent can change the global V4 age group from the topic screen
00:22 +420 -1: D:/Documents/ai-speaking-flutter-app/test/features/listening/v4_song_stage_screen_test.dart: announces SONG_START_CUE, shows the title, and can skip
00:22 +421 -1: D:/Documents/ai-speaking-flutter-app/test/features/listening/v4_song_stage_screen_test.dart: announces SONG_START_CUE, shows the title, and can skip
00:22 +422 -1: D:/Documents/ai-speaking-flutter-app/test/features/listening/v4_song_stage_screen_test.dart: announces SONG_START_CUE, shows the title, and can skip
00:23 +423 -1: D:/Documents/ai-speaking-flutter-app/test/features/listening/topic_listening_screen_test.dart: opens the V4 listen-first lesson journey from a selected topic
00:23 +424 -1: D:/Documents/ai-speaking-flutter-app/test/features/listening/topic_listening_screen_test.dart: opens the V4 listen-first lesson journey from a selected topic
00:23 +425 -1: D:/Documents/ai-speaking-flutter-app/test/features/listening/topic_listening_screen_test.dart: opens the V4 listen-first lesson journey from a selected topic
00:23 +426 -1: D:/Documents/ai-speaking-flutter-app/test/features/listening/topic_listening_screen_test.dart: opens the V4 listen-first lesson journey from a selected topic
00:23 +427 -1: D:/Documents/ai-speaking-flutter-app/test/features/listening/lesson_guided_flow_test.dart: successful recording shows non-blocking fireworks and four actions
00:24 +428 -1: D:/Documents/ai-speaking-flutter-app/test/features/listening/topic_listening_screen_test.dart: reports completed V4 topics again after replaying one
00:24 +429 -1: D:/Documents/ai-speaking-flutter-app/test/features/listening/topic_listening_screen_test.dart: reports completed V4 topics again after replaying one
00:24 +430 -1: D:/Documents/ai-speaking-flutter-app/test/features/home/home_learning_shell_test.dart: opens vocabulary, returns to communication, and opens topics
00:24 +431 -1: D:/Documents/ai-speaking-flutter-app/test/features/home/home_learning_shell_test.dart: opens vocabulary, returns to communication, and opens topics
00:25 +432 -1: D:/Documents/ai-speaking-flutter-app/test/features/home/home_learning_shell_test.dart: opens vocabulary, returns to communication, and opens topics
00:25 +433 -1: D:/Documents/ai-speaking-flutter-app/test/features/home/home_learning_shell_test.dart: opens vocabulary, returns to communication, and opens topics
00:25 +434 -1: D:/Documents/ai-speaking-flutter-app/test/features/home/home_learning_shell_test.dart: opens vocabulary, returns to communication, and opens topics
00:25 +435 -1: D:/Documents/ai-speaking-flutter-app/test/features/home/home_learning_shell_test.dart: opens vocabulary, returns to communication, and opens topics
00:26 +435 -1: D:/Documents/ai-speaking-flutter-app/test/features/listening/lesson_guided_flow_test.dart: last learned lesson returns to the selected listening topic
Pending timers:
Timer (duration: 0:00:02.000000, periodic: false), created:
#0      new FakeTimer._ (package:fake_async/fake_async.dart:342:62)
#1      FakeAsync._createTimer (package:fake_async/fake_async.dart:260:29)
#2      FakeAsync.run.<anonymous closure> (package:fake_async/fake_async.dart:185:15)
#6      _LessonPracticeScreenState._boundedMainPauseCleanup (package:ai_speaking_flutter_app/features/listening/presentation/lesson_practice_screen.dart:507:23)
#7      _LessonPracticeScreenState.pauseForMainAssistant (package:ai_speaking_flutter_app/features/listening/presentation/lesson_practice_screen.dart:500:11)
#8      _LessonPracticeScreenState._commitNavigationExit (package:ai_speaking_flutter_app/features/listening/presentation/lesson_practice_screen.dart:2027:15)
#9      _LessonPracticeScreenState.build.<anonymous closure> (package:ai_speaking_flutter_app/features/listening/presentation/lesson_practice_screen.dart:665:23)
#10     PopScope._callPopInvoked (package:flutter/src/widgets/pop_scope.dart:146:30)
#11     _PopScopeState.onPopInvokedWithResult (package:flutter/src/widgets/pop_scope.dart:181:12)
#12     ModalRoute.onPopInvokedWithResult (package:flutter/src/widgets/routes.dart:2047:16)
#13     _RouteEntry.handlePop (package:flutter/src/widgets/navigator.dart:3342:11)
#14     NavigatorState._flushHistoryUpdates (package:flutter/src/widgets/navigator.dart:4486:22)
#15     NavigatorState.pop (package:flutter/src/widgets/navigator.dart:5627:7)
#16     NavigatorState.popUntil (package:flutter/src/widgets/navigator.dart:5657:7)
#17     _LessonPracticeScreenState._returnToListening (package:ai_speaking_flutter_app/features/listening/presentation/lesson_practice_screen.dart:3301:27)
#18     _LessonPracticeScreenState._openReview (package:ai_speaking_flutter_app/features/listening/presentation/lesson_practice_screen.dart:2182:9)
<asynchronous suspension>
#19     _LessonPracticeScreenState._advanceToNext (package:ai_speaking_flutter_app/features/listening/presentation/lesson_practice_screen.dart:1933:7)
<asynchronous suspension>
(elided 3 frames from dart:async)

══╡ EXCEPTION CAUGHT BY FLUTTER TEST FRAMEWORK ╞════════════════════════════════════════════════════
The following assertion was thrown running a test:
A Timer is still pending even after the widget tree was disposed.
'package:flutter_test/src/binding.dart':
Failed assertion: line 2542 pos 12: '!timersPending'

When the exception was thrown, this was the stack:
#2      AutomatedTestWidgetsFlutterBinding._verifyInvariants (package:flutter_test/src/binding.dart:2542:12)
#3      TestWidgetsFlutterBinding._runTestBody (package:flutter_test/src/binding.dart:1973:7)
<asynchronous suspension>
<asynchronous suspension>
(elided 3 frames from class _AssertionError and package:stack_trace)

The test description was:
  last learned lesson returns to the selected listening topic
════════════════════════════════════════════════════════════════════════════════════════════════════
00:26 +435 -2: D:/Documents/ai-speaking-flutter-app/test/features/home/home_learning_shell_test.dart: opens vocabulary, returns to communication, and opens topics
00:26 +435 -2: D:/Documents/ai-speaking-flutter-app/test/features/listening/lesson_guided_flow_test.dart: last learned lesson returns to the selected listening topic [E]
  Test failed. See exception logs above.
  The test description was: last learned lesson returns to the selected listening topic
  
00:26 +436 -2: D:/Documents/ai-speaking-flutter-app/test/features/home/home_learning_shell_test.dart: opens vocabulary, returns to communication, and opens topics
00:26 +437 -2: D:/Documents/ai-speaking-flutter-app/test/features/home/home_learning_shell_test.dart: opens vocabulary, returns to communication, and opens topics
00:26 +437 -2: D:/Documents/ai-speaking-flutter-app/test/features/listening/lesson_guided_flow_test.dart: listening action pops the topic detail to the age catalog
Pending timers:
Timer (duration: 0:00:02.000000, periodic: false), created:
#0      new FakeTimer._ (package:fake_async/fake_async.dart:342:62)
#1      FakeAsync._createTimer (package:fake_async/fake_async.dart:260:29)
#2      FakeAsync.run.<anonymous closure> (package:fake_async/fake_async.dart:185:15)
#6      _LessonPracticeScreenState._boundedMainPauseCleanup (package:ai_speaking_flutter_app/features/listening/presentation/lesson_practice_screen.dart:507:23)
#7      _LessonPracticeScreenState.pauseForMainAssistant (package:ai_speaking_flutter_app/features/listening/presentation/lesson_practice_screen.dart:500:11)
#8      _LessonPracticeScreenState._commitNavigationExit (package:ai_speaking_flutter_app/features/listening/presentation/lesson_practice_screen.dart:2027:15)
#9      _LessonPracticeScreenState.build.<anonymous closure> (package:ai_speaking_flutter_app/features/listening/presentation/lesson_practice_screen.dart:665:23)
#10     PopScope._callPopInvoked (package:flutter/src/widgets/pop_scope.dart:146:30)
#11     _PopScopeState.onPopInvokedWithResult (package:flutter/src/widgets/pop_scope.dart:181:12)
#12     ModalRoute.onPopInvokedWithResult (package:flutter/src/widgets/routes.dart:2047:16)
#13     _RouteEntry.handlePop (package:flutter/src/widgets/navigator.dart:3342:11)
#14     NavigatorState._flushHistoryUpdates (package:flutter/src/widgets/navigator.dart:4486:22)
#15     NavigatorState.pop (package:flutter/src/widgets/navigator.dart:5627:7)
#16     NavigatorState.popUntil (package:flutter/src/widgets/navigator.dart:5657:7)
#17     _LessonPracticeScreenState._returnToListening (package:ai_speaking_flutter_app/features/listening/presentation/lesson_practice_screen.dart:3301:27)
#18     _LessonPracticeScreenState._openReview (package:ai_speaking_flutter_app/features/listening/presentation/lesson_practice_screen.dart:2182:9)
<asynchronous suspension>
#19     _LessonPracticeScreenState._advanceToNext (package:ai_speaking_flutter_app/features/listening/presentation/lesson_practice_screen.dart:1933:7)
<asynchronous suspension>
(elided 3 frames from dart:async)

══╡ EXCEPTION CAUGHT BY FLUTTER TEST FRAMEWORK ╞════════════════════════════════════════════════════
The following assertion was thrown running a test:
A Timer is still pending even after the widget tree was disposed.
'package:flutter_test/src/binding.dart':
Failed assertion: line 2542 pos 12: '!timersPending'

When the exception was thrown, this was the stack:
#2      AutomatedTestWidgetsFlutterBinding._verifyInvariants (package:flutter_test/src/binding.dart:2542:12)
#3      TestWidgetsFlutterBinding._runTestBody (package:flutter_test/src/binding.dart:1973:7)
<asynchronous suspension>
<asynchronous suspension>
(elided 3 frames from class _AssertionError and package:stack_trace)

The test description was:
  listening action pops the topic detail to the age catalog
════════════════════════════════════════════════════════════════════════════════════════════════════
00:26 +437 -3: D:/Documents/ai-speaking-flutter-app/test/features/home/home_learning_shell_test.dart: opens vocabulary, returns to communication, and opens topics
00:26 +437 -3: D:/Documents/ai-speaking-flutter-app/test/features/listening/lesson_guided_flow_test.dart: listening action pops the topic detail to the age catalog [E]
  Test failed. See exception logs above.
  The test description was: listening action pops the topic detail to the age catalog
  
00:26 +438 -3: D:/Documents/ai-speaking-flutter-app/test/features/home/home_learning_shell_test.dart: opens vocabulary, returns to communication, and opens topics
00:26 +439 -3: D:/Documents/ai-speaking-flutter-app/test/features/home/home_learning_shell_test.dart: opens vocabulary, returns to communication, and opens topics
00:26 +440 -3: D:/Documents/ai-speaking-flutter-app/test/features/home/home_learning_shell_test.dart: opens vocabulary, returns to communication, and opens topics
00:26 +441 -3: D:/Documents/ai-speaking-flutter-app/test/features/home/home_learning_shell_test.dart: opens vocabulary, returns to communication, and opens topics
00:26 +442 -3: D:/Documents/ai-speaking-flutter-app/test/features/home/home_learning_shell_test.dart: opens vocabulary, returns to communication, and opens topics
00:26 +443 -3: D:/Documents/ai-speaking-flutter-app/test/features/listening/lesson_guided_flow_test.dart: review only auto-plays after the toggle is activated
00:26 +444 -3: D:/Documents/ai-speaking-flutter-app/test/features/listening/topic_listening_screen_test.dart: keeps core controls available at large text scale
00:27 +445 -3: D:/Documents/ai-speaking-flutter-app/test/features/listening/topic_listening_screen_test.dart: keeps core controls available at large text scale
00:27 +446 -3: D:/Documents/ai-speaking-flutter-app/test/features/listening/lesson_guided_flow_test.dart: learned review highlights recorded and unrecorded sentences
00:27 +447 -3: D:/Documents/ai-speaking-flutter-app/test/features/home/home_learning_shell_test.dart: Android opens settings directly when no gate is injected
00:27 +448 -3: D:/Documents/ai-speaking-flutter-app/test/features/home/home_learning_shell_test.dart: Android opens settings directly when no gate is injected
00:27 +449 -3: D:/Documents/ai-speaking-flutter-app/test/features/home/home_learning_shell_test.dart: Android opens settings directly when no gate is injected
00:27 +450 -3: D:/Documents/ai-speaking-flutter-app/test/features/home/home_learning_shell_test.dart: Android opens settings directly when no gate is injected
00:27 +451 -3: D:/Documents/ai-speaking-flutter-app/test/features/listening/lesson_guided_flow_test.dart: MAIN stops intro audio and prevents automatic navigation
00:27 +452 -3: D:/Documents/ai-speaking-flutter-app/test/features/home/home_learning_shell_test.dart: Android opens recent history without device authentication
00:28 +452 -3: D:/Documents/ai-speaking-flutter-app/test/features/listening/lesson_guided_flow_test.dart: lesson intro does not auto advance when playback fails
Lesson intro playback failed for guided-flow (https://example.test/broken-intro.mp3): Bad state: Playback failed.
#0      _FailingIntroMediaService.playToCompletion (file:///D:/Documents/ai-speaking-flutter-app/test/features/listening/lesson_guided_flow_test.dart:2504:5)
#1      _LessonIntroScreenState._beginIntro (package:ai_speaking_flutter_app/features/listening/presentation/lesson_intro_screen.dart:165:35)
#2      _LessonIntroScreenState.initState.<anonymous closure> (package:ai_speaking_flutter_app/features/listening/presentation/lesson_intro_screen.dart:102:57)
#3      SchedulerBinding._invokeFrameCallback (package:flutter/src/scheduler/binding.dart:1430:15)
#4      SchedulerBinding.handleDrawFrame (package:flutter/src/scheduler/binding.dart:1357:11)
#5      AutomatedTestWidgetsFlutterBinding.pump.<anonymous closure> (package:flutter_test/src/binding.dart:2260:9)
#8      TestAsyncUtils.guard (package:flutter_test/src/test_async_utils.dart:74:41)
#9      AutomatedTestWidgetsFlutterBinding.pump (package:flutter_test/src/binding.dart:2249:27)
#10     WidgetTester.pumpWidget.<anonymous closure> (package:flutter_test/src/widget_tester.dart:598:22)
#13     TestAsyncUtils.guard (package:flutter_test/src/test_async_utils.dart:74:41)
#14     WidgetTester.pumpWidget (package:flutter_test/src/widget_tester.dart:595:27)
#15     main.<anonymous closure> (file:///D:/Documents/ai-speaking-flutter-app/test/features/listening/lesson_guided_flow_test.dart:1923:18)
<asynchronous suspension>
#16     testWidgets.<anonymous closure>.<anonymous closure> (package:flutter_test/src/widget_tester.dart:192:15)
<asynchronous suspension>
#17     TestWidgetsFlutterBinding._runTestBody (package:flutter_test/src/binding.dart:1952:5)
<asynchronous suspension>
<asynchronous suspension>
(elided 5 frames from dart:async and package:stack_trace)
00:28 +453 -3: D:/Documents/ai-speaking-flutter-app/test/features/home/home_learning_shell_test.dart: Android opens recent history without device authentication
00:28 +454 -3: D:/Documents/ai-speaking-flutter-app/test/features/home/home_learning_shell_test.dart: Android opens recent history without device authentication
00:28 +455 -3: D:/Documents/ai-speaking-flutter-app/test/features/home/home_learning_shell_test.dart: Android changes the listening age group without device authentication
00:28 +456 -3: D:/Documents/ai-speaking-flutter-app/test/features/home/home_learning_shell_test.dart: reports settings modal visibility until the sheet closes
